Component: Arm Compiler for Embedded 6.19 Tool: armlink [5e73cb00]

==============================================================================

Section Cross References

    main.o(.ARM.exidx.text.LED_Set) refers to main.o(.text.LED_Set) for [Anonymous Symbol]
    main.o(.ARM.exidx.text.LED_AllOff) refers to main.o(.text.LED_AllOff) for [Anonymous Symbol]
    main.o(.ARM.exidx.text.Delay_ms) refers to main.o(.text.Delay_ms) for [Anonymous Symbol]
    main.o(.text.GateState_Set) refers to tasks.o(.bss.xGateStateMutex) for xGateStateMutex
    main.o(.text.GateState_Set) refers to queue.o(.text.xQueueSemaphoreTake) for xQueueSemaphoreTake
    main.o(.text.GateState_Set) refers to tasks.o(.bss.gateState) for gateState
    main.o(.text.GateState_Set) refers to queue.o(.text.xQueueGenericSend) for xQueueGenericSend
    main.o(.ARM.exidx.text.GateState_Set) refers to main.o(.text.GateState_Set) for [Anonymous Symbol]
    main.o(.text.GateState_Get) refers to tasks.o(.bss.xGateStateMutex) for xGateStateMutex
    main.o(.text.GateState_Get) refers to queue.o(.text.xQueueSemaphoreTake) for xQueueSemaphoreTake
    main.o(.text.GateState_Get) refers to tasks.o(.bss.gateState) for gateState
    main.o(.text.GateState_Get) refers to queue.o(.text.xQueueGenericSend) for xQueueGenericSend
    main.o(.ARM.exidx.text.GateState_Get) refers to main.o(.text.GateState_Get) for [Anonymous Symbol]
    main.o(.text.GateState_CompareAndSet) refers to tasks.o(.bss.xGateStateMutex) for xGateStateMutex
    main.o(.text.GateState_CompareAndSet) refers to queue.o(.text.xQueueSemaphoreTake) for xQueueSemaphoreTake
    main.o(.text.GateState_CompareAndSet) refers to tasks.o(.bss.gateState) for gateState
    main.o(.text.GateState_CompareAndSet) refers to queue.o(.text.xQueueGenericSend) for xQueueGenericSend
    main.o(.ARM.exidx.text.GateState_CompareAndSet) refers to main.o(.text.GateState_CompareAndSet) for [Anonymous Symbol]
    main.o(.text.Interrupt_Init) refers to main.o(.text.ISR_ConfigPort) for ISR_ConfigPort
    main.o(.ARM.exidx.text.Interrupt_Init) refers to main.o(.text.Interrupt_Init) for [Anonymous Symbol]
    main.o(.ARM.exidx.text.ISR_ConfigPort) refers to main.o(.text.ISR_ConfigPort) for [Anonymous Symbol]
    main.o(.text.GPIOF_Handler) refers to tasks.o(.bss.xButtonQueue) for xButtonQueue
    main.o(.text.GPIOF_Handler) refers to tasks.o(.bss.xObstacleSem) for xObstacleSem
    main.o(.text.GPIOF_Handler) refers to queue.o(.text.xQueueGiveFromISR) for xQueueGiveFromISR
    main.o(.ARM.exidx.text.GPIOF_Handler) refers to main.o(.text.GPIOF_Handler) for [Anonymous Symbol]
    main.o(.text.GPIOB_Handler) refers to tasks.o(.bss.xButtonQueue) for xButtonQueue
    main.o(.text.GPIOB_Handler) refers to main.o(.text.QueueEventFromISR) for QueueEventFromISR
    main.o(.ARM.exidx.text.GPIOB_Handler) refers to main.o(.text.GPIOB_Handler) for [Anonymous Symbol]
    main.o(.text.QueueEventFromISR) refers to tasks.o(.bss.xButtonQueue) for xButtonQueue
    main.o(.text.QueueEventFromISR) refers to queue.o(.text.xQueueGenericSendFromISR) for xQueueGenericSendFromISR
    main.o(.ARM.exidx.text.QueueEventFromISR) refers to main.o(.text.QueueEventFromISR) for [Anonymous Symbol]
    main.o(.text.GPIOD_Handler) refers to tasks.o(.bss.xButtonQueue) for xButtonQueue
    main.o(.text.GPIOD_Handler) refers to main.o(.text.QueueEventFromISR) for QueueEventFromISR
    main.o(.ARM.exidx.text.GPIOD_Handler) refers to main.o(.text.GPIOD_Handler) for [Anonymous Symbol]
    main.o(.text.GPIOE_Handler) refers to tasks.o(.bss.xButtonQueue) for xButtonQueue
    main.o(.text.GPIOE_Handler) refers to tasks.o(.bss.xOpenLimitSem) for xOpenLimitSem
    main.o(.text.GPIOE_Handler) refers to queue.o(.text.xQueueGiveFromISR) for xQueueGiveFromISR
    main.o(.text.GPIOE_Handler) refers to tasks.o(.bss.xClosedLimitSem) for xClosedLimitSem
    main.o(.ARM.exidx.text.GPIOE_Handler) refers to main.o(.text.GPIOE_Handler) for [Anonymous Symbol]
    main.o(.text.main) refers to main.o(.rodata.str1.1) for .L.str
    main.o(.text.main) refers to basic_io.o(.text.vPrintString) for vPrintString
    main.o(.text.main) refers to main.o(.text.GPIO_Init) for GPIO_Init
    main.o(.text.main) refers to queue.o(.text.xQueueGenericCreate) for xQueueGenericCreate
    main.o(.text.main) refers to tasks.o(.bss.xButtonQueue) for xButtonQueue
    main.o(.text.main) refers to tasks.o(.bss.xOpenLimitSem) for xOpenLimitSem
    main.o(.text.main) refers to tasks.o(.bss.xClosedLimitSem) for xClosedLimitSem
    main.o(.text.main) refers to tasks.o(.bss.xObstacleSem) for xObstacleSem
    main.o(.text.main) refers to queue.o(.text.xQueueCreateMutex) for xQueueCreateMutex
    main.o(.text.main) refers to tasks.o(.bss.xGateStateMutex) for xGateStateMutex
    main.o(.text.main) refers to main.o(.text.Interrupt_Init) for Interrupt_Init
    main.o(.text.main) refers to tasks.o(.text.vInputTask) for vInputTask
    main.o(.text.main) refers to tasks_1.o(.text.xTaskCreate) for xTaskCreate
[...]
    [Anonymous Symbol]                       0x200012c8   Section        0  tasks_1.o(.bss.uxTopReadyPriority)
    vApplicationGetIdleTaskMemory.uxIdleTaskStack 0x200012cc   Data         512  tasks_1.o(.bss.vApplicationGetIdleTaskMemory.uxIdleTaskStack)
    [Anonymous Symbol]                       0x200012cc   Section        0  tasks_1.o(.bss.vApplicationGetIdleTaskMemory.uxIdleTaskStack)
    vApplicationGetIdleTaskMemory.xIdleTaskTCB 0x200014d0   Data          96  tasks_1.o(.bss.vApplicationGetIdleTaskMemory.xIdleTaskTCB)
    [Anonymous Symbol]                       0x200014d0   Section        0  tasks_1.o(.bss.vApplicationGetIdleTaskMemory.xIdleTaskTCB)
    vApplicationGetTimerTaskMemory.uxTimerTaskStack 0x20001530   Data         512  tasks_1.o(.bss.vApplicationGetTimerTaskMemory.uxTimerTaskStack)
    [Anonymous Symbol]                       0x20001530   Section        0  tasks_1.o(.bss.vApplicationGetTimerTaskMemory.uxTimerTaskStack)
    vApplicationGetTimerTaskMemory.xTimerTaskTCB 0x20001730   Data          96  tasks_1.o(.bss.vApplicationGetTimerTaskMemory.xTimerTaskTCB)
    [Anonymous Symbol]                       0x20001730   Section        0  tasks_1.o(.bss.vApplicationGetTimerTaskMemory.xTimerTaskTCB)
    xActiveTimerList1                        0x20001790   Data          24  timers.o(.bss.xActiveTimerList1)
    [Anonymous Symbol]                       0x20001790   Section        0  timers.o(.bss.xActiveTimerList1)
    xActiveTimerList2                        0x200017a8   Data          24  timers.o(.bss.xActiveTimerList2)
    [Anonymous Symbol]                       0x200017a8   Section        0  timers.o(.bss.xActiveTimerList2)
    xDelayedTaskList1                        0x200017c8   Data          24  tasks_1.o(.bss.xDelayedTaskList1)
    [Anonymous Symbol]                       0x200017c8   Section        0  tasks_1.o(.bss.xDelayedTaskList1)
    xDelayedTaskList2                        0x200017e0   Data          24  tasks_1.o(.bss.xDelayedTaskList2)
    [Anonymous Symbol]                       0x200017e0   Section        0  tasks_1.o(.bss.xDelayedTaskList2)
    xFreeBytesRemaining                      0x200017f8   Data           4  heap_4.o(.bss.xFreeBytesRemaining)
    [Anonymous Symbol]                       0x200017f8   Section        0  heap_4.o(.bss.xFreeBytesRemaining)
    xGateEventQueue                          0x200017fc   Data           4  tasks.o(.bss.xGateEventQueue)
    [Anonymous Symbol]                       0x200017fc   Section        0  tasks.o(.bss.xGateEventQueue)
    xIdleTaskHandles                         0x20001804   Data           4  tasks_1.o(.bss.xIdleTaskHandles)
    [Anonymous Symbol]                       0x20001804   Section        0  tasks_1.o(.bss.xIdleTaskHandles)
    xMinimumEverFreeBytesRemaining           0x20001808   Data           4  heap_4.o(.bss.xMinimumEverFreeBytesRemaining)
    [Anonymous Symbol]                       0x20001808   Section        0  heap_4.o(.bss.xMinimumEverFreeBytesRemaining)
    xNextTaskUnblockTime                     0x20001810   Data           8  tasks_1.o(.bss.xNextTaskUnblockTime)
    [Anonymous Symbol]                       0x20001810   Section        0  tasks_1.o(.bss.xNextTaskUnblockTime)
    xNumOfOverflows                          0x20001818   Data           4  tasks_1.o(.bss.xNumOfOverflows)
    [Anonymous Symbol]                       0x20001818   Section        0  tasks_1.o(.bss.xNumOfOverflows)
    xNumberOfSuccessfulAllocations           0x2000181c   Data           4  heap_4.o(.bss.xNumberOfSuccessfulAllocations)
    [Anonymous Symbol]                       0x2000181c   Section        0  heap_4.o(.bss.xNumberOfSuccessfulAllocations)
    xNumberOfSuccessfulFrees                 0x20001820   Data           4  heap_4.o(.bss.xNumberOfSuccessfulFrees)
    [Anonymous Symbol]                       0x20001820   Section        0  heap_4.o(.bss.xNumberOfSuccessfulFrees)
    xPendedTicks                             0x20001830   Data           8  tasks_1.o(.bss.xPendedTicks)
    [Anonymous Symbol]                       0x20001830   Section        0  tasks_1.o(.bss.xPendedTicks)
    xPendingReadyList                        0x20001838   Data          24  tasks_1.o(.bss.xPendingReadyList)
    [Anonymous Symbol]                       0x20001838   Section        0  tasks_1.o(.bss.xPendingReadyList)
    xSchedulerRunning                        0x20001850   Data           4  tasks_1.o(.bss.xSchedulerRunning)
    [Anonymous Symbol]                       0x20001850   Section        0  tasks_1.o(.bss.xSchedulerRunning)
    xStart                                   0x20001854   Data           8  heap_4.o(.bss.xStart)
    [Anonymous Symbol]                       0x20001854   Section        0  heap_4.o(.bss.xStart)
    xSuspendedTaskList                       0x20001860   Data          24  tasks_1.o(.bss.xSuspendedTaskList)
    [Anonymous Symbol]                       0x20001860   Section        0  tasks_1.o(.bss.xSuspendedTaskList)
    xTasksWaitingTermination                 0x20001878   Data          24  tasks_1.o(.bss.xTasksWaitingTermination)
    [Anonymous Symbol]                       0x20001878   Section        0  tasks_1.o(.bss.xTasksWaitingTermination)
    xTickCount                               0x20001890   Data           8  tasks_1.o(.bss.xTickCount)
    [Anonymous Symbol]                       0x20001890   Section        0  tasks_1.o(.bss.xTickCount)
    xTimerQueue                              0x20001898   Data           4  timers.o(.bss.xTimerQueue)
    [Anonymous Symbol]                       0x20001898   Section        0  timers.o(.bss.xTimerQueue)
    xTimerTaskHandle                         0x2000189c   Data           4  timers.o(.bss.xTimerTaskHandle)
    [Anonymous Symbol]                       0x2000189c   Section        0  timers.o(.bss.xTimerTaskHandle)
    xYieldPendings                           0x200018a0   Data           4  tasks_1.o(.bss.xYieldPendings)
    [Anonymous Symbol]                       0x200018a0   Section        0  tasks_1.o(.bss.xYieldPendings)
    Heap_Mem                                 0x200018a8   Data           0  startup_tm4c123.o(HEAP)
    Stack_Mem                                0x200018a8   Data         512  startup_tm4c123.o(STACK)
    HEAP                                     0x200018a8   Section        0  startup_tm4c123.o(HEAP)
    STACK                                    0x200018a8   Section      512  startup_tm4c123.o(STACK)
    __initial_sp                             0x20001aa8   Data           0  startup_tm4c123.o(STACK)

    Global Symbols

    Symbol Name                              Value     Ov Type        Size  Object(Section)

    BuildAttributes$$THM_ISAv4$E$P$D$K$B$S$7EM$VFPi3$EXTD16$VFPS$VFMA$PE$A:L22UL41UL21$X:L11$S22US41US21$IEEE1$IW$~IW$USESV6$~STKCKD$USESV7$~SHL$OTIME$ROPI$IEEEJ$EBA8$UX$STANDARDLIB$REQ8$PRES8$EABIv2 0x00000000   Number         0  anon$$obj.o ABSOLUTE
    __Vectors                                0x00000000   Data           4  startup_tm4c123.o(RESET)
    _printf_flags                            0x00000000   Number         0  printf_stubs.o ABSOLUTE
    _printf_return_value                     0x00000000   Number         0  printf_stubs.o ABSOLUTE
    _printf_sizespec                         0x00000000   Number         0  printf_stubs.o ABSOLUTE
    _printf_widthprec                        0x00000000   Number         0  printf_stubs.o ABSOLUTE
    __ARM_exceptions_init                     - Undefined Weak Reference
    __alloca_initialize                       - Undefined Weak Reference
    __arm_preinit_                            - Undefined Weak Reference
    __arm_relocate_pie_                       - Undefined Weak Reference
    __cpp_initialize__aeabi_                  - Undefined Weak Reference
    __cxa_finalize                            - Undefined Weak Reference
    __sigvec_lookup                           - Undefined Weak Reference
    _atexit_init                              - Undefined Weak Reference
    _call_atexit_fns                          - Undefined Weak Reference
    _clock_init                               - Undefined Weak Reference
    _fp_trap_init                             - Undefined Weak Reference
    _fp_trap_shutdown                         - Undefined Weak Reference
    _get_lc_collate                           - Undefined Weak Reference
    _get_lc_monetary                          - Undefined Weak Reference
    _get_lc_time                              - Undefined Weak Reference
    _getenv_init                              - Undefined Weak Reference
    _handle_redirection                       - Undefined Weak Reference
    _init_alloc                               - Undefined Weak Reference
    _init_user_alloc                          - Undefined Weak Reference
    _initio                                   - Undefined Weak Reference
    _printf_mbtowc                            - Undefined Weak Reference
    _printf_wc                                - Undefined Weak Reference
    _rand_init                                - Undefined Weak Reference
    _signal_finish                            - Undefined Weak Reference
    _signal_init                              - Undefined Weak Reference
    _terminate_alloc                          - Undefined Weak Reference
    _terminate_user_alloc                     - Undefined Weak Reference
    _terminateio                              - Undefined Weak Reference
    __Vectors_End                            0x0000026c   Data           0  startup_tm4c123.o(RESET)
    __Vectors_Size                           0x0000026c   Number         0  startup_tm4c123.o ABSOLUTE
    __main                                   0x0000026d   Thumb Code     8  __main.o(!!!main)
    __scatterload                            0x00000275   Thumb Code     0  __scatter.o(!!!scatter)
    __scatterload_rt2                        0x00000275   Thumb Code    44  __scatter.o(!!!scatter)
    __scatterload_rt2_thumb_only             0x00000275   Thumb Code     0  __scatter.o(!!!scatter)
    __scatterload_null                       0x00000283   Thumb Code     0  __scatter.o(!!!scatter)
    __scatterload_copy                       0x000002a9   Thumb Code    26  __scatter_copy.o(!!handler_copy)
    __scatterload_zeroinit                   0x000002c5   Thumb Code    28  __scatter_zi.o(!!handler_zi)
    _printf_n                                0x000002e1   Thumb Code     0  _printf_n.o(.ARM.Collect$$_printf_percent$$00000001)
    _printf_percent                          0x000002e1   Thumb Code     0  _printf_percent.o(.ARM.Collect$$_printf_percent$$00000000)
    _printf_p                                0x000002e7   Thumb Code     0  _printf_p.o(.ARM.Collect$$_printf_percent$$00000002)
    _printf_f                                0x000002ed   Thumb Code     0  _printf_f.o(.ARM.Collect$$_printf_percent$$00000003)
    _printf_e                                0x000002f3   Thumb Code     0  _printf_e.o(.ARM.Collect$$_printf_percent$$00000004)
    _printf_g                                0x000002f9   Thumb Code     0  _printf_g.o(.ARM.Collect$$_printf_percent$$00000005)
    _printf_a                                0x000002ff   Thumb Code     0  _printf_a.o(.ARM.Collect$$_printf_percent$$00000006)
    _printf_ll                               0x00000305   Thumb Code     0  _printf_ll.o(.ARM.Collect$$_printf_percent$$00000007)
    _printf_i                                0x0000030f   Thumb Code     0  _printf_i.o(.ARM.Collect$$_printf_percent$$00000008)
    _printf_d                                0x00000315   Thumb Code     0  _printf_d.o(.ARM.Collect$$_printf_percent$$00000009)
    _printf_u                                0x0000031b   Thumb Code     0  _printf_u.o(.ARM.Collect$$_printf_percent$$0000000A)
    _printf_o                                0x00000321   Thumb Code     0  _printf_o.o(.ARM.Collect$$_printf_percent$$0000000B)
    _printf_x                                0x00000327   Thumb Code     0  _printf_x.o(.ARM.Collect$$_printf_percent$$0000000C)
    _printf_lli                              0x0000032d   Thumb Code     0  _printf_lli.o(.ARM.Collect$$_printf_percent$$0000000D)
    _printf_lld                              0x00000333   Thumb Code     0  _printf_lld.o(.ARM.Collect$$_printf_percent$$0000000E)
    _printf_llu                              0x00000339   Thumb Code     0  _printf_llu.o(.ARM.Collect$$_printf_percent$$0000000F)
    _printf_llo                              0x0000033f   Thumb Code     0  _printf_llo.o(.ARM.Collect$$_printf_percent$$00000010)
    _printf_llx                              0x00000345   Thumb Code     0  _printf_llx.o(.ARM.Collect$$_printf_percent$$00000011)
    _printf_l                                0x0000034b   Thumb Code     0  _printf_l.o(.ARM.Collect$$_printf_percent$$00000012)
    _printf_c                                0x00000355   Thumb Code     0  _printf_c.o(.ARM.Collect$$_printf_percent$$00000013)
    _printf_s                                0x0000035b   Thumb Code     0  _printf_s.o(.ARM.Collect$$_printf_percent$$00000014)
    _printf_lc                               0x00000361   Thumb Code     0  _printf_lc.o(.ARM.Collect$$_printf_percent$$00000015)
    _printf_ls                               0x00000367   Thumb Code     0  _printf_ls.o(.ARM.Collect$$_printf_percent$$00000016)
    _printf_percent_end                      0x0000036d   Thumb Code     0  _printf_percent_end.o(.ARM.Collect$$_printf_percent$$00000017)
    __rt_lib_init                            0x00000371   Thumb Code     0  libinit.o(.ARM.Collect$$libinit$$00000000)
    __rt_lib_init_fp_1                       0x00000373   Thumb Code     0  libinit2.o(.ARM.Collect$$libinit$$00000001)
    __rt_lib_init_heap_1                     0x00000377   Thumb Code     0  libinit2.o(.ARM.Collect$$libinit$$0000000C)
    __rt_lib_init_lc_common                  0x00000377   Thumb Code     0  libinit2.o(.ARM.Collect$$libinit$$00000011)
    __rt_lib_init_preinit_1                  0x00000377   Thumb Code     0  libinit2.o(.ARM.Collect$$libinit$$00000006)
    __rt_lib_init_rand_1                     0x00000377   Thumb Code     0  libinit2.o(.ARM.Collect$$libinit$$00000010)
    __rt_lib_init_relocate_pie_1             0x00000377   Thumb Code     0  libinit2.o(.ARM.Collect$$libinit$$00000004)
    __rt_lib_init_user_alloc_1               0x00000377   Thumb Code     0  libinit2.o(.ARM.Collect$$libinit$$0000000E)
    __rt_lib_init_lc_collate_1               0x0000037d   Thumb Code     0  libinit2.o(.ARM.Collect$$libinit$$00000013)
    __rt_lib_init_lc_ctype_2                 0x0000037d   Thumb Code     0  libinit2.o(.ARM.Collect$$libinit$$00000014)
    __rt_lib_init_lc_ctype_1                 0x00000389   Thumb Code     0  libinit2.o(.ARM.Collect$$libinit$$00000015)
    __rt_lib_init_lc_monetary_1              0x00000389   Thumb Code     0  libinit2.o(.ARM.Collect$$libinit$$00000017)
    __rt_lib_init_lc_numeric_2               0x00000389   Thumb Code     0  libinit2.o(.ARM.Collect$$libinit$$00000018)
    __rt_lib_init_alloca_1                   0x00000393   Thumb Code     0  libinit2.o(.ARM.Collect$$libinit$$00000030)
    __rt_lib_init_argv_1                     0x00000393   Thumb Code     0  libinit2.o(.ARM.Collect$$libinit$$0000002E)
    __rt_lib_init_atexit_1                   0x00000393   Thumb Code     0  libinit2.o(.ARM.Collect$$libinit$$0000001D)
    __rt_lib_init_clock_1                    0x00000393   Thumb Code     0  libinit2.o(.ARM.Collect$$libinit$$00000023)
    __rt_lib_init_cpp_1                      0x00000393   Thumb Code     0  libinit2.o(.ARM.Collect$$libinit$$00000034)
    __rt_lib_init_exceptions_1               0x00000393   Thumb Code     0  libinit2.o(.ARM.Collect$$libinit$$00000032)
    __rt_lib_init_fp_trap_1                  0x00000393   Thumb Code     0  libinit2.o(.ARM.Collect$$libinit$$00000021)
    __rt_lib_init_getenv_1                   0x00000393   Thumb Code     0  libinit2.o(.ARM.Collect$$libinit$$00000025)
    __rt_lib_init_lc_numeric_1               0x00000393   Thumb Code     0  libinit2.o(.ARM.Collect$$libinit$$00000019)
    __rt_lib_init_lc_time_1                  0x00000393   Thumb Code     0  libinit2.o(.ARM.Collect$$libinit$$0000001B)
    __rt_lib_init_return                     0x00000393   Thumb Code     0  libinit2.o(.ARM.Collect$$libinit$$00000035)
    __rt_lib_init_signal_1                   0x00000393   Thumb Code     0  libinit2.o(.ARM.Collect$$libinit$$0000001F)
    __rt_lib_init_stdio_1                    0x00000393   Thumb Code     0  libinit2.o(.ARM.Collect$$libinit$$00000027)
    __rt_lib_shutdown                        0x00000395   Thumb Code     0  libshutdown.o(.ARM.Collect$$libshutdown$$00000000)
    __rt_lib_shutdown_cpp_1                  0x00000397   Thumb Code     0  libshutdown2.o(.ARM.Collect$$libshutdown$$00000002)
    __rt_lib_shutdown_fp_trap_1              0x00000397   Thumb Code     0  libshutdown2.o(.ARM.Collect$$libshutdown$$00000007)
    __rt_lib_shutdown_heap_1                 0x00000397   Thumb Code     0  libshutdown2.o(.ARM.Collect$$libshutdown$$0000000F)
    __rt_lib_shutdown_return                 0x00000397   Thumb Code     0  libshutdown2.o(.ARM.Collect$$libshutdown$$00000010)
    __rt_lib_shutdown_signal_1               0x00000397   Thumb Code     0  libshutdown2.o(.ARM.Collect$$libshutdown$$0000000A)
    __rt_lib_shutdown_stdio_1                0x00000397   Thumb Code     0  libshutdown2.o(.ARM.Collect$$libshutdown$$00000004)
    __rt_lib_shutdown_user_alloc_1           0x00000397   Thumb Code     0  libshutdown2.o(.ARM.Collect$$libshutdown$$0000000C)
    __rt_entry                               0x00000399   Thumb Code     0  __rtentry.o(.ARM.Collect$$rtentry$$00000000)
    __rt_entry_presh_1                       0x00000399   Thumb Code     0  __rtentry2.o(.ARM.Collect$$rtentry$$00000002)
    __rt_entry_sh                            0x00000399   Thumb Code     0  __rtentry4.o(.ARM.Collect$$rtentry$$00000004)
    __rt_entry_li                            0x0000039f   Thumb Code     0  __rtentry2.o(.ARM.Collect$$rtentry$$0000000A)
    __rt_entry_postsh_1                      0x0000039f   Thumb Code     0  __rtentry2.o(.ARM.Collect$$rtentry$$00000009)
    __rt_entry_main                          0x000003a3   Thumb Code     0  __rtentry2.o(.ARM.Collect$$rtentry$$0000000D)
    __rt_entry_postli_1                      0x000003a3   Thumb Code     0  __rtentry2.o(.ARM.Collect$$rtentry$$0000000C)
    __rt_exit                                0x000003ab   Thumb Code     0  rtexit.o(.ARM.Collect$$rtexit$$00000000)
    __rt_exit_ls                             0x000003ad   Thumb Code     0  rtexit2.o(.ARM.Collect$$rtexit$$00000003)
    __rt_exit_prels_1                        0x000003ad   Thumb Code     0  rtexit2.o(.ARM.Collect$$rtexit$$00000002)
    __rt_exit_exit                           0x000003b1   Thumb Code     0  rtexit2.o(.ARM.Collect$$rtexit$$00000004)
    Reset_Handler                            0x000003b9   Thumb Code     8  startup_tm4c123.o(.text)
    NMI_Handler                              0x000003c1   Thumb Code     2  startup_tm4c123.o(.text)
    HardFault_Handler                        0x000003c3   Thumb Code     2  startup_tm4c123.o(.text)
    MemManage_Handler                        0x000003c5   Thumb Code     2  startup_tm4c123.o(.text)
    BusFault_Handler                         0x000003c7   Thumb Code     2  startup_tm4c123.o(.text)
    UsageFault_Handler                       0x000003c9   Thumb Code     2  startup_tm4c123.o(.text)
    SVC_Handler                              0x000003cb   Thumb Code     2  startup_tm4c123.o(.text)
    DebugMon_Handler                         0x000003cd   Thumb Code     2  startup_tm4c123.o(.text)
    PendSV_Handler                           0x000003cf   Thumb Code     2  startup_tm4c123.o(.text)
    SysTick_Handler                          0x000003d1   Thumb Code     2  startup_tm4c123.o(.text)
    GPIOA_Handler                            0x000003d3   Thumb Code     2  startup_tm4c123.o(.text)
    GPIOC_Handler                            0x000003d7   Thumb Code     2  startup_tm4c123.o(.text)
    UART0_Handler                            0x000003dd   Thumb Code     2  startup_tm4c123.o(.text)
    UART1_Handler                            0x000003df   Thumb Code     2  startup_tm4c123.o(.text)
    SSI0_Handler                             0x000003e1   Thumb Code     2  startup_tm4c123.o(.text)
    I2C0_Handler                             0x000003e3   Thumb Code     2  startup_tm4c123.o(.text)
    PMW0_FAULT_Handler                       0x000003e5   Thumb Code     2  startup_tm4c123.o(.text)
    PWM0_0_Handler                           0x000003e7   Thumb Code     2  startup_tm4c123.o(.text)
    PWM0_1_Handler                           0x000003e9   Thumb Code     2  startup_tm4c123.o(.text)
    PWM0_2_Handler                           0x000003eb   Thumb Code     2  startup_tm4c123.o(.text)
    QEI0_Handler                             0x000003ed   Thumb Code     2  startup_tm4c123.o(.text)
    ADC0SS0_Handler                          0x000003ef   Thumb Code     2  startup_tm4c123.o(.text)
    ADC0SS1_Handler                          0x000003f1   Thumb Code     2  startup_tm4c123.o(.text)
    ADC0SS2_Handler                          0x000003f3   Thumb Code     2  startup_tm4c123.o(.text)
    ADC0SS3_Handler                          0x000003f5   Thumb Code     2  startup_tm4c123.o(.text)
    WDT0_Handler                             0x000003f7   Thumb Code     2  startup_tm4c123.o(.text)
    TIMER0A_Handler                          0x000003f9   Thumb Code     2  startup_tm4c123.o(.text)
    TIMER0B_Handler                          0x000003fb   Thumb Code     2  startup_tm4c123.o(.text)
    TIMER1A_Handler                          0x000003fd   Thumb Code     2  startup_tm4c123.o(.text)
    TIMER1B_Handler                          0x000003ff   Thumb Code     2  startup_tm4c123.o(.text)
    TIMER2A_Handler                          0x00000401   Thumb Code     2  startup_tm4c123.o(.text)
    TIMER2B_Handler                          0x00000403   Thumb Code     2  startup_tm4c123.o(.text)
    COMP0_Handler                            0x00000405   Thumb Code     2  startup_tm4c123.o(.text)
    COMP1_Handler                            0x00000407   Thumb Code     2  startup_tm4c123.o(.text)
    COMP2_Handler                            0x00000409   Thumb Code     2  startup_tm4c123.o(.text)
    SYSCTL_Handler                           0x0000040b   Thumb Code     2  startup_tm4c123.o(.text)
    FLASH_Handler                            0x0000040d   Thumb Code     2  startup_tm4c123.o(.text)
    GPIOG_Handler                            0x00000411   Thumb Code     2  startup_tm4c123.o(.text)
    GPIOH_Handler                            0x00000413   Thumb Code     2  startup_tm4c123.o(.text)
    UART2_Handler                            0x00000415   Thumb Code     2  startup_tm4c123.o(.text)
    SSI1_Handler                             0x00000417   Thumb Code     2  startup_tm4c123.o(.text)
    TIMER3A_Handler                          0x00000419   Thumb Code     2  startup_tm4c123.o(.text)
    TIMER3B_Handler                          0x0000041b   Thumb Code     2  startup_tm4c123.o(.text)
    I2C1_Handler                             0x0000041d   Thumb Code     2  startup_tm4c123.o(.text)
    QEI1_Handler                             0x0000041f   Thumb Code     2  startup_tm4c123.o(.text)
    CAN0_Handler                             0x00000421   Thumb Code     2  startup_tm4c123.o(.text)
    CAN1_Handler                             0x00000423   Thumb Code     2  startup_tm4c123.o(.text)
    CAN2_Handler                             0x00000425   Thumb Code     2  startup_tm4c123.o(.text)
    HIB_Handler                              0x00000427   Thumb Code     2  startup_tm4c123.o(.text)
    USB0_Handler                             0x00000429   Thumb Code     2  startup_tm4c123.o(.text)
    PWM0_3_Handler                           0x0000042b   Thumb Code     2  startup_tm4c123.o(.text)
    UDMA_Handler                             0x0000042d   Thumb Code     2  startup_tm4c123.o(.text)
    UDMAERR_Handler                          0x0000042f   Thumb Code     2  startup_tm4c123.o(.text)
    ADC1SS0_Handler                          0x00000431   Thumb Code     2  startup_tm4c123.o(.text)
    ADC1SS1_Handler                          0x00000433   Thumb Code     2  startup_tm4c123.o(.text)
    ADC1SS2_Handler                          0x00000435   Thumb Code     2  startup_tm4c123.o(.text)
    ADC1SS3_Handler                          0x00000437   Thumb Code     2  startup_tm4c123.o(.text)
    GPIOJ_Handler                            0x00000439   Thumb Code     2  startup_tm4c123.o(.text)
    GPIOK_Handler                            0x0000043b   Thumb Code     2  startup_tm4c123.o(.text)
    GPIOL_Handler                            0x0000043d   Thumb Code     2  startup_tm4c123.o(.text)
    SSI2_Handler                             0x0000043f   Thumb Code     2  startup_tm4c123.o(.text)
    SSI3_Handler                             0x00000441   Thumb Code     2  startup_tm4c123.o(.text)
    UART3_Handler                            0x00000443   Thumb Code     2  startup_tm4c123.o(.text)
    UART4_Handler                            0x00000445   Thumb Code     2  startup_tm4c123.o(.text)
    UART5_Handler                            0x00000447   Thumb Code     2  startup_tm4c123.o(.text)
    UART6_Handler                            0x00000449   Thumb Code     2  startup_tm4c123.o(.text)
    UART7_Handler                            0x0000044b   Thumb Code     2  startup_tm4c123.o(.text)
    I2C2_Handler                             0x0000044d   Thumb Code     2  startup_tm4c123.o(.text)
    I2C3_Handler                             0x0000044f   Thumb Code     2  startup_tm4c123.o(.text)
    TIMER4A_Handler                          0x00000451   Thumb Code     2  startup_tm4c123.o(.text)
    TIMER4B_Handler                          0x00000453   Thumb Code     2  startup_tm4c123.o(.text)
    TIMER5A_Handler                          0x00000455   Thumb Code     2  startup_tm4c123.o(.text)
    TIMER5B_Handler                          0x00000457   Thumb Code     2  startup_tm4c123.o(.text)
    WTIMER0A_Handler                         0x00000459   Thumb Code     2  startup_tm4c123.o(.text)
    WTIMER0B_Handler                         0x0000045b   Thumb Code     2  startup_tm4c123.o(.text)
    WTIMER1A_Handler                         0x0000045d   Thumb Code     2  startup_tm4c123.o(.text)
    WTIMER1B_Handler                         0x0000045f   Thumb Code     2  startup_tm4c123.o(.text)
    WTIMER2A_Handler                         0x00000461   Thumb Code     2  startup_tm4c123.o(.text)
    WTIMER2B_Handler                         0x00000463   Thumb Code     2  startup_tm4c123.o(.text)
    WTIMER3A_Handler                         0x00000465   Thumb Code     2  startup_tm4c123.o(.text)
    WTIMER3B_Handler                         0x00000467   Thumb Code     2  startup_tm4c123.o(.text)
    WTIMER4A_Handler                         0x00000469   Thumb Code     2  startup_tm4c123.o(.text)
    WTIMER4B_Handler                         0x0000046b   Thumb Code     2  startup_tm4c123.o(.text)
    WTIMER5A_Handler                         0x0000046d   Thumb Code     2  startup_tm4c123.o(.text)
    WTIMER5B_Handler                         0x0000046f   Thumb Code     2  startup_tm4c123.o(.text)
    FPU_Handler                              0x00000471   Thumb Code     2  startup_tm4c123.o(.text)
    I2C4_Handler                             0x00000473   Thumb Code     2  startup_tm4c123.o(.text)
    I2C5_Handler                             0x00000475   Thumb Code     2  startup_tm4c123.o(.text)
    GPIOM_Handler                            0x00000477   Thumb Code     2  startup_tm4c123.o(.text)
    GPION_Handler                            0x00000479   Thumb Code     2  startup_tm4c123.o(.text)
    QEI2_Handler                             0x0000047b   Thumb Code     2  startup_tm4c123.o(.text)
    GPIOP0_Handler                           0x0000047d   Thumb Code     2  startup_tm4c123.o(.text)
    GPIOP1_Handler                           0x0000047f   Thumb Code     2  startup_tm4c123.o(.text)
    GPIOP2_Handler                           0x00000481   Thumb Code     2  startup_tm4c123.o(.text)
    GPIOP3_Handler                           0x00000483   Thumb Code     2  startup_tm4c123.o(.text)
    GPIOP4_Handler                           0x00000485   Thumb Code     2  startup_tm4c123.o(.text)
    GPIOP5_Handler                           0x00000487   Thumb Code     2  startup_tm4c123.o(.text)
    GPIOP6_Handler                           0x00000489   Thumb Code     2  startup_tm4c123.o(.text)
    GPIOP7_Handler                           0x0000048b   Thumb Code     2  startup_tm4c123.o(.text)
    GPIOQ0_Handler                           0x0000048d   Thumb Code     2  startup_tm4c123.o(.text)
    GPIOQ1_Handler                           0x0000048f   Thumb Code     2  startup_tm4c123.o(.text)
    GPIOQ2_Handler                           0x00000491   Thumb Code     2  startup_tm4c123.o(.text)
    GPIOQ3_Handler                           0x00000493   Thumb Code     2  startup_tm4c123.o(.text)
    GPIOQ4_Handler                           0x00000495   Thumb Code     2  startup_tm4c123.o(.text)
    GPIOQ5_Handler                           0x00000497   Thumb Code     2  startup_tm4c123.o(.text)
    GPIOQ6_Handler                           0x00000499   Thumb Code     2  startup_tm4c123.o(.text)
    GPIOQ7_Handler                           0x0000049b   Thumb Code     2  startup_tm4c123.o(.text)
    GPIOR_Handler                            0x0000049d   Thumb Code     2  startup_tm4c123.o(.text)
    GPIOS_Handler                            0x0000049f   Thumb Code     2  startup_tm4c123.o(.text)
    PMW1_0_Handler                           0x000004a1   Thumb Code     2  startup_tm4c123.o(.text)
    PWM1_1_Handler                           0x000004a3   Thumb Code     2  startup_tm4c123.o(.text)
    PWM1_2_Handler                           0x000004a5   Thumb Code     2  startup_tm4c123.o(.text)
    PWM1_3_Handler                           0x000004a7   Thumb Code     2  startup_tm4c123.o(.text)
    PWM1_FAULT_Handler                       0x000004a9   Thumb Code     2  startup_tm4c123.o(.text)
    __user_initial_stackheap                 0x000004ad   Thumb Code     0  startup_tm4c123.o(.text)
    sprintf                                  0x000004cd   Thumb Code    38  sprintf.o(.text)
    strlen                                   0x000004f9   Thumb Code    62  strlen.o(.text)
    __aeabi_memcpy                           0x00000537   Thumb Code     0  rt_memcpy_v6.o(.text)
    __rt_memcpy                              0x00000537   Thumb Code   138  rt_memcpy_v6.o(.text)
    _memcpy_lastbytes                        0x0000059d   Thumb Code     0  rt_memcpy_v6.o(.text)
    __aeabi_memset4                          0x000005c1   Thumb Code    16  aeabi_memset4.o(.text)
    __aeabi_memset8                          0x000005c1   Thumb Code     0  aeabi_memset4.o(.text)
    __aeabi_memclr                           0x000005d1   Thumb Code     0  rt_memclr.o(.text)
    __rt_memclr                              0x000005d1   Thumb Code     0  rt_memclr.o(.text)
    _memset                                  0x000005d5   Thumb Code    64  rt_memclr.o(.text)
    strcmp                                   0x00000619   Thumb Code   124  strcmpv7em.o(.text)
    __use_two_region_memory                  0x00000695   Thumb Code     2  heapauxi.o(.text)
    __rt_heap_escrow$2region                 0x00000697   Thumb Code     2  heapauxi.o(.text)
    __rt_heap_expand$2region                 0x00000699   Thumb Code     2  heapauxi.o(.text)
    _printf_pre_padding                      0x0000069b   Thumb Code    44  _printf_pad.o(.text)
    _printf_post_padding                     0x000006c7   Thumb Code    34  _printf_pad.o(.text)
    _printf_truncate_signed                  0x000006e9   Thumb Code    18  _printf_truncate.o(.text)
    _printf_truncate_unsigned                0x000006fb   Thumb Code    18  _printf_truncate.o(.text)
    _printf_str                              0x0000070d   Thumb Code    82  _printf_str.o(.text)
    _printf_int_dec                          0x00000761   Thumb Code   104  _printf_dec.o(.text)
    _printf_charcount                        0x000007d9   Thumb Code    40  _printf_charcount.o(.text)
    _printf_char_common                      0x0000080b   Thumb Code    32  _printf_char_common.o(.text)
    _sputc                                   0x00000831   Thumb Code    10  _sputc.o(.text)
    _printf_wctomb                           0x0000083d   Thumb Code   182  _printf_wctomb.o(.text)
    _printf_longlong_dec                     0x000008f9   Thumb Code   108  _printf_longlong_dec.o(.text)
    _printf_longlong_oct                     0x00000975   Thumb Code    68  _printf_oct_int_ll.o(.text)
    _printf_int_oct                          0x000009b9   Thumb Code    24  _printf_oct_int_ll.o(.text)
    _printf_ll_oct                           0x000009d1   Thumb Code    12  _printf_oct_int_ll.o(.text)
    _printf_longlong_hex                     0x000009e5   Thumb Code    86  _printf_hex_int_ll_ptr.o(.text)
    _printf_int_hex                          0x00000a3b   Thumb Code    28  _printf_hex_int_ll_ptr.o(.text)
    _printf_ll_hex                           0x00000a57   Thumb Code    12  _printf_hex_int_ll_ptr.o(.text)
    _printf_hex_ptr                          0x00000a63   Thumb Code    18  _printf_hex_int_ll_ptr.o(.text)
    __printf                                 0x00000a79   Thumb Code   388  __printf_flags_ss_wp.o(.text)
    __aeabi_memcpy4                          0x00000c01   Thumb Code     0  rt_memcpy_w.o(.text)
    __aeabi_memcpy8                          0x00000c01   Thumb Code     0  rt_memcpy_w.o(.text)
    __rt_memcpy_w                            0x00000c01   Thumb Code   100  rt_memcpy_w.o(.text)
    _memcpy_lastbytes_aligned                0x00000c49   Thumb Code     0  rt_memcpy_w.o(.text)
    __aeabi_memclr4                          0x00000c65   Thumb Code     0  rt_memclr_w.o(.text)
    __aeabi_memclr8                          0x00000c65   Thumb Code     0  rt_memclr_w.o(.text)
    __rt_memclr_w                            0x00000c65   Thumb Code     0  rt_memclr_w.o(.text)
    _memset_w                                0x00000c69   Thumb Code    74  rt_memclr_w.o(.text)
    _ll_udiv10                               0x00000cb3   Thumb Code   138  lludiv10.o(.text)
    _printf_int_common                       0x00000d3d   Thumb Code   178  _printf_intcommon.o(.text)
    _printf_fp_dec_real                      0x00000f9f   Thumb Code   620  _printf_fp_dec.o(.text)
    _printf_fp_hex_real                      0x0000120d   Thumb Code   756  _printf_fp_hex.o(.text)
    _printf_cs_common                        0x00001509   Thumb Code    20  _printf_char.o(.text)
    _printf_char                             0x0000151d   Thumb Code    16  _printf_char.o(.text)
    _printf_string                           0x0000152d   Thumb Code     8  _printf_char.o(.text)
    _printf_lcs_common                       0x00001535   Thumb Code    20  _printf_wchar.o(.text)
    _printf_wchar                            0x00001549   Thumb Code    16  _printf_wchar.o(.text)
    _printf_wstring                          0x00001559   Thumb Code     8  _printf_wchar.o(.text)
    _c16rtomb                                0x00001561   Thumb Code    72  _c16rtomb.o(.text)
    _wcrtomb                                 0x00001561   Thumb Code     0  _c16rtomb.o(.text)
    __user_setup_stackheap                   0x000015a9   Thumb Code    74  sys_stackheap_outer.o(.text)
    __rt_ctype_table                         0x000015f5   Thumb Code    16  rt_ctype_table.o(.text)
    __rt_locale                              0x00001605   Thumb Code     8  rt_locale_intlibspace.o(.text)
    _printf_fp_infnan                        0x0000160d   Thumb Code   112  _printf_fp_infnan.o(.text)
    _btod_etento                             0x0000168d   Thumb Code   224  bigflt0.o(.text)
    exit                                     0x00001771   Thumb Code    18  exit.o(.text)
    __user_libspace                          0x00001785   Thumb Code     8  libspace.o(.text)
    __user_perproc_libspace                  0x00001785   Thumb Code     0  libspace.o(.text)
    __user_perthread_libspace                0x00001785   Thumb Code     0  libspace.o(.text)
    GPIOB_Handler                            0x0000178d   Thumb Code   228  main.o(.text.GPIOB_Handler)
    GPIOD_Handler                            0x00001871   Thumb Code   228  main.o(.text.GPIOD_Handler)
    GPIOE_Handler                            0x00001955   Thumb Code   208  main.o(.text.GPIOE_Handler)
    GPIOF_Handler                            0x00001a25   Thumb Code   144  main.o(.text.GPIOF_Handler)
    GateState_CompareAndSet                  0x00001c79   Thumb Code   116  main.o(.text.GateState_CompareAndSet)
    GateState_Get                            0x00001ced   Thumb Code    66  main.o(.text.GateState_Get)
    GateState_Set                            0x00001d31   Thumb Code    66  main.o(.text.GateState_Set)
    Interrupt_Init                           0x00001df1   Thumb Code   302  main.o(.text.Interrupt_Init)
    LED_AllOff                               0x00001f21   Thumb Code    18  main.o(.text.LED_AllOff)
    SystemInit                               0x00001f89   Thumb Code   268  system_tm4c123.o(.text.SystemInit)
    __write                                  0x00002095   Thumb Code    52  retarget.o(.text.__write)
    _sys_exit                                0x000020c9   Thumb Code    10  retarget.o(.text._sys_exit)
    consoleprint                             0x000020d5   Thumb Code    32  consoleprint.o(.text.consoleprint)
    main                                     0x000020f5   Thumb Code   280  main.o(.text.main)
    pvPortMalloc                             0x00003475   Thumb Code   774  heap_4.o(.text.pvPortMalloc)
    pvTaskIncrementMutexHeldCount            0x0000377d   Thumb Code    36  tasks_1.o(.text.pvTaskIncrementMutexHeldCount)
    pxPortInitialiseStack                    0x000037a1   Thumb Code    94  port.o(.text.pxPortInitialiseStack)
    uxListRemove                             0x00003801   Thumb Code    72  list.o(.text.uxListRemove)
    uxTaskGetNumberOfTasks                   0x00003849   Thumb Code    12  tasks_1.o(.text.uxTaskGetNumberOfTasks)
    vApplicationGetIdleTaskMemory            0x00003855   Thumb Code    42  tasks_1.o(.text.vApplicationGetIdleTaskMemory)
    vApplicationGetTimerTaskMemory           0x00003881   Thumb Code    42  tasks_1.o(.text.vApplicationGetTimerTaskMemory)
    vApplicationStackOverflowHook            0x000038ad   Thumb Code    10  tasks.o(.text.vApplicationStackOverflowHook)
    vGateControlTask                         0x000038b9   Thumb Code   862  tasks.o(.text.vGateControlTask)
    vInputTask                               0x00003c19   Thumb Code   324  tasks.o(.text.vInputTask)
    vLEDTask                                 0x00003d5d   Thumb Code   106  tasks.o(.text.vLEDTask)
    vListInitialise                          0x00003dc9   Thumb Code    48  list.o(.text.vListInitialise)
    vListInitialiseItem                      0x00003df9   Thumb Code    14  list.o(.text.vListInitialiseItem)
    vListInsert                              0x00003e09   Thumb Code   120  list.o(.text.vListInsert)
    vPortEnterCritical                       0x00003e95   Thumb Code    86  port.o(.text.vPortEnterCritical)
    vPortExitCritical                        0x00003eed   Thumb Code    74  port.o(.text.vPortExitCritical)
    vPortFree                                0x00003f39   Thumb Code   290  heap_4.o(.text.vPortFree)
    vPortSVCHandler                          0x0000405d   Thumb Code    32  port.o(.text.vPortSVCHandler)
    vPortSetupTimerInterrupt                 0x0000407d   Thumb Code    46  port.o(.text.vPortSetupTimerInterrupt)
    vPortValidateInterruptPriority           0x000040ad   Thumb Code   132  port.o(.text.vPortValidateInterruptPriority)
    vPrintString                             0x00004131   Thumb Code    48  basic_io.o(.text.vPrintString)
    vQueueWaitForMessageRestricted           0x00004161   Thumb Code   110  queue.o(.text.vQueueWaitForMessageRestricted)
    vSafetyTask                              0x000041d1   Thumb Code   104  tasks.o(.text.vSafetyTask)
    vTaskDelay                               0x00004239   Thumb Code   120  tasks_1.o(.text.vTaskDelay)
    vTaskInternalSetTimeOutState             0x000042b1   Thumb Code    40  tasks_1.o(.text.vTaskInternalSetTimeOutState)
    vTaskMissedYield                         0x000042d9   Thumb Code    14  tasks_1.o(.text.vTaskMissedYield)
    vTaskPlaceOnEventList                    0x000042e9   Thumb Code    70  tasks_1.o(.text.vTaskPlaceOnEventList)
    vTaskPlaceOnEventListRestricted          0x00004331   Thumb Code   134  tasks_1.o(.text.vTaskPlaceOnEventListRestricted)
    vTaskPriorityDisinheritAfterTimeout      0x000043b9   Thumb Code   398  tasks_1.o(.text.vTaskPriorityDisinheritAfterTimeout)
    vTaskStartScheduler                      0x00004549   Thumb Code   148  tasks_1.o(.text.vTaskStartScheduler)
    vTaskSuspendAll                          0x000045dd   Thumb Code    16  tasks_1.o(.text.vTaskSuspendAll)
    vTaskSwitchContext                       0x000045ed   Thumb Code   326  tasks_1.o(.text.vTaskSwitchContext)
    xPortPendSVHandler                       0x00004735   Thumb Code    96  port.o(.text.xPortPendSVHandler)
    xPortStartScheduler                      0x00004795   Thumb Code   492  port.o(.text.xPortStartScheduler)
    xQueueCreateMutex                        0x00004981   Thumb Code    38  queue.o(.text.xQueueCreateMutex)
    xQueueGenericCreate                      0x000049a9   Thumb Code   162  queue.o(.text.xQueueGenericCreate)
    xQueueGenericCreateStatic                0x00004a4d   Thumb Code   200  queue.o(.text.xQueueGenericCreateStatic)
    xQueueGenericReset                       0x00004b15   Thumb Code   264  queue.o(.text.xQueueGenericReset)
    xQueueGenericSend                        0x00004c1d   Thumb Code   570  queue.o(.text.xQueueGenericSend)
    xQueueGenericSendFromISR                 0x00004e59   Thumb Code   388  queue.o(.text.xQueueGenericSendFromISR)
    xQueueGiveFromISR                        0x00004fdd   Thumb Code   348  queue.o(.text.xQueueGiveFromISR)
    xQueueReceive                            0x00005139   Thumb Code   488  queue.o(.text.xQueueReceive)
    xQueueSemaphoreTake                      0x00005321   Thumb Code   540  queue.o(.text.xQueueSemaphoreTake)
    xTaskCheckForTimeOut                     0x0000553d   Thumb Code   254  tasks_1.o(.text.xTaskCheckForTimeOut)
    xTaskCreate                              0x0000563d   Thumb Code    82  tasks_1.o(.text.xTaskCreate)
    xTaskCreateStatic                        0x00005691   Thumb Code    92  tasks_1.o(.text.xTaskCreateStatic)
    xTaskGetSchedulerState                   0x000056ed   Thumb Code    56  tasks_1.o(.text.xTaskGetSchedulerState)
    xTaskGetTickCount                        0x00005725   Thumb Code    36  tasks_1.o(.text.xTaskGetTickCount)
    xTaskIncrementTick                       0x00005749   Thumb Code   648  tasks_1.o(.text.xTaskIncrementTick)
    xTaskPriorityDisinherit                  0x000059d1   Thumb Code   324  tasks_1.o(.text.xTaskPriorityDisinherit)
    xTaskPriorityInherit                     0x00005b15   Thumb Code   360  tasks_1.o(.text.xTaskPriorityInherit)
    xTaskRemoveFromEventList                 0x00005c7d   Thumb Code   432  tasks_1.o(.text.xTaskRemoveFromEventList)
    xTaskResumeAll                           0x00005e2d   Thumb Code   620  tasks_1.o(.text.xTaskResumeAll)
    xTimerCreateTimerTask                    0x00006099   Thumb Code   148  timers.o(.text.xTimerCreateTimerTask)
    _btod_d2e                                0x0000612d   Thumb Code    62  btod.o(CL$$btod_d2e)
    _d2e_denorm_low                          0x0000616b   Thumb Code    70  btod.o(CL$$btod_d2e_denorm_low)
    _d2e_norm_op1                            0x000061b1   Thumb Code    96  btod.o(CL$$btod_d2e_norm_op1)
    __btod_div_common                        0x00006211   Thumb Code   696  btod.o(CL$$btod_div_common)
    _e2e                                     0x00006549   Thumb Code   220  btod.o(CL$$btod_e2e)
    _btod_ediv                               0x00006625   Thumb Code    42  btod.o(CL$$btod_ediv)
    _btod_emul                               0x0000664f   Thumb Code    42  btod.o(CL$$btod_emul)
    __btod_mult_common                       0x00006679   Thumb Code   580  btod.o(CL$$btod_mult_common)
    __ARM_fpclassify                         0x000068bd   Thumb Code    48  fpclassify.o(i.__ARM_fpclassify)
    _is_digit                                0x000068ed   Thumb Code    14  __printf_wp.o(i._is_digit)
    _get_lc_numeric                          0x000068fd   Thumb Code    44  lc_numeric_c.o(locale$$code)
    _get_lc_ctype                            0x00006929   Thumb Code    44  lc_ctype_c.o(locale$$code)
    _fp_init                                 0x00006955   Thumb Code    26  fpinit.o(x$fpl$fpinit)
    __fplib_config_fpu_vfp                   0x0000696d   Thumb Code     0  fpinit.o(x$fpl$fpinit)
    __fplib_config_pureend_doubles           0x0000696d   Thumb Code     0  fpinit.o(x$fpl$fpinit)
    _printf_fp_dec                           0x0000696f   Thumb Code     4  printf1.o(x$fpl$printf1)
    _printf_fp_hex                           0x00006973   Thumb Code     4  printf2.o(x$fpl$printf2)
    __I$use$fp                               0x00006976   Number         0  usenofp.o(x$fpl$usenofp)
    Region$$Table$$Base                      0x00006cac   Number         0  anon$$obj.o(Region$$Table)
    Region$$Table$$Limit                     0x00006ccc   Number         0  anon$$obj.o(Region$$Table)
    __ctype                                  0x00006cf5   Data           0  lc_ctype_c.o(locale$$data)
    __libspace_start                         0x20000008   Data          96  libspace.o(.bss)
    __temporary_stack_top$libspace           0x20000068   Data           0  libspace.o(.bss)
    gateState                                0x2000009c   Data           1  tasks.o(.bss.gateState)
    pxCurrentTCB                             0x20000220   Data           4  tasks_1.o(.bss.pxCurrentTCB)
    xButtonQueue                             0x200017c0   Data           4  tasks.o(.bss.xButtonQueue)
    xClosedLimitSem                          0x200017c4   Data           4  tasks.o(.bss.xClosedLimitSem)
    xGateStateMutex                          0x20001800   Data           4  tasks.o(.bss.xGateStateMutex)
    xObstacleSem                             0x20001824   Data           4  tasks.o(.bss.xObstacleSem)
    xOpenLimitSem                            0x20001828   Data           4  tasks.o(.bss.xOpenLimitSem)



==============================================================================

Memory Map of the image

  Image Entry point : 0x000003b9

  Load Region LR_1 (Base: 0x00000000, Size: 0x00006dfc, Max: 0xffffffff, ABSOLUTE)

    Execution Region ER_RO (Exec base: 0x00000000, Load base: 0x00000000, Size: 0x00006df8, Max: 0xffffffff, ABSOLUTE)

    Exec Addr    Load Addr    Size         Type   Attr      Idx    E Section Name        Object

    0x00000000   0x00000000   0x0000026c   Data   RO          161    RESET               startup_tm4c123.o
    0x0000026c   0x0000026c   0x00000008   Code   RO         1315  * !!!main             c_w.l(__main.o)
    0x00000274   0x00000274   0x00000034   Code   RO         1650    !!!scatter          c_w.l(__scatter.o)
    0x000002a8   0x000002a8   0x0000001a   Code   RO         1652    !!handler_copy      c_w.l(__scatter_copy.o)
    0x000002c2   0x000002c2   0x00000002   PAD
    0x000002c4   0x000002c4   0x0000001c   Code   RO         1654    !!handler_zi        c_w.l(__scatter_zi.o)
    0x000002e0   0x000002e0   0x00000000   Code   RO         1399    .ARM.Collect$$_printf_percent$$00000000  c_w.l(_printf_percent.o)
    0x000002e0   0x000002e0   0x00000006   Code   RO         1388    .ARM.Collect$$_printf_percent$$00000001  c_w.l(_printf_n.o)
    0x000002e6   0x000002e6   0x00000006   Code   RO         1390    .ARM.Collect$$_printf_percent$$00000002  c_w.l(_printf_p.o)
    0x000002ec   0x000002ec   0x00000006   Code   RO         1395    .ARM.Collect$$_printf_percent$$00000003  c_w.l(_printf_f.o)
    0x000002f2   0x000002f2   0x00000006   Code   RO         1396    .ARM.Collect$$_printf_percent$$00000004  c_w.l(_printf_e.o)
    0x000002f8   0x000002f8   0x00000006   Code   RO         1397    .ARM.Collect$$_printf_percent$$00000005  c_w.l(_printf_g.o)
    0x000002fe   0x000002fe   0x00000006   Code   RO         1398    .ARM.Collect$$_printf_percent$$00000006  c_w.l(_printf_a.o)
    0x00000304   0x00000304   0x0000000a   Code   RO         1403    .ARM.Collect$$_printf_percent$$00000007  c_w.l(_printf_ll.o)
    0x0000030e   0x0000030e   0x00000006   Code   RO         1392    .ARM.Collect$$_printf_percent$$00000008  c_w.l(_printf_i.o)
    0x00000314   0x00000314   0x00000006   Code   RO         1393    .ARM.Collect$$_printf_percent$$00000009  c_w.l(_printf_d.o)
    0x0000031a   0x0000031a   0x00000006   Code   RO         1394    .ARM.Collect$$_printf_percent$$0000000A  c_w.l(_printf_u.o)
    0x00000320   0x00000320   0x00000006   Code   RO         1391    .ARM.Collect$$_printf_percent$$0000000B  c_w.l(_printf_o.o)
    0x00000326   0x00000326   0x00000006   Code   RO         1389    .ARM.Collect$$_printf_percent$$0000000C  c_w.l(_printf_x.o)
    0x0000032c   0x0000032c   0x00000006   Code   RO         1400    .ARM.Collect$$_printf_percent$$0000000D  c_w.l(_printf_lli.o)
    0x00000332   0x00000332   0x00000006   Code   RO         1401    .ARM.Collect$$_printf_percent$$0000000E  c_w.l(_printf_lld.o)
    0x00000338   0x00000338   0x00000006   Code   RO         1402    .ARM.Collect$$_printf_percent$$0000000F  c_w.l(_printf_llu.o)
    0x0000033e   0x0000033e   0x00000006   Code   RO         1407    .ARM.Collect$$_printf_percent$$00000010  c_w.l(_printf_llo.o)
    0x00000344   0x00000344   0x00000006   Code   RO         1408    .ARM.Collect$$_printf_percent$$00000011  c_w.l(_printf_llx.o)
    0x0000034a   0x0000034a   0x0000000a   Code   RO         1404    .ARM.Collect$$_printf_percent$$00000012  c_w.l(_printf_l.o)
    0x00000354   0x00000354   0x00000006   Code   RO         1386    .ARM.Collect$$_printf_percent$$00000013  c_w.l(_printf_c.o)
    0x0000035a   0x0000035a   0x00000006   Code   RO         1387    .ARM.Collect$$_printf_percent$$00000014  c_w.l(_printf_s.o)
    0x00000360   0x00000360   0x00000006   Code   RO         1405    .ARM.Collect$$_printf_percent$$00000015  c_w.l(_printf_lc.o)
    0x00000366   0x00000366   0x00000006   Code   RO         1406    .ARM.Collect$$_printf_percent$$00000016  c_w.l(_printf_ls.o)
    0x0000036c   0x0000036c   0x00000004   Code   RO         1453    .ARM.Collect$$_printf_percent$$00000017  c_w.l(_printf_percent_end.o)
    0x00000370   0x00000370   0x00000002   Code   RO         1504    .ARM.Collect$$libinit$$00000000  c_w.l(libinit.o)
    0x00000372   0x00000372   0x00000004   Code   RO         1520    .ARM.Collect$$libinit$$00000001  c_w.l(libinit2.o)
    0x00000376   0x00000376   0x00000000   Code   RO         1523    .ARM.Collect$$libinit$$00000004  c_w.l(libinit2.o)
    0x00000376   0x00000376   0x00000000   Code   RO         1525    .ARM.Collect$$libinit$$00000006  c_w.l(libinit2.o)
    0x00000376   0x00000376   0x00000000   Code   RO         1528    .ARM.Collect$$libinit$$0000000C  c_w.l(libinit2.o)
    0x00000376   0x00000376   0x00000000   Code   RO         1530    .ARM.Collect$$libinit$$0000000E  c_w.l(libinit2.o)
    0x00000376   0x00000376   0x00000000   Code   RO         1532    .ARM.Collect$$libinit$$00000010  c_w.l(libinit2.o)
    0x00000376   0x00000376   0x00000006   Code   RO         1533    .ARM.Collect$$libinit$$00000011  c_w.l(libinit2.o)
    0x0000037c   0x0000037c   0x00000000   Code   RO         1535    .ARM.Collect$$libinit$$00000013  c_w.l(libinit2.o)
    0x0000037c   0x0000037c   0x0000000c   Code   RO         1536    .ARM.Collect$$libinit$$00000014  c_w.l(libinit2.o)
    0x00000388   0x00000388   0x00000000   Code   RO         1537    .ARM.Collect$$libinit$$00000015  c_w.l(libinit2.o)
    0x00000388   0x00000388   0x00000000   Code   RO         1539    .ARM.Collect$$libinit$$00000017  c_w.l(libinit2.o)
    0x00000388   0x00000388   0x0000000a   Code   RO         1540    .ARM.Collect$$libinit$$00000018  c_w.l(libinit2.o)
    0x00000392   0x00000392   0x00000000   Code   RO         1541    .ARM.Collect$$libinit$$00000019  c_w.l(libinit2.o)
    0x00000392   0x00000392   0x00000000   Code   RO         1543    .ARM.Collect$$libinit$$0000001B  c_w.l(libinit2.o)
    0x00000392   0x00000392   0x00000000   Code   RO         1545    .ARM.Collect$$libinit$$0000001D  c_w.l(libinit2.o)
    0x00000392   0x00000392   0x00000000   Code   RO         1547    .ARM.Collect$$libinit$$0000001F  c_w.l(libinit2.o)
    0x00000392   0x00000392   0x00000000   Code   RO         1549    .ARM.Collect$$libinit$$00000021  c_w.l(libinit2.o)
    0x00000392   0x00000392   0x00000000   Code   RO         1551    .ARM.Collect$$libinit$$00000023  c_w.l(libinit2.o)
    0x00000392   0x00000392   0x00000000   Code   RO         1553    .ARM.Collect$$libinit$$00000025  c_w.l(libinit2.o)
    0x00000392   0x00000392   0x00000000   Code   RO         1555    .ARM.Collect$$libinit$$00000027  c_w.l(libinit2.o)
    0x00000392   0x00000392   0x00000000   Code   RO         1559    .ARM.Collect$$libinit$$0000002E  c_w.l(libinit2.o)
    0x00000392   0x00000392   0x00000000   Code   RO         1561    .ARM.Collect$$libinit$$00000030  c_w.l(libinit2.o)
    0x00000392   0x00000392   0x00000000   Code   RO         1563    .ARM.Collect$$libinit$$00000032  c_w.l(libinit2.o)
    0x00000392   0x00000392   0x00000000   Code   RO         1565    .ARM.Collect$$libinit$$00000034  c_w.l(libinit2.o)
    0x00000392   0x00000392   0x00000002   Code   RO         1566    .ARM.Collect$$libinit$$00000035  c_w.l(libinit2.o)
    0x00000394   0x00000394   0x00000002   Code   RO         1586    .ARM.Collect$$libshutdown$$00000000  c_w.l(libshutdown.o)
    0x00000396   0x00000396   0x00000000   Code   RO         1598    .ARM.Collect$$libshutdown$$00000002  c_w.l(libshutdown2.o)
    0x00000396   0x00000396   0x00000000   Code   RO         1600    .ARM.Collect$$libshutdown$$00000004  c_w.l(libshutdown2.o)
    0x00000396   0x00000396   0x00000000   Code   RO         1603    .ARM.Collect$$libshutdown$$00000007  c_w.l(libshutdown2.o)
    0x00000396   0x00000396   0x00000000   Code   RO         1606    .ARM.Collect$$libshutdown$$0000000A  c_w.l(libshutdown2.o)
    0x00000396   0x00000396   0x00000000   Code   RO         1608    .ARM.Collect$$libshutdown$$0000000C  c_w.l(libshutdown2.o)
    0x00000396   0x00000396   0x00000000   Code   RO         1611    .ARM.Collect$$libshutdown$$0000000F  c_w.l(libshutdown2.o)
    0x00000396   0x00000396   0x00000002   Code   RO         1612    .ARM.Collect$$libshutdown$$00000010  c_w.l(libshutdown2.o)
    0x00000398   0x00000398   0x00000000   Code   RO         1317    .ARM.Collect$$rtentry$$00000000  c_w.l(__rtentry.o)
    0x00000398   0x00000398   0x00000000   Code   RO         1422    .ARM.Collect$$rtentry$$00000002  c_w.l(__rtentry2.o)
    0x00000398   0x00000398   0x00000006   Code   RO         1434    .ARM.Collect$$rtentry$$00000004  c_w.l(__rtentry4.o)
    0x0000039e   0x0000039e   0x00000000   Code   RO         1424    .ARM.Collect$$rtentry$$00000009  c_w.l(__rtentry2.o)
    0x0000039e   0x0000039e   0x00000004   Code   RO         1425    .ARM.Collect$$rtentry$$0000000A  c_w.l(__rtentry2.o)
    0x000003a2   0x000003a2   0x00000000   Code   RO         1427    .ARM.Collect$$rtentry$$0000000C  c_w.l(__rtentry2.o)
    0x000003a2   0x000003a2   0x00000008   Code   RO         1428    .ARM.Collect$$rtentry$$0000000D  c_w.l(__rtentry2.o)
    0x000003aa   0x000003aa   0x00000002   Code   RO         1513    .ARM.Collect$$rtexit$$00000000  c_w.l(rtexit.o)
    0x000003ac   0x000003ac   0x00000000   Code   RO         1568    .ARM.Collect$$rtexit$$00000002  c_w.l(rtexit2.o)
    0x000003ac   0x000003ac   0x00000004   Code   RO         1569    .ARM.Collect$$rtexit$$00000003  c_w.l(rtexit2.o)
    0x000003b0   0x000003b0   0x00000006   Code   RO         1570    .ARM.Collect$$rtexit$$00000004  c_w.l(rtexit2.o)
    0x000003b6   0x000003b6   0x00000002   PAD
    0x000003b8   0x000003b8   0x00000114   Code   RO          162  * .text               startup_tm4c123.o
    0x000004cc   0x000004cc   0x0000002c   Code   RO         1301    .text               c_w.l(sprintf.o)
    0x000004f8   0x000004f8   0x0000003e   Code   RO         1303    .text               c_w.l(strlen.o)
    0x00000536   0x00000536   0x0000008a   Code   RO         1305    .text               c_w.l(rt_memcpy_v6.o)
    0x000005c0   0x000005c0   0x00000010   Code   RO         1307    .text               c_w.l(aeabi_memset4.o)
    0x000005d0   0x000005d0   0x00000044   Code   RO         1309    .text               c_w.l(rt_memclr.o)
    0x00000614   0x00000614   0x00000004   PAD
    0x00000618   0x00000618   0x0000007c   Code   RO         1311    .text               c_w.l(strcmpv7em.o)
    0x00000694   0x00000694   0x00000006   Code   RO         1313    .text               c_w.l(heapauxi.o)
    0x0000069a   0x0000069a   0x0000004e   Code   RO         1320    .text               c_w.l(_printf_pad.o)
    0x000006e8   0x000006e8   0x00000024   Code   RO         1322    .text               c_w.l(_printf_truncate.o)
    0x0000070c   0x0000070c   0x00000052   Code   RO         1324    .text               c_w.l(_printf_str.o)
    0x0000075e   0x0000075e   0x00000002   PAD
    0x00000760   0x00000760   0x00000078   Code   RO         1326    .text               c_w.l(_printf_dec.o)
    0x000007d8   0x000007d8   0x00000028   Code   RO         1328    .text               c_w.l(_printf_charcount.o)
    0x00000800   0x00000800   0x00000030   Code   RO         1330    .text               c_w.l(_printf_char_common.o)
    0x00000830   0x00000830   0x0000000a   Code   RO         1332    .text               c_w.l(_sputc.o)
    0x0000083a   0x0000083a   0x00000002   PAD
    0x0000083c   0x0000083c   0x000000bc   Code   RO         1334    .text               c_w.l(_printf_wctomb.o)
    0x000008f8   0x000008f8   0x0000007c   Code   RO         1337    .text               c_w.l(_printf_longlong_dec.o)
    0x00000974   0x00000974   0x00000070   Code   RO         1343    .text               c_w.l(_printf_oct_int_ll.o)
    0x000009e4   0x000009e4   0x00000094   Code   RO         1363    .text               c_w.l(_printf_hex_int_ll_ptr.o)
    0x00000a78   0x00000a78   0x00000188   Code   RO         1383    .text               c_w.l(__printf_flags_ss_wp.o)
    0x00000c00   0x00000c00   0x00000064   Code   RO         1409    .text               c_w.l(rt_memcpy_w.o)
    0x00000c64   0x00000c64   0x0000004e   Code   RO         1411    .text               c_w.l(rt_memclr_w.o)
    0x00000cb2   0x00000cb2   0x0000008a   Code   RO         1436    .text               c_w.l(lludiv10.o)
    0x00000d3c   0x00000d3c   0x000000b2   Code   RO         1438    .text               c_w.l(_printf_intcommon.o)
    0x00000dee   0x00000dee   0x0000041c   Code   RO         1440    .text               c_w.l(_printf_fp_dec.o)
    0x0000120a   0x0000120a   0x00000002   PAD
    0x0000120c   0x0000120c   0x000002fc   Code   RO         1444    .text               c_w.l(_printf_fp_hex.o)
    0x00001508   0x00001508   0x0000002c   Code   RO         1449    .text               c_w.l(_printf_char.o)
    0x00001534   0x00001534   0x0000002c   Code   RO         1451    .text               c_w.l(_printf_wchar.o)
    0x00001560   0x00001560   0x00000048   Code   RO         1454    .text               c_w.l(_c16rtomb.o)
    0x000015a8   0x000015a8   0x0000004a   Code   RO         1456    .text               c_w.l(sys_stackheap_outer.o)
    0x000015f2   0x000015f2   0x00000002   PAD
    0x000015f4   0x000015f4   0x00000010   Code   RO         1458    .text               c_w.l(rt_ctype_table.o)
    0x00001604   0x00001604   0x00000008   Code   RO         1463    .text               c_w.l(rt_locale_intlibspace.o)
    0x0000160c   0x0000160c   0x00000080   Code   RO         1465    .text               c_w.l(_printf_fp_infnan.o)
    0x0000168c   0x0000168c   0x000000e4   Code   RO         1467    .text               c_w.l(bigflt0.o)
    0x00001770   0x00001770   0x00000012   Code   RO         1497    .text               c_w.l(exit.o)
    0x00001782   0x00001782   0x00000002   PAD
    0x00001784   0x00001784   0x00000008   Code   RO         1510    .text               c_w.l(libspace.o)
    0x0000178c   0x0000178c   0x000000e4   Code   RO           20    .text.GPIOB_Handler  main.o
    0x00001870   0x00001870   0x000000e4   Code   RO           24    .text.GPIOD_Handler  main.o
    0x00001954   0x00001954   0x000000d0   Code   RO           26    .text.GPIOE_Handler  main.o
    0x00001a24   0x00001a24   0x00000090   Code   RO           18    .text.GPIOF_Handler  main.o
    0x00001ab4   0x00001ab4   0x000001c2   Code   RO           30    .text.GPIO_Init     main.o
    0x00001c76   0x00001c76   0x00000002   PAD
    0x00001c78   0x00001c78   0x00000074   Code   RO           12    .text.GateState_CompareAndSet  main.o
    0x00001cec   0x00001cec   0x00000042   Code   RO           10    .text.GateState_Get  main.o
    0x00001d2e   0x00001d2e   0x00000002   PAD
    0x00001d30   0x00001d30   0x00000042   Code   RO            8    .text.GateState_Set  main.o
    0x00001d72   0x00001d72   0x00000002   PAD
    0x00001d74   0x00001d74   0x00000036   Code   RO           16    .text.ISR_ConfigPort  main.o
    0x00001daa   0x00001daa   0x00000002   PAD
    0x00001dac   0x00001dac   0x00000044   Code   RO           66    .text.ITM_SendChar  retarget.o
    0x00001df0   0x00001df0   0x0000012e   Code   RO           14    .text.Interrupt_Init  main.o
    0x00001f1e   0x00001f1e   0x00000002   PAD
    0x00001f20   0x00001f20   0x00000012   Code   RO            4    .text.LED_AllOff    main.o
    0x00001f32   0x00001f32   0x00000002   PAD
    0x00001f34   0x00001f34   0x00000054   Code   RO           22    .text.QueueEventFromISR  main.o
    0x00001f88   0x00001f88   0x0000010c   Code   RO          173    .text.SystemInit    system_tm4c123.o
    0x00002094   0x00002094   0x00000034   Code   RO           64    .text.__write       retarget.o
    0x000020c8   0x000020c8   0x0000000a   Code   RO           68    .text._sys_exit     retarget.o
    0x000020d2   0x000020d2   0x00000002   PAD
    0x000020d4   0x000020d4   0x00000020   Code   RO           56    .text.consoleprint  consoleprint.o
    0x000020f4   0x000020f4   0x00000118   Code   RO           28    .text.main          main.o
    0x0000220c   0x0000220c   0x0000012c   Code   RO         1054    .text.prvAddCurrentTaskToDelayedList  tasks_1.o
    0x00002338   0x00002338   0x0000016a   Code   RO         1038    .text.prvAddNewTaskToReadyList  tasks_1.o
    0x000024a2   0x000024a2   0x00000002   PAD
    0x000024a4   0x000024a4   0x0000007e   Code   RO         1198    .text.prvCheckForValidListAndQueue  timers.o
    0x00002522   0x00002522   0x00000002   PAD
    0x00002524   0x00002524   0x0000005a   Code   RO         1086    .text.prvCheckTasksWaitingTermination  tasks_1.o
    0x0000257e   0x0000257e   0x00000002   PAD
    0x00002580   0x00002580   0x00000042   Code   RO          997    .text.prvCopyDataFromQueue  queue.o
    0x000025c2   0x000025c2   0x00000002   PAD
    0x000025c4   0x000025c4   0x000000cc   Code   RO          985    .text.prvCopyDataToQueue  queue.o
    0x00002690   0x00002690   0x000000d8   Code   RO         1082    .text.prvCreateIdleTasks  tasks_1.o
    0x00002768   0x00002768   0x000000d4   Code   RO         1036    .text.prvCreateStaticTask  tasks_1.o
    0x0000283c   0x0000283c   0x0000008e   Code   RO         1042    .text.prvCreateTask  tasks_1.o
    0x000028ca   0x000028ca   0x00000002   PAD
    0x000028cc   0x000028cc   0x0000005e   Code   RO         1048    .text.prvDeleteTCB  tasks_1.o
    0x0000292a   0x0000292a   0x00000002   PAD
    0x0000292c   0x0000292c   0x00000026   Code   RO         1001    .text.prvGetHighestPriorityOfWaitToReceiveList  queue.o
    0x00002952   0x00002952   0x00000002   PAD
    0x00002954   0x00002954   0x00000048   Code   RO         1236    .text.prvGetNextExpireTime  timers.o
    0x0000299c   0x0000299c   0x000000aa   Code   RO          923    .text.prvHeapInit   heap_4.o
    0x00002a46   0x00002a46   0x00000002   PAD
    0x00002a48   0x00002a48   0x00000038   Code   RO         1160    .text.prvIdleTask   tasks_1.o
    0x00002a80   0x00002a80   0x00000030   Code   RO          969    .text.prvInitialiseMutex  queue.o
    0x00002ab0   0x00002ab0   0x0000003e   Code   RO          961    .text.prvInitialiseNewQueue  queue.o
    0x00002aee   0x00002aee   0x00000002   PAD
    0x00002af0   0x00002af0   0x0000012e   Code   RO         1156    .text.prvInitialiseNewTask  tasks_1.o
    0x00002c1e   0x00002c1e   0x00000002   PAD
    0x00002c20   0x00002c20   0x0000008e   Code   RO         1158    .text.prvInitialiseTaskLists  tasks_1.o
    0x00002cae   0x00002cae   0x00000002   PAD
    0x00002cb0   0x00002cb0   0x00000124   Code   RO          927    .text.prvInsertBlockIntoFreeList  heap_4.o
    0x00002dd4   0x00002dd4   0x000000be   Code   RO         1250    .text.prvInsertTimerInActiveList  timers.o
    0x00002e92   0x00002e92   0x00000002   PAD
    0x00002e94   0x00002e94   0x00000028   Code   RO          999    .text.prvIsQueueEmpty  queue.o
    0x00002ebc   0x00002ebc   0x0000002e   Code   RO          987    .text.prvIsQueueFull  queue.o
    0x00002eea   0x00002eea   0x00000002   PAD
    0x00002eec   0x00002eec   0x00000028   Code   RO          899    .text.prvPortStartFirstTask  port.o
    0x00002f14   0x00002f14   0x00000068   Code   RO         1244    .text.prvProcessExpiredTimer  timers.o
    0x00002f7c   0x00002f7c   0x000001be   Code   RO         1240    .text.prvProcessReceivedCommands  timers.o
    0x0000313a   0x0000313a   0x00000002   PAD
    0x0000313c   0x0000313c   0x000000bc   Code   RO         1238    .text.prvProcessTimerOrBlockTask  timers.o
    0x000031f8   0x000031f8   0x00000066   Code   RO         1248    .text.prvReloadTimer  timers.o
    0x0000325e   0x0000325e   0x00000002   PAD
    0x00003260   0x00003260   0x00000042   Code   RO         1046    .text.prvResetNextTaskUnblockTime  tasks_1.o
    0x000032a2   0x000032a2   0x00000002   PAD
    0x000032a4   0x000032a4   0x00000052   Code   RO         1242    .text.prvSampleTimeNow  timers.o
    0x000032f6   0x000032f6   0x00000002   PAD
    0x000032f8   0x000032f8   0x0000005a   Code   RO         1246    .text.prvSwitchTimerLists  timers.o
    0x00003352   0x00003352   0x00000002   PAD
    0x00003354   0x00003354   0x0000004c   Code   RO          887    .text.prvTaskExitError  port.o
    0x000033a0   0x000033a0   0x00000022   Code   RO         1200    .text.prvTimerTask  timers.o
    0x000033c2   0x000033c2   0x00000002   PAD
    0x000033c4   0x000033c4   0x000000ae   Code   RO          989    .text.prvUnlockQueue  queue.o
    0x00003472   0x00003472   0x00000002   PAD
    0x00003474   0x00003474   0x00000306   Code   RO          921    .text.pvPortMalloc  heap_4.o
    0x0000377a   0x0000377a   0x00000002   PAD
    0x0000377c   0x0000377c   0x00000024   Code   RO         1134    .text.pvTaskIncrementMutexHeldCount  tasks_1.o
    0x000037a0   0x000037a0   0x0000005e   Code   RO          885    .text.pxPortInitialiseStack  port.o
    0x000037fe   0x000037fe   0x00000002   PAD
    0x00003800   0x00003800   0x00000048   Code   RO          876    .text.uxListRemove  list.o
    0x00003848   0x00003848   0x0000000c   Code   RO         1094    .text.uxTaskGetNumberOfTasks  tasks_1.o
    0x00003854   0x00003854   0x0000002a   Code   RO         1150    .text.vApplicationGetIdleTaskMemory  tasks_1.o
    0x0000387e   0x0000387e   0x00000002   PAD
    0x00003880   0x00003880   0x0000002a   Code   RO         1152    .text.vApplicationGetTimerTaskMemory  tasks_1.o
    0x000038aa   0x000038aa   0x00000002   PAD
    0x000038ac   0x000038ac   0x0000000a   Code   RO           77    .text.vApplicationStackOverflowHook  tasks.o
    0x000038b6   0x000038b6   0x00000002   PAD
    0x000038b8   0x000038b8   0x0000035e   Code   RO           81    .text.vGateControlTask  tasks.o
    0x00003c16   0x00003c16   0x00000002   PAD
    0x00003c18   0x00003c18   0x00000144   Code   RO           79    .text.vInputTask    tasks.o
    0x00003d5c   0x00003d5c   0x0000006a   Code   RO           85    .text.vLEDTask      tasks.o
    0x00003dc6   0x00003dc6   0x00000002   PAD
    0x00003dc8   0x00003dc8   0x00000030   Code   RO          868    .text.vListInitialise  list.o
    0x00003df8   0x00003df8   0x0000000e   Code   RO          870    .text.vListInitialiseItem  list.o
    0x00003e06   0x00003e06   0x00000002   PAD
    0x00003e08   0x00003e08   0x00000078   Code   RO          874    .text.vListInsert   list.o
    0x00003e80   0x00003e80   0x00000014   Code   RO          897    .text.vPortEnableVFP  port.o
    0x00003e94   0x00003e94   0x00000056   Code   RO          903    .text.vPortEnterCritical  port.o
    0x00003eea   0x00003eea   0x00000002   PAD
    0x00003eec   0x00003eec   0x0000004a   Code   RO          905    .text.vPortExitCritical  port.o
    0x00003f36   0x00003f36   0x00000002   PAD
    0x00003f38   0x00003f38   0x00000122   Code   RO          925    .text.vPortFree     heap_4.o
    0x0000405a   0x0000405a   0x00000002   PAD
    0x0000405c   0x0000405c   0x00000020   Code   RO          889    .text.vPortSVCHandler  port.o
    0x0000407c   0x0000407c   0x0000002e   Code   RO          895    .text.vPortSetupTimerInterrupt  port.o
    0x000040aa   0x000040aa   0x00000002   PAD
    0x000040ac   0x000040ac   0x00000084   Code   RO          909    .text.vPortValidateInterruptPriority  port.o
    0x00004130   0x00004130   0x00000030   Code   RO           41    .text.vPrintString  basic_io.o
    0x00004160   0x00004160   0x0000006e   Code   RO         1025    .text.vQueueWaitForMessageRestricted  queue.o
    0x000041ce   0x000041ce   0x00000002   PAD
    0x000041d0   0x000041d0   0x00000068   Code   RO           83    .text.vSafetyTask   tasks.o
    0x00004238   0x00004238   0x00000078   Code   RO         1058    .text.vTaskDelay    tasks_1.o
    0x000042b0   0x000042b0   0x00000028   Code   RO         1114    .text.vTaskInternalSetTimeOutState  tasks_1.o
    0x000042d8   0x000042d8   0x0000000e   Code   RO         1118    .text.vTaskMissedYield  tasks_1.o
    0x000042e6   0x000042e6   0x00000002   PAD
    0x000042e8   0x000042e8   0x00000046   Code   RO         1102    .text.vTaskPlaceOnEventList  tasks_1.o
    0x0000432e   0x0000432e   0x00000002   PAD
    0x00004330   0x00004330   0x00000086   Code   RO         1106    .text.vTaskPlaceOnEventListRestricted  tasks_1.o
    0x000043b6   0x000043b6   0x00000002   PAD
    0x000043b8   0x000043b8   0x0000018e   Code   RO         1130    .text.vTaskPriorityDisinheritAfterTimeout  tasks_1.o
    0x00004546   0x00004546   0x00000002   PAD
    0x00004548   0x00004548   0x00000094   Code   RO         1080    .text.vTaskStartScheduler  tasks_1.o
    0x000045dc   0x000045dc   0x00000010   Code   RO         1052    .text.vTaskSuspendAll  tasks_1.o
    0x000045ec   0x000045ec   0x00000146   Code   RO         1072    .text.vTaskSwitchContext  tasks_1.o
    0x00004732   0x00004732   0x00000002   PAD
    0x00004734   0x00004734   0x00000060   Code   RO          893    .text.xPortPendSVHandler  port.o
    0x00004794   0x00004794   0x000001ec   Code   RO          891    .text.xPortStartScheduler  port.o
    0x00004980   0x00004980   0x00000026   Code   RO          967    .text.xQueueCreateMutex  queue.o
    0x000049a6   0x000049a6   0x00000002   PAD
    0x000049a8   0x000049a8   0x000000a2   Code   RO          965    .text.xQueueGenericCreate  queue.o
    0x00004a4a   0x00004a4a   0x00000002   PAD
    0x00004a4c   0x00004a4c   0x000000c8   Code   RO          959    .text.xQueueGenericCreateStatic  queue.o
    0x00004b14   0x00004b14   0x00000108   Code   RO          957    .text.xQueueGenericReset  queue.o
    0x00004c1c   0x00004c1c   0x0000023a   Code   RO          975    .text.xQueueGenericSend  queue.o
    0x00004e56   0x00004e56   0x00000002   PAD
    0x00004e58   0x00004e58   0x00000184   Code   RO          991    .text.xQueueGenericSendFromISR  queue.o
    0x00004fdc   0x00004fdc   0x0000015c   Code   RO          993    .text.xQueueGiveFromISR  queue.o
    0x00005138   0x00005138   0x000001e8   Code   RO          995    .text.xQueueReceive  queue.o
    0x00005320   0x00005320   0x0000021c   Code   RO          979    .text.xQueueSemaphoreTake  queue.o
    0x0000553c   0x0000553c   0x000000fe   Code   RO         1116    .text.xTaskCheckForTimeOut  tasks_1.o
    0x0000563a   0x0000563a   0x00000002   PAD
    0x0000563c   0x0000563c   0x00000052   Code   RO         1040    .text.xTaskCreate   tasks_1.o
    0x0000568e   0x0000568e   0x00000002   PAD
    0x00005690   0x00005690   0x0000005c   Code   RO         1034    .text.xTaskCreateStatic  tasks_1.o
    0x000056ec   0x000056ec   0x00000038   Code   RO         1124    .text.xTaskGetSchedulerState  tasks_1.o
    0x00005724   0x00005724   0x00000024   Code   RO         1090    .text.xTaskGetTickCount  tasks_1.o
    0x00005748   0x00005748   0x00000288   Code   RO         1088    .text.xTaskIncrementTick  tasks_1.o
    0x000059d0   0x000059d0   0x00000144   Code   RO         1128    .text.xTaskPriorityDisinherit  tasks_1.o
    0x00005b14   0x00005b14   0x00000168   Code   RO         1126    .text.xTaskPriorityInherit  tasks_1.o
    0x00005c7c   0x00005c7c   0x000001b0   Code   RO         1108    .text.xTaskRemoveFromEventList  tasks_1.o
    0x00005e2c   0x00005e2c   0x0000026c   Code   RO         1056    .text.xTaskResumeAll  tasks_1.o
    0x00006098   0x00006098   0x00000094   Code   RO         1196    .text.xTimerCreateTimerTask  timers.o
    0x0000612c   0x0000612c   0x0000003e   Code   RO         1470    CL$$btod_d2e        c_w.l(btod.o)
    0x0000616a   0x0000616a   0x00000046   Code   RO         1472    CL$$btod_d2e_denorm_low  c_w.l(btod.o)
    0x000061b0   0x000061b0   0x00000060   Code   RO         1471    CL$$btod_d2e_norm_op1  c_w.l(btod.o)
    0x00006210   0x00006210   0x00000338   Code   RO         1480    CL$$btod_div_common  c_w.l(btod.o)
    0x00006548   0x00006548   0x000000dc   Code   RO         1477    CL$$btod_e2e        c_w.l(btod.o)
    0x00006624   0x00006624   0x0000002a   Code   RO         1474    CL$$btod_ediv       c_w.l(btod.o)
    0x0000664e   0x0000664e   0x0000002a   Code   RO         1473    CL$$btod_emul       c_w.l(btod.o)
    0x00006678   0x00006678   0x00000244   Code   RO         1479    CL$$btod_mult_common  c_w.l(btod.o)
    0x000068bc   0x000068bc   0x00000030   Code   RO         1508    i.__ARM_fpclassify  m_wm.l(fpclassify.o)
    0x000068ec   0x000068ec   0x0000000e   Code   RO         1376    i._is_digit         c_w.l(__printf_wp.o)
    0x000068fa   0x000068fa   0x00000002   PAD
    0x000068fc   0x000068fc   0x0000002c   Code   RO         1495    locale$$code        c_w.l(lc_numeric_c.o)
    0x00006928   0x00006928   0x0000002c   Code   RO         1518    locale$$code        c_w.l(lc_ctype_c.o)
    0x00006954   0x00006954   0x0000001a   Code   RO         1578    x$fpl$fpinit        fz_wm.l(fpinit.o)
    0x0000696e   0x0000696e   0x00000004   Code   RO         1413    x$fpl$printf1       fz_wm.l(printf1.o)
    0x00006972   0x00006972   0x00000004   Code   RO         1415    x$fpl$printf2       fz_wm.l(printf2.o)
    0x00006976   0x00006976   0x00000000   Code   RO         1507    x$fpl$usenofp       fz_wm.l(usenofp.o)
    0x00006976   0x00006976   0x00000002   PAD
    0x00006978   0x00006978   0x00000008   Data   RO         1335    .constdata          c_w.l(_printf_wctomb.o)
    0x00006980   0x00006980   0x00000028   Data   RO         1364    .constdata          c_w.l(_printf_hex_int_ll_ptr.o)
    0x000069a8   0x000069a8   0x00000011   Data   RO         1384    .constdata          c_w.l(__printf_flags_ss_wp.o)
    0x000069b9   0x000069b9   0x00000026   Data   RO         1445    .constdata          c_w.l(_printf_fp_hex.o)
    0x000069df   0x000069df   0x00000001   PAD
    0x000069e0   0x000069e0   0x00000094   Data   RO         1468    .constdata          c_w.l(bigflt0.o)
    0x00006a74   0x00006a74   0x00000019   Data   RO           32    .rodata.str1.1      main.o
    0x00006a8d   0x00006a8d   0x00000003   Data   RO           48    .rodata.str1.1      basic_io.o
    0x00006a90   0x00006a90   0x00000208   Data   RO           89    .rodata.str1.1      tasks.o
    0x00006c98   0x00006c98   0x00000005   Data   RO         1188    .rodata.str1.1      tasks_1.o
    0x00006c9d   0x00006c9d   0x00000008   Data   RO         1253    .rodata.str1.1      timers.o
    0x00006ca5   0x00006ca5   0x00000003   PAD
    0x00006ca8   0x00006ca8   0x00000004   Data   RO         1177    .rodata.uxTopUsedPriority  tasks_1.o
    0x00006cac   0x00006cac   0x00000020   Data   RO         1649    Region$$Table       anon$$obj.o
    0x00006ccc   0x00006ccc   0x0000001c   Data   RO         1494    locale$$data        c_w.l(lc_numeric_c.o)
    0x00006ce8   0x00006ce8   0x00000110   Data   RO         1517    locale$$data        c_w.l(lc_ctype_c.o)


    Execution Region ER_RW (Exec base: 0x20000000, Load base: 0x00006df8, Size: 0x00000004, Max: 0xffffffff, ABSOLUTE)

    Exec Addr    Load Addr    Size         Type   Attr      Idx    E Section Name        Object

    0x20000000   0x00006df8   0x00000004   Data   RW          913    .data.uxCriticalNesting  port.o


    Execution Region ER_ZI (Exec base: 0x20000008, Load base: 0x00006dfc, Size: 0x00001aa0, Max: 0xffffffff, ABSOLUTE)

    Exec Addr    Load Addr    Size         Type   Attr      Idx    E Section Name        Object

    0x20000008        -       0x00000060   Zero   RW         1511    .bss                c_w.l(libspace.o)
    0x20000068        -       0x00000001   Zero   RW           93    .bss.bAutoMode      tasks.o
    0x20000069        -       0x00000001   Zero   RW           92    .bss.bSecurityActive  tasks.o
    0x2000006a        -       0x00000032   Zero   RW           47    .bss.cBuffer        basic_io.o
    0x2000009c        -       0x00000001   Zero   RW           87    .bss.gateState      tasks.o
    0x2000009d   0x00006dfc   0x00000003   PAD
    0x200000a0        -       0x00000038   Zero   RW           91    .bss.pressTime      tasks.o
    0x200000d8        -       0x000000f0   Zero   RW         1261    .bss.prvCheckForValidListAndQueue.ucStaticTimerQueueStorage  timers.o
    0x200001c8        -       0x00000050   Zero   RW         1260    .bss.prvCheckForValidListAndQueue.xStaticTimerQueue  timers.o
    0x20000218        -       0x00000008   Zero   RW         1257    .bss.prvSampleTimeNow.xLastTime  timers.o
    0x20000220        -       0x00000004   Zero   RW         1162    .bss.pxCurrentTCB   tasks_1.o
    0x20000224        -       0x00000004   Zero   RW         1255    .bss.pxCurrentTimerList  timers.o
    0x20000228        -       0x00000004   Zero   RW         1179    .bss.pxDelayedTaskList  tasks_1.o
    0x2000022c        -       0x00000004   Zero   RW          943    .bss.pxEnd          heap_4.o
    0x20000230        -       0x00000004   Zero   RW         1180    .bss.pxOverflowDelayedTaskList  tasks_1.o
    0x20000234        -       0x00000004   Zero   RW         1256    .bss.pxOverflowTimerList  timers.o
    0x20000238        -       0x00000078   Zero   RW         1170    .bss.pxReadyTasksLists  tasks_1.o
    0x200002b0        -       0x00001000   Zero   RW          946    .bss.ucHeap         heap_4.o
    0x200012b0        -       0x00000001   Zero   RW          911    .bss.ucMaxSysCallPriority  port.o
    0x200012b1   0x00006dfc   0x00000003   PAD
    0x200012b4        -       0x00000004   Zero   RW          912    .bss.ulMaxPRIGROUPValue  port.o
    0x200012b8        -       0x00000004   Zero   RW         1167    .bss.uxCurrentNumberOfTasks  tasks_1.o
    0x200012bc        -       0x00000004   Zero   RW         1166    .bss.uxDeletedTasksWaitingCleanUp  tasks_1.o
    0x200012c0        -       0x00000004   Zero   RW         1168    .bss.uxSchedulerSuspended  tasks_1.o
    0x200012c4        -       0x00000004   Zero   RW         1163    .bss.uxTaskNumber   tasks_1.o
    0x200012c8        -       0x00000004   Zero   RW         1171    .bss.uxTopReadyPriority  tasks_1.o
    0x200012cc        -       0x00000200   Zero   RW         1183    .bss.vApplicationGetIdleTaskMemory.uxIdleTaskStack  tasks_1.o
    0x200014cc   0x00006dfc   0x00000004   PAD
    0x200014d0        -       0x00000060   Zero   RW         1182    .bss.vApplicationGetIdleTaskMemory.xIdleTaskTCB  tasks_1.o
    0x20001530        -       0x00000200   Zero   RW         1185    .bss.vApplicationGetTimerTaskMemory.uxTimerTaskStack  tasks_1.o
    0x20001730        -       0x00000060   Zero   RW         1184    .bss.vApplicationGetTimerTaskMemory.xTimerTaskTCB  tasks_1.o
    0x20001790        -       0x00000018   Zero   RW         1258    .bss.xActiveTimerList1  timers.o
    0x200017a8        -       0x00000018   Zero   RW         1259    .bss.xActiveTimerList2  timers.o
    0x200017c0        -       0x00000004   Zero   RW           90    .bss.xButtonQueue   tasks.o
    0x200017c4        -       0x00000004   Zero   RW           95    .bss.xClosedLimitSem  tasks.o
    0x200017c8        -       0x00000018   Zero   RW         1186    .bss.xDelayedTaskList1  tasks_1.o
    0x200017e0        -       0x00000018   Zero   RW         1187    .bss.xDelayedTaskList2  tasks_1.o
    0x200017f8        -       0x00000004   Zero   RW          944    .bss.xFreeBytesRemaining  heap_4.o
    0x200017fc        -       0x00000004   Zero   RW           88    .bss.xGateEventQueue  tasks.o
    0x20001800        -       0x00000004   Zero   RW           97    .bss.xGateStateMutex  tasks.o
    0x20001804        -       0x00000004   Zero   RW         1176    .bss.xIdleTaskHandles  tasks_1.o
    0x20001808        -       0x00000004   Zero   RW          947    .bss.xMinimumEverFreeBytesRemaining  heap_4.o
    0x2000180c   0x00006dfc   0x00000004   PAD
    0x20001810        -       0x00000008   Zero   RW         1175    .bss.xNextTaskUnblockTime  tasks_1.o
    0x20001818        -       0x00000004   Zero   RW         1181    .bss.xNumOfOverflows  tasks_1.o
    0x2000181c        -       0x00000004   Zero   RW          948    .bss.xNumberOfSuccessfulAllocations  heap_4.o
    0x20001820        -       0x00000004   Zero   RW          949    .bss.xNumberOfSuccessfulFrees  heap_4.o
    0x20001824        -       0x00000004   Zero   RW           96    .bss.xObstacleSem   tasks.o
    0x20001828        -       0x00000004   Zero   RW           94    .bss.xOpenLimitSem  tasks.o
    0x2000182c   0x00006dfc   0x00000004   PAD
    0x20001830        -       0x00000008   Zero   RW         1178    .bss.xPendedTicks   tasks_1.o
    0x20001838        -       0x00000018   Zero   RW         1174    .bss.xPendingReadyList  tasks_1.o
    0x20001850        -       0x00000004   Zero   RW         1164    .bss.xSchedulerRunning  tasks_1.o
    0x20001854        -       0x00000008   Zero   RW          945    .bss.xStart         heap_4.o
    0x2000185c   0x00006dfc   0x00000004   PAD
    0x20001860        -       0x00000018   Zero   RW         1172    .bss.xSuspendedTaskList  tasks_1.o
    0x20001878        -       0x00000018   Zero   RW         1165    .bss.xTasksWaitingTermination  tasks_1.o
    0x20001890        -       0x00000008   Zero   RW         1169    .bss.xTickCount     tasks_1.o
    0x20001898        -       0x00000004   Zero   RW         1252    .bss.xTimerQueue    timers.o
    0x2000189c        -       0x00000004   Zero   RW         1254    .bss.xTimerTaskHandle  timers.o
    0x200018a0        -       0x00000004   Zero   RW         1173    .bss.xYieldPendings  tasks_1.o
    0x200018a4   0x00006dfc   0x00000004   PAD
    0x200018a8        -       0x00000000   Zero   RW          160    HEAP                startup_tm4c123.o
    0x200018a8        -       0x00000200   Zero   RW          159    STACK               startup_tm4c123.o


==============================================================================

Image component sizes


      Code (inc. data)   RO Data    RW Data    ZI Data      Debug   Object Name

        48          0          3          0         50       1063   basic_io.o
        32          0          0          0          0        590   consoleprint.o
      1526          0          0          0       4124       5483   heap_4.o
       254          0          0          0          0       2396   list.o
      2244          0         25          0          0       4516   main.o
      1188         16          0          4          5       4224   port.o
      3786          0          0          0          0      16576   queue.o
       130          0          0          0          0       1761   retarget.o
       276         24        620          0        512       5508   startup_tm4c123.o
       268          0          0          0          0       6830   system_tm4c123.o
      1406          6        520          0         83       3909   tasks.o
      6284          0          9          0       1528      27334   tasks_1.o
      1582         10          8          0        392      11235   timers.o

    ----------------------------------------------------------------------
     19124         56       1220          4       6720      91425   Object Totals
         0          0         32          0          0          0   (incl. Generated)
       100          0          3          0         26          0   (incl. Padding)

    ----------------------------------------------------------------------

      Code (inc. data)   RO Data    RW Data    ZI Data      Debug   Library Member Name

         8          0          0          0          0         68   __main.o
       392          4         17          0          0         92   __printf_flags_ss_wp.o
        14          0          0          0          0         68   __printf_wp.o
         0          0          0          0          0          0   __rtentry.o
        12          0          0          0          0          0   __rtentry2.o
         6          0          0          0          0          0   __rtentry4.o
        52          8          0          0          0          0   __scatter.o
        26          0          0          0          0          0   __scatter_copy.o
        28          0          0          0          0          0   __scatter_zi.o
        72          0          0          0          0         96   _c16rtomb.o
         6          0          0          0          0          0   _printf_a.o
         6          0          0          0          0          0   _printf_c.o
        44          0          0          0          0        108   _printf_char.o
        48          6          0          0          0         96   _printf_char_common.o
        40          0          0          0          0         68   _printf_charcount.o
         6          0          0          0          0          0   _printf_d.o
       120         16          0          0          0         92   _printf_dec.o
         6          0          0          0          0          0   _printf_e.o
         6          0          0          0          0          0   _printf_f.o
      1052          0          0          0          0        148   _printf_fp_dec.o
       764          8         38          0          0        100   _printf_fp_hex.o
       128         16          0          0          0         84   _printf_fp_infnan.o
         6          0          0          0          0          0   _printf_g.o
       148          4         40          0          0        160   _printf_hex_int_ll_ptr.o
         6          0          0          0          0          0   _printf_i.o
       178          0          0          0          0         88   _printf_intcommon.o
        10          0          0          0          0          0   _printf_l.o
         6          0          0          0          0          0   _printf_lc.o
        10          0          0          0          0          0   _printf_ll.o
         6          0          0          0          0          0   _printf_lld.o
         6          0          0          0          0          0   _printf_lli.o
         6          0          0          0          0          0   _printf_llo.o
         6          0          0          0          0          0   _printf_llu.o
         6          0          0          0          0          0   _printf_llx.o
       124         16          0          0          0         92   _printf_longlong_dec.o
         6          0          0          0          0          0   _printf_ls.o
         6          0          0          0          0          0   _printf_n.o
         6          0          0          0          0          0   _printf_o.o
       112          8          0          0          0        124   _printf_oct_int_ll.o
         6          0          0          0          0          0   _printf_p.o
        78          0          0          0          0        108   _printf_pad.o
         0          0          0          0          0          0   _printf_percent.o
         4          0          0          0          0          0   _printf_percent_end.o
         6          0          0          0          0          0   _printf_s.o
        82          0          0          0          0         80   _printf_str.o
        36          0          0          0          0         84   _printf_truncate.o
         6          0          0          0          0          0   _printf_u.o
        44          0          0          0          0        108   _printf_wchar.o
       188          6          8          0          0         92   _printf_wctomb.o
         6          0          0          0          0          0   _printf_x.o
        10          0          0          0          0         68   _sputc.o
        16          0          0          0          0         68   aeabi_memset4.o
       228          4        148          0          0         96   bigflt0.o
      1936        128          0          0          0        668   btod.o
        18          0          0          0          0         80   exit.o
         6          0          0          0          0        152   heapauxi.o
        44         10        272          0          0         76   lc_ctype_c.o
        44         10         28          0          0         76   lc_numeric_c.o
         2          0          0          0          0          0   libinit.o
        34          0          0          0          0          0   libinit2.o
         2          0          0          0          0          0   libshutdown.o
         2          0          0          0          0          0   libshutdown2.o
         8          4          0          0         96         68   libspace.o
       138          0          0          0          0         80   lludiv10.o
        16          4          0          0          0         76   rt_ctype_table.o
         8          4          0          0          0         68   rt_locale_intlibspace.o
        68          0          0          0          0         68   rt_memclr.o
        78          0          0          0          0         80   rt_memclr_w.o
       138          0          0          0          0         68   rt_memcpy_v6.o
       100          0          0          0          0         80   rt_memcpy_w.o
         2          0          0          0          0          0   rtexit.o
        10          0          0          0          0          0   rtexit2.o
        44          6          0          0          0         84   sprintf.o
       124          0          0          0          0         88   strcmpv7em.o
        62          0          0          0          0         76   strlen.o
        74          0          0          0          0         80   sys_stackheap_outer.o
        26          0          0          0          0        116   fpinit.o
         4          0          0          0          0        116   printf1.o
         4          0          0          0          0        116   printf2.o
         0          0          0          0          0          0   usenofp.o
        48          0          0          0          0        124   fpclassify.o

    ----------------------------------------------------------------------
      7256        262        552          0         96       4628   Library Totals
        22          0          1          0          0          0   (incl. Padding)

    ----------------------------------------------------------------------

      Code (inc. data)   RO Data    RW Data    ZI Data      Debug   Library Name

      7152        262        551          0         96       4156   c_w.l
        34          0          0          0          0        348   fz_wm.l
        48          0          0          0          0        124   m_wm.l

    ----------------------------------------------------------------------
      7256        262        552          0         96       4628   Library Totals

    ----------------------------------------------------------------------

==============================================================================


      Code (inc. data)   RO Data    RW Data    ZI Data      Debug   

     26380        318       1772          4       6816      93397   Grand Totals
     26380        318       1772          4       6816      93397   ELF Image Totals
     26380        318       1772          4          0          0   ROM Totals

==============================================================================

    Total RO  Size (Code + RO Data)                28152 (  27.49kB)
    Total RW  Size (RW Data + ZI Data)              6820 (   6.66kB)
    Total ROM Size (Code + RO Data + RW Data)      28156 (  27.50kB)

==============================================================================

