Component: Arm Compiler for Embedded 6.19 Tool: armlink [5e73cb00]

==============================================================================

Section Cross References

    main.o(.ARM.exidx.text.LED_Set) refers to main.o(.text.LED_Set) for [Anonymous Symbol]
    main.o(.ARM.exidx.text.LED_AllOff) refers to main.o(.text.LED_AllOff) for [Anonymous Symbol]
    main.o(.ARM.exidx.text.Delay_ms) refers to main.o(.text.Delay_ms) for [Anonymous Symbol]
    main.o(.text.GateState_Set) refers to tasks.o(.bss.xGateStateMutex) for xGateStateMutex
    main.o(.text.GateState_Set) refers to queue.o(.text.xQueueSemaphoreTake) for xQueueSemaphoreTake
    main.o(.text.GateState_Set) refers to tasks.o(.bss.gateState) for gateState
    main.o(.text.GateState_Set) refers to queue.o(.text.xQueueGenericSend) for xQueueGenericSend
    main.o(.ARM.exidx.text.GateState_Set) refers to main.o(.text.GateState_Set) for [Anonymous Symbol]
    main.o(.text.GateState_Get) refers to tasks.o(.bss.xGateStateMutex) for xGateStateMutex
    main.o(.text.GateState_Get) refers to queue.o(.text.xQueueSemaphoreTake) for xQueueSemaphoreTake
    main.o(.text.GateState_Get) refers to tasks.o(.bss.gateState) for gateState
    main.o(.text.GateState_Get) refers to queue.o(.text.xQueueGenericSend) for xQueueGenericSend
    main.o(.ARM.exidx.text.GateState_Get) refers to main.o(.text.GateState_Get) for [Anonymous Symbol]
    main.o(.text.GateState_CompareAndSet) refers to tasks.o(.bss.xGateStateMutex) for xGateStateMutex
    main.o(.text.GateState_CompareAndSet) refers to queue.o(.text.xQueueSemaphoreTake) for xQueueSemaphoreTake
    main.o(.text.GateState_CompareAndSet) refers to tasks.o(.bss.gateState) for gateState
    main.o(.text.GateState_CompareAndSet) refers to queue.o(.text.xQueueGenericSend) for xQueueGenericSend
    main.o(.ARM.exidx.text.GateState_CompareAndSet) refers to main.o(.text.GateState_CompareAndSet) for [Anonymous Symbol]
    main.o(.text.Interrupt_Init) refers to main.o(.text.ISR_ConfigPort) for ISR_ConfigPort
    main.o(.ARM.exidx.text.Interrupt_Init) refers to main.o(.text.Interrupt_Init) for [Anonymous Symbol]
    main.o(.ARM.exidx.text.ISR_ConfigPort) refers to main.o(.text.ISR_ConfigPort) for [Anonymous Symbol]
    main.o(.text.GPIOF_Handler) refers to tasks.o(.bss.xObstacleSem) for xObstacleSem
    main.o(.text.GPIOF_Handler) refers to queue.o(.text.xQueueGiveFromISR) for xQueueGiveFromISR
    main.o(.ARM.exidx.text.GPIOF_Handler) refers to main.o(.text.GPIOF_Handler) for [Anonymous Symbol]
    main.o(.text.GPIOB_Handler) refers to main.o(.text.QueueEventFromISR) for QueueEventFromISR
    main.o(.ARM.exidx.text.GPIOB_Handler) refers to main.o(.text.GPIOB_Handler) for [Anonymous Symbol]
    main.o(.text.QueueEventFromISR) refers to tasks.o(.bss.xButtonQueue) for xButtonQueue
    main.o(.text.QueueEventFromISR) refers to queue.o(.text.xQueueGenericSendFromISR) for xQueueGenericSendFromISR
    main.o(.ARM.exidx.text.QueueEventFromISR) refers to main.o(.text.QueueEventFromISR) for [Anonymous Symbol]
    main.o(.text.GPIOD_Handler) refers to main.o(.text.QueueEventFromISR) for QueueEventFromISR
    main.o(.ARM.exidx.text.GPIOD_Handler) refers to main.o(.text.GPIOD_Handler) for [Anonymous Symbol]
    main.o(.text.GPIOE_Handler) refers to tasks.o(.bss.xOpenLimitSem) for xOpenLimitSem
    main.o(.text.GPIOE_Handler) refers to queue.o(.text.xQueueGiveFromISR) for xQueueGiveFromISR
    main.o(.text.GPIOE_Handler) refers to tasks.o(.bss.xClosedLimitSem) for xClosedLimitSem
    main.o(.ARM.exidx.text.GPIOE_Handler) refers to main.o(.text.GPIOE_Handler) for [Anonymous Symbol]
    main.o(.text.main) refers to main.o(.text.GPIO_Init) for GPIO_Init
    main.o(.text.main) refers to main.o(.text.Interrupt_Init) for Interrupt_Init
    main.o(.text.main) refers to queue.o(.text.xQueueGenericCreate) for xQueueGenericCreate
    main.o(.text.main) refers to tasks.o(.bss.xButtonQueue) for xButtonQueue
    main.o(.text.main) refers to tasks.o(.bss.xOpenLimitSem) for xOpenLimitSem
    main.o(.text.main) refers to tasks.o(.bss.xClosedLimitSem) for xClosedLimitSem
    main.o(.text.main) refers to tasks.o(.bss.xObstacleSem) for xObstacleSem
    main.o(.text.main) refers to queue.o(.text.xQueueCreateMutex) for xQueueCreateMutex
    main.o(.text.main) refers to tasks.o(.bss.xGateStateMutex) for xGateStateMutex
    main.o(.text.main) refers to tasks.o(.text.vInputTask) for vInputTask
    main.o(.text.main) refers to main.o(.rodata.str1.1) for .L.str
    main.o(.text.main) refers to tasks_1.o(.text.xTaskCreate) for xTaskCreate
    main.o(.text.main) refers to tasks.o(.text.vGateControlTask) for vGateControlTask
    main.o(.text.main) refers to tasks.o(.text.vLEDTask) for vLEDTask
    main.o(.text.main) refers to tasks.o(.text.vSafetyTask) for vSafetyTask
    main.o(.text.main) refers to tasks_1.o(.text.vTaskStartScheduler) for vTaskStartScheduler
    main.o(.ARM.exidx.text.main) refers to main.o(.text.main) for [Anonymous Symbol]
[...]
    .ARM.Collect$$libshutdown$$0000000F      0x000002ea   Section        0  libshutdown2.o(.ARM.Collect$$libshutdown$$0000000F)
    .ARM.Collect$$libshutdown$$00000010      0x000002ea   Section        2  libshutdown2.o(.ARM.Collect$$libshutdown$$00000010)
    .ARM.Collect$$rtentry$$00000000          0x000002ec   Section        0  __rtentry.o(.ARM.Collect$$rtentry$$00000000)
    .ARM.Collect$$rtentry$$00000002          0x000002ec   Section        0  __rtentry2.o(.ARM.Collect$$rtentry$$00000002)
    .ARM.Collect$$rtentry$$00000004          0x000002ec   Section        6  __rtentry4.o(.ARM.Collect$$rtentry$$00000004)
    .ARM.Collect$$rtentry$$00000009          0x000002f2   Section        0  __rtentry2.o(.ARM.Collect$$rtentry$$00000009)
    .ARM.Collect$$rtentry$$0000000A          0x000002f2   Section        4  __rtentry2.o(.ARM.Collect$$rtentry$$0000000A)
    .ARM.Collect$$rtentry$$0000000C          0x000002f6   Section        0  __rtentry2.o(.ARM.Collect$$rtentry$$0000000C)
    .ARM.Collect$$rtentry$$0000000D          0x000002f6   Section        8  __rtentry2.o(.ARM.Collect$$rtentry$$0000000D)
    .ARM.Collect$$rtexit$$00000000           0x000002fe   Section        2  rtexit.o(.ARM.Collect$$rtexit$$00000000)
    .ARM.Collect$$rtexit$$00000002           0x00000300   Section        0  rtexit2.o(.ARM.Collect$$rtexit$$00000002)
    .ARM.Collect$$rtexit$$00000003           0x00000300   Section        4  rtexit2.o(.ARM.Collect$$rtexit$$00000003)
    .ARM.Collect$$rtexit$$00000004           0x00000304   Section        6  rtexit2.o(.ARM.Collect$$rtexit$$00000004)
    $v0                                      0x0000030c   Number         0  startup_tm4c123.o(.text)
    .text                                    0x0000030c   Section      276  startup_tm4c123.o(.text)
    .text                                    0x00000420   Section      138  rt_memcpy_v6.o(.text)
    .text                                    0x000004aa   Section       16  aeabi_memset4.o(.text)
    .text                                    0x000004ba   Section       68  rt_memclr.o(.text)
    .text                                    0x000004fe   Section        0  heapauxi.o(.text)
    .text                                    0x00000504   Section      100  rt_memcpy_w.o(.text)
    .text                                    0x00000568   Section       78  rt_memclr_w.o(.text)
    .text                                    0x000005b6   Section       74  sys_stackheap_outer.o(.text)
    .text                                    0x00000600   Section        0  exit.o(.text)
    .text                                    0x00000614   Section        8  libspace.o(.text)
    [Anonymous Symbol]                       0x0000061c   Section        0  main.o(.text.GPIOB_Handler)
    [Anonymous Symbol]                       0x000006e4   Section        0  main.o(.text.GPIOD_Handler)
    [Anonymous Symbol]                       0x000007ac   Section        0  main.o(.text.GPIOE_Handler)
    [Anonymous Symbol]                       0x00000860   Section        0  main.o(.text.GPIOF_Handler)
    GPIO_Init                                0x000008d5   Thumb Code   450  main.o(.text.GPIO_Init)
    [Anonymous Symbol]                       0x000008d4   Section        0  main.o(.text.GPIO_Init)
    [Anonymous Symbol]                       0x00000a98   Section        0  main.o(.text.GateState_CompareAndSet)
    [Anonymous Symbol]                       0x00000b0c   Section        0  main.o(.text.GateState_Get)
    [Anonymous Symbol]                       0x00000b50   Section        0  main.o(.text.GateState_Set)
    ISR_ConfigPort                           0x00000b95   Thumb Code    54  main.o(.text.ISR_ConfigPort)
    [Anonymous Symbol]                       0x00000b94   Section        0  main.o(.text.ISR_ConfigPort)
    [Anonymous Symbol]                       0x00000bcc   Section        0  main.o(.text.Interrupt_Init)
    [Anonymous Symbol]                       0x00000cfc   Section        0  main.o(.text.LED_AllOff)
    QueueEventFromISR                        0x00000d11   Thumb Code    66  main.o(.text.QueueEventFromISR)
    [Anonymous Symbol]                       0x00000d10   Section        0  main.o(.text.QueueEventFromISR)
    [Anonymous Symbol]                       0x00000d54   Section        0  system_tm4c123.o(.text.SystemInit)
    [Anonymous Symbol]                       0x00000e60   Section        0  retarget.o(.text._sys_exit)
    [Anonymous Symbol]                       0x00000e6c   Section        0  main.o(.text.main)
    prvAddCurrentTaskToDelayedList           0x00000f7d   Thumb Code   300  tasks_1.o(.text.prvAddCurrentTaskToDelayedList)
    [Anonymous Symbol]                       0x00000f7c   Section        0  tasks_1.o(.text.prvAddCurrentTaskToDelayedList)
    prvAddNewTaskToReadyList                 0x000010a9   Thumb Code   362  tasks_1.o(.text.prvAddNewTaskToReadyList)
    [Anonymous Symbol]                       0x000010a8   Section        0  tasks_1.o(.text.prvAddNewTaskToReadyList)
    prvCheckForValidListAndQueue             0x00001215   Thumb Code   126  timers.o(.text.prvCheckForValidListAndQueue)
    [Anonymous Symbol]                       0x00001214   Section        0  timers.o(.text.prvCheckForValidListAndQueue)
    prvCheckTasksWaitingTermination          0x00001295   Thumb Code    90  tasks_1.o(.text.prvCheckTasksWaitingTermination)
    [Anonymous Symbol]                       0x00001294   Section        0  tasks_1.o(.text.prvCheckTasksWaitingTermination)
    prvCopyDataFromQueue                     0x000012f1   Thumb Code    66  queue.o(.text.prvCopyDataFromQueue)
    [Anonymous Symbol]                       0x000012f0   Section        0  queue.o(.text.prvCopyDataFromQueue)
    prvCopyDataToQueue                       0x00001335   Thumb Code   204  queue.o(.text.prvCopyDataToQueue)
    [Anonymous Symbol]                       0x00001334   Section        0  queue.o(.text.prvCopyDataToQueue)
    prvCreateIdleTasks                       0x00001401   Thumb Code   216  tasks_1.o(.text.prvCreateIdleTasks)
    [Anonymous Symbol]                       0x00001400   Section        0  tasks_1.o(.text.prvCreateIdleTasks)
    prvCreateStaticTask                      0x000014d9   Thumb Code   212  tasks_1.o(.text.prvCreateStaticTask)
    [Anonymous Symbol]                       0x000014d8   Section        0  tasks_1.o(.text.prvCreateStaticTask)
    prvCreateTask                            0x000015ad   Thumb Code   142  tasks_1.o(.text.prvCreateTask)
    [Anonymous Symbol]                       0x000015ac   Section        0  tasks_1.o(.text.prvCreateTask)
    prvDeleteTCB                             0x0000163d   Thumb Code    94  tasks_1.o(.text.prvDeleteTCB)
    [Anonymous Symbol]                       0x0000163c   Section        0  tasks_1.o(.text.prvDeleteTCB)
    prvGetHighestPriorityOfWaitToReceiveList 0x0000169d   Thumb Code    38  queue.o(.text.prvGetHighestPriorityOfWaitToReceiveList)
    [Anonymous Symbol]                       0x0000169c   Section        0  queue.o(.text.prvGetHighestPriorityOfWaitToReceiveList)
    prvGetNextExpireTime                     0x000016c5   Thumb Code    72  timers.o(.text.prvGetNextExpireTime)
    [Anonymous Symbol]                       0x000016c4   Section        0  timers.o(.text.prvGetNextExpireTime)
    prvHeapInit                              0x0000170d   Thumb Code   170  heap_4.o(.text.prvHeapInit)
    [Anonymous Symbol]                       0x0000170c   Section        0  heap_4.o(.text.prvHeapInit)
    prvIdleTask                              0x000017b9   Thumb Code    56  tasks_1.o(.text.prvIdleTask)
    [Anonymous Symbol]                       0x000017b8   Section        0  tasks_1.o(.text.prvIdleTask)
    prvInitialiseMutex                       0x000017f1   Thumb Code    48  queue.o(.text.prvInitialiseMutex)
    [Anonymous Symbol]                       0x000017f0   Section        0  queue.o(.text.prvInitialiseMutex)
    prvInitialiseNewQueue                    0x00001821   Thumb Code    62  queue.o(.text.prvInitialiseNewQueue)
    [Anonymous Symbol]                       0x00001820   Section        0  queue.o(.text.prvInitialiseNewQueue)
    prvInitialiseNewTask                     0x00001861   Thumb Code   302  tasks_1.o(.text.prvInitialiseNewTask)
    [Anonymous Symbol]                       0x00001860   Section        0  tasks_1.o(.text.prvInitialiseNewTask)
    prvInitialiseTaskLists                   0x00001991   Thumb Code   142  tasks_1.o(.text.prvInitialiseTaskLists)
    [Anonymous Symbol]                       0x00001990   Section        0  tasks_1.o(.text.prvInitialiseTaskLists)
    prvInsertBlockIntoFreeList               0x00001a21   Thumb Code   292  heap_4.o(.text.prvInsertBlockIntoFreeList)
    [Anonymous Symbol]                       0x00001a20   Section        0  heap_4.o(.text.prvInsertBlockIntoFreeList)
    prvInsertTimerInActiveList               0x00001b45   Thumb Code   190  timers.o(.text.prvInsertTimerInActiveList)
    [Anonymous Symbol]                       0x00001b44   Section        0  timers.o(.text.prvInsertTimerInActiveList)
    prvIsQueueEmpty                          0x00001c05   Thumb Code    40  queue.o(.text.prvIsQueueEmpty)
    [Anonymous Symbol]                       0x00001c04   Section        0  queue.o(.text.prvIsQueueEmpty)
    prvIsQueueFull                           0x00001c2d   Thumb Code    46  queue.o(.text.prvIsQueueFull)
    [Anonymous Symbol]                       0x00001c2c   Section        0  queue.o(.text.prvIsQueueFull)
    prvPortStartFirstTask                    0x00001c5d   Thumb Code    40  port.o(.text.prvPortStartFirstTask)
    [Anonymous Symbol]                       0x00001c5c   Section        0  port.o(.text.prvPortStartFirstTask)
    prvProcessExpiredTimer                   0x00001c85   Thumb Code   104  timers.o(.text.prvProcessExpiredTimer)
    [Anonymous Symbol]                       0x00001c84   Section        0  timers.o(.text.prvProcessExpiredTimer)
    prvProcessReceivedCommands               0x00001ced   Thumb Code   446  timers.o(.text.prvProcessReceivedCommands)
    [Anonymous Symbol]                       0x00001cec   Section        0  timers.o(.text.prvProcessReceivedCommands)
    prvProcessTimerOrBlockTask               0x00001ead   Thumb Code   188  timers.o(.text.prvProcessTimerOrBlockTask)
    [Anonymous Symbol]                       0x00001eac   Section        0  timers.o(.text.prvProcessTimerOrBlockTask)
    prvReloadTimer                           0x00001f69   Thumb Code   102  timers.o(.text.prvReloadTimer)
    [Anonymous Symbol]                       0x00001f68   Section        0  timers.o(.text.prvReloadTimer)
    prvResetNextTaskUnblockTime              0x00001fd1   Thumb Code    66  tasks_1.o(.text.prvResetNextTaskUnblockTime)
    [Anonymous Symbol]                       0x00001fd0   Section        0  tasks_1.o(.text.prvResetNextTaskUnblockTime)
    prvSampleTimeNow                         0x00002015   Thumb Code    82  timers.o(.text.prvSampleTimeNow)
    [Anonymous Symbol]                       0x00002014   Section        0  timers.o(.text.prvSampleTimeNow)
    prvSwitchTimerLists                      0x00002069   Thumb Code    90  timers.o(.text.prvSwitchTimerLists)
    [Anonymous Symbol]                       0x00002068   Section        0  timers.o(.text.prvSwitchTimerLists)
    prvTaskExitError                         0x000020c5   Thumb Code    76  port.o(.text.prvTaskExitError)
    [Anonymous Symbol]                       0x000020c4   Section        0  port.o(.text.prvTaskExitError)
    prvTimerTask                             0x00002111   Thumb Code    34  timers.o(.text.prvTimerTask)
    [Anonymous Symbol]                       0x00002110   Section        0  timers.o(.text.prvTimerTask)
    prvUnlockQueue                           0x00002135   Thumb Code   174  queue.o(.text.prvUnlockQueue)
    [Anonymous Symbol]                       0x00002134   Section        0  queue.o(.text.prvUnlockQueue)
    [Anonymous Symbol]                       0x000021e4   Section        0  heap_4.o(.text.pvPortMalloc)
    [Anonymous Symbol]                       0x000024ec   Section        0  tasks_1.o(.text.pvTaskIncrementMutexHeldCount)
    [Anonymous Symbol]                       0x00002510   Section        0  port.o(.text.pxPortInitialiseStack)
    [Anonymous Symbol]                       0x00002570   Section        0  list.o(.text.uxListRemove)
    [Anonymous Symbol]                       0x000025b8   Section        0  tasks_1.o(.text.uxTaskGetNumberOfTasks)
    [Anonymous Symbol]                       0x000025c4   Section        0  tasks_1.o(.text.vApplicationGetIdleTaskMemory)
    [Anonymous Symbol]                       0x000025f0   Section        0  tasks_1.o(.text.vApplicationGetTimerTaskMemory)
    [Anonymous Symbol]                       0x0000261c   Section        0  tasks.o(.text.vApplicationStackOverflowHook)
    [Anonymous Symbol]                       0x00002628   Section        0  tasks.o(.text.vGateControlTask)
    [Anonymous Symbol]                       0x00002900   Section        0  tasks.o(.text.vInputTask)
    [Anonymous Symbol]                       0x00002a18   Section        0  tasks.o(.text.vLEDTask)
    [Anonymous Symbol]                       0x00002a84   Section        0  list.o(.text.vListInitialise)
    [Anonymous Symbol]                       0x00002ab4   Section        0  list.o(.text.vListInitialiseItem)
    [Anonymous Symbol]                       0x00002ac4   Section        0  list.o(.text.vListInsert)
    vPortEnableVFP                           0x00002b3d   Thumb Code    20  port.o(.text.vPortEnableVFP)
    [Anonymous Symbol]                       0x00002b3c   Section        0  port.o(.text.vPortEnableVFP)
    [Anonymous Symbol]                       0x00002b50   Section        0  port.o(.text.vPortEnterCritical)
    [Anonymous Symbol]                       0x00002ba8   Section        0  port.o(.text.vPortExitCritical)
    [Anonymous Symbol]                       0x00002bf4   Section        0  heap_4.o(.text.vPortFree)
    [Anonymous Symbol]                       0x00002d18   Section        0  port.o(.text.vPortSVCHandler)
    [Anonymous Symbol]                       0x00002d38   Section        0  port.o(.text.vPortSetupTimerInterrupt)
    [Anonymous Symbol]                       0x00002d68   Section        0  port.o(.text.vPortValidateInterruptPriority)
    [Anonymous Symbol]                       0x00002dec   Section        0  queue.o(.text.vQueueWaitForMessageRestricted)
    [Anonymous Symbol]                       0x00002e5c   Section        0  tasks.o(.text.vSafetyTask)
    [Anonymous Symbol]                       0x00002ea0   Section        0  tasks_1.o(.text.vTaskDelay)
    [Anonymous Symbol]                       0x00002f18   Section        0  tasks_1.o(.text.vTaskInternalSetTimeOutState)
    [Anonymous Symbol]                       0x00002f40   Section        0  tasks_1.o(.text.vTaskMissedYield)
    [Anonymous Symbol]                       0x00002f50   Section        0  tasks_1.o(.text.vTaskPlaceOnEventList)
    [Anonymous Symbol]                       0x00002f98   Section        0  tasks_1.o(.text.vTaskPlaceOnEventListRestricted)
    [Anonymous Symbol]                       0x00003020   Section        0  tasks_1.o(.text.vTaskPriorityDisinheritAfterTimeout)
    [Anonymous Symbol]                       0x000031b0   Section        0  tasks_1.o(.text.vTaskStartScheduler)
    [Anonymous Symbol]                       0x00003244   Section        0  tasks_1.o(.text.vTaskSuspendAll)
    __tagsym$$used.0                         0x00003254   Number         0  tasks_1.o(.text.vTaskSwitchContext)
    [Anonymous Symbol]                       0x00003254   Section        0  tasks_1.o(.text.vTaskSwitchContext)
    [Anonymous Symbol]                       0x0000339c   Section        0  port.o(.text.xPortPendSVHandler)
    [Anonymous Symbol]                       0x000033fc   Section        0  port.o(.text.xPortStartScheduler)
    [Anonymous Symbol]                       0x000035e8   Section        0  queue.o(.text.xQueueCreateMutex)
    [Anonymous Symbol]                       0x00003610   Section        0  queue.o(.text.xQueueGenericCreate)
    [Anonymous Symbol]                       0x000036b4   Section        0  queue.o(.text.xQueueGenericCreateStatic)
    [Anonymous Symbol]                       0x0000377c   Section        0  queue.o(.text.xQueueGenericReset)
    [Anonymous Symbol]                       0x00003884   Section        0  queue.o(.text.xQueueGenericSend)
    [Anonymous Symbol]                       0x00003ac0   Section        0  queue.o(.text.xQueueGenericSendFromISR)
    [Anonymous Symbol]                       0x00003c44   Section        0  queue.o(.text.xQueueGiveFromISR)
    [Anonymous Symbol]                       0x00003da0   Section        0  queue.o(.text.xQueueReceive)
    [Anonymous Symbol]                       0x00003f88   Section        0  queue.o(.text.xQueueSemaphoreTake)
    [Anonymous Symbol]                       0x000041a4   Section        0  tasks_1.o(.text.xTaskCheckForTimeOut)
    [Anonymous Symbol]                       0x000042a4   Section        0  tasks_1.o(.text.xTaskCreate)
    [Anonymous Symbol]                       0x000042f8   Section        0  tasks_1.o(.text.xTaskCreateStatic)
    [Anonymous Symbol]                       0x00004354   Section        0  tasks_1.o(.text.xTaskGetSchedulerState)
    [Anonymous Symbol]                       0x0000438c   Section        0  tasks_1.o(.text.xTaskGetTickCount)
    [Anonymous Symbol]                       0x000043b0   Section        0  tasks_1.o(.text.xTaskIncrementTick)
    [Anonymous Symbol]                       0x00004638   Section        0  tasks_1.o(.text.xTaskPriorityDisinherit)
    [Anonymous Symbol]                       0x0000477c   Section        0  tasks_1.o(.text.xTaskPriorityInherit)
    [Anonymous Symbol]                       0x000048e4   Section        0  tasks_1.o(.text.xTaskRemoveFromEventList)
    [Anonymous Symbol]                       0x00004a94   Section        0  tasks_1.o(.text.xTaskResumeAll)
    [Anonymous Symbol]                       0x00004d00   Section        0  timers.o(.text.xTimerCreateTimerTask)
    $v0                                      0x00004d94   Number         0  fpinit.o(x$fpl$fpinit)
    x$fpl$fpinit                             0x00004d94   Section       26  fpinit.o(x$fpl$fpinit)
    .L.str.2                                 0x00004dae   Data           4  main.o(.rodata.str1.1)
    [Anonymous Symbol]                       0x00004dae   Section        0  main.o(.rodata.str1.1)
    .L.str.1                                 0x00004db2   Data           5  main.o(.rodata.str1.1)
    .L.str                                   0x00004db7   Data           6  main.o(.rodata.str1.1)
    .L.str.3                                 0x00004dbd   Data           7  main.o(.rodata.str1.1)
    .L.str                                   0x00004dc4   Data           5  tasks_1.o(.rodata.str1.1)
    [Anonymous Symbol]                       0x00004dc4   Section        0  tasks_1.o(.rodata.str1.1)
    .L.str                                   0x00004dc9   Data           8  timers.o(.rodata.str1.1)
    [Anonymous Symbol]                       0x00004dc9   Section        0  timers.o(.rodata.str1.1)
    uxTopUsedPriority                        0x00004dd4   Data           4  tasks_1.o(.rodata.uxTopUsedPriority)
    [Anonymous Symbol]                       0x00004dd4   Section        0  tasks_1.o(.rodata.uxTopUsedPriority)
    uxCriticalNesting                        0x20000000   Data           4  port.o(.data.uxCriticalNesting)
    [Anonymous Symbol]                       0x20000000   Section        0  port.o(.data.uxCriticalNesting)
    .bss                                     0x20000008   Section       96  libspace.o(.bss)
    bAutoMode                                0x20000068   Data           1  tasks.o(.bss.bAutoMode)
    [Anonymous Symbol]                       0x20000068   Section        0  tasks.o(.bss.bAutoMode)
    bSecurityActive                          0x20000069   Data           1  tasks.o(.bss.bSecurityActive)
    [Anonymous Symbol]                       0x20000069   Section        0  tasks.o(.bss.bSecurityActive)
    pressTime                                0x20000070   Data          56  tasks.o(.bss.pressTime)
    [Anonymous Symbol]                       0x20000070   Section        0  tasks.o(.bss.pressTime)
    prvCheckForValidListAndQueue.ucStaticTimerQueueStorage 0x200000a8   Data         240  timers.o(.bss.prvCheckForValidListAndQueue.ucStaticTimerQueueStorage)
    [Anonymous Symbol]                       0x200000a8   Section        0  timers.o(.bss.prvCheckForValidListAndQueue.ucStaticTimerQueueStorage)
    prvCheckForValidListAndQueue.xStaticTimerQueue 0x20000198   Data          80  timers.o(.bss.prvCheckForValidListAndQueue.xStaticTimerQueue)
    [Anonymous Symbol]                       0x20000198   Section        0  timers.o(.bss.prvCheckForValidListAndQueue.xStaticTimerQueue)
    prvSampleTimeNow.xLastTime               0x200001e8   Data           8  timers.o(.bss.prvSampleTimeNow.xLastTime)
    [Anonymous Symbol]                       0x200001e8   Section        0  timers.o(.bss.prvSampleTimeNow.xLastTime)
    __tagsym$$used.1                         0x200001f0   Number         0  tasks_1.o(.bss.pxCurrentTCB)
    pxCurrentTimerList                       0x200001f4   Data           4  timers.o(.bss.pxCurrentTimerList)
    [Anonymous Symbol]                       0x200001f4   Section        0  timers.o(.bss.pxCurrentTimerList)
    pxDelayedTaskList                        0x200001f8   Data           4  tasks_1.o(.bss.pxDelayedTaskList)
    [Anonymous Symbol]                       0x200001f8   Section        0  tasks_1.o(.bss.pxDelayedTaskList)
    pxEnd                                    0x200001fc   Data           4  heap_4.o(.bss.pxEnd)
    [Anonymous Symbol]                       0x200001fc   Section        0  heap_4.o(.bss.pxEnd)
    pxOverflowDelayedTaskList                0x20000200   Data           4  tasks_1.o(.bss.pxOverflowDelayedTaskList)
    [Anonymous Symbol]                       0x20000200   Section        0  tasks_1.o(.bss.pxOverflowDelayedTaskList)
    pxOverflowTimerList                      0x20000204   Data           4  timers.o(.bss.pxOverflowTimerList)
    [Anonymous Symbol]                       0x20000204   Section        0  timers.o(.bss.pxOverflowTimerList)
    pxReadyTasksLists                        0x20000208   Data         120  tasks_1.o(.bss.pxReadyTasksLists)
    [Anonymous Symbol]                       0x20000208   Section        0  tasks_1.o(.bss.pxReadyTasksLists)
    ucHeap                                   0x20000280   Data        4096  heap_4.o(.bss.ucHeap)
    [Anonymous Symbol]                       0x20000280   Section        0  heap_4.o(.bss.ucHeap)
    ucMaxSysCallPriority                     0x20001280   Data           1  port.o(.bss.ucMaxSysCallPriority)
    [Anonymous Symbol]                       0x20001280   Section        0  port.o(.bss.ucMaxSysCallPriority)
    ulMaxPRIGROUPValue                       0x20001284   Data           4  port.o(.bss.ulMaxPRIGROUPValue)
    [Anonymous Symbol]                       0x20001284   Section        0  port.o(.bss.ulMaxPRIGROUPValue)
    uxCurrentNumberOfTasks                   0x20001288   Data           4  tasks_1.o(.bss.uxCurrentNumberOfTasks)
    [Anonymous Symbol]                       0x20001288   Section        0  tasks_1.o(.bss.uxCurrentNumberOfTasks)
    uxDeletedTasksWaitingCleanUp             0x2000128c   Data           4  tasks_1.o(.bss.uxDeletedTasksWaitingCleanUp)
    [Anonymous Symbol]                       0x2000128c   Section        0  tasks_1.o(.bss.uxDeletedTasksWaitingCleanUp)
    uxSchedulerSuspended                     0x20001290   Data           4  tasks_1.o(.bss.uxSchedulerSuspended)
    [Anonymous Symbol]                       0x20001290   Section        0  tasks_1.o(.bss.uxSchedulerSuspended)
    uxTaskNumber                             0x20001294   Data           4  tasks_1.o(.bss.uxTaskNumber)
    [Anonymous Symbol]                       0x20001294   Section        0  tasks_1.o(.bss.uxTaskNumber)
    uxTopReadyPriority                       0x20001298   Data           4  tasks_1.o(.bss.uxTopReadyPriority)
    [Anonymous Symbol]                       0x20001298   Section        0  tasks_1.o(.bss.uxTopReadyPriority)
    vApplicationGetIdleTaskMemory.uxIdleTaskStack 0x2000129c   Data         512  tasks_1.o(.bss.vApplicationGetIdleTaskMemory.uxIdleTaskStack)
    [Anonymous Symbol]                       0x2000129c   Section        0  tasks_1.o(.bss.vApplicationGetIdleTaskMemory.uxIdleTaskStack)
    vApplicationGetIdleTaskMemory.xIdleTaskTCB 0x200014a0   Data          96  tasks_1.o(.bss.vApplicationGetIdleTaskMemory.xIdleTaskTCB)
    [Anonymous Symbol]                       0x200014a0   Section        0  tasks_1.o(.bss.vApplicationGetIdleTaskMemory.xIdleTaskTCB)
    vApplicationGetTimerTaskMemory.uxTimerTaskStack 0x20001500   Data         512  tasks_1.o(.bss.vApplicationGetTimerTaskMemory.uxTimerTaskStack)
    [Anonymous Symbol]                       0x20001500   Section        0  tasks_1.o(.bss.vApplicationGetTimerTaskMemory.uxTimerTaskStack)
    vApplicationGetTimerTaskMemory.xTimerTaskTCB 0x20001700   Data          96  tasks_1.o(.bss.vApplicationGetTimerTaskMemory.xTimerTaskTCB)
    [Anonymous Symbol]                       0x20001700   Section        0  tasks_1.o(.bss.vApplicationGetTimerTaskMemory.xTimerTaskTCB)
    xActiveTimerList1                        0x20001760   Data          24  timers.o(.bss.xActiveTimerList1)
    [Anonymous Symbol]                       0x20001760   Section        0  timers.o(.bss.xActiveTimerList1)
    xActiveTimerList2                        0x20001778   Data          24  timers.o(.bss.xActiveTimerList2)
    [Anonymous Symbol]                       0x20001778   Section        0  timers.o(.bss.xActiveTimerList2)
    xDelayedTaskList1                        0x20001798   Data          24  tasks_1.o(.bss.xDelayedTaskList1)
    [Anonymous Symbol]                       0x20001798   Section        0  tasks_1.o(.bss.xDelayedTaskList1)
    xDelayedTaskList2                        0x200017b0   Data          24  tasks_1.o(.bss.xDelayedTaskList2)
    [Anonymous Symbol]                       0x200017b0   Section        0  tasks_1.o(.bss.xDelayedTaskList2)
    xFreeBytesRemaining                      0x200017c8   Data           4  heap_4.o(.bss.xFreeBytesRemaining)
    [Anonymous Symbol]                       0x200017c8   Section        0  heap_4.o(.bss.xFreeBytesRemaining)
    xIdleTaskHandles                         0x200017d0   Data           4  tasks_1.o(.bss.xIdleTaskHandles)
    [Anonymous Symbol]                       0x200017d0   Section        0  tasks_1.o(.bss.xIdleTaskHandles)
    xMinimumEverFreeBytesRemaining           0x200017d4   Data           4  heap_4.o(.bss.xMinimumEverFreeBytesRemaining)
    [Anonymous Symbol]                       0x200017d4   Section        0  heap_4.o(.bss.xMinimumEverFreeBytesRemaining)
    xNextTaskUnblockTime                     0x200017d8   Data           8  tasks_1.o(.bss.xNextTaskUnblockTime)
    [Anonymous Symbol]                       0x200017d8   Section        0  tasks_1.o(.bss.xNextTaskUnblockTime)
    xNumOfOverflows                          0x200017e0   Data           4  tasks_1.o(.bss.xNumOfOverflows)
    [Anonymous Symbol]                       0x200017e0   Section        0  tasks_1.o(.bss.xNumOfOverflows)
    xNumberOfSuccessfulAllocations           0x200017e4   Data           4  heap_4.o(.bss.xNumberOfSuccessfulAllocations)
    [Anonymous Symbol]                       0x200017e4   Section        0  heap_4.o(.bss.xNumberOfSuccessfulAllocations)
    xNumberOfSuccessfulFrees                 0x200017e8   Data           4  heap_4.o(.bss.xNumberOfSuccessfulFrees)
    [Anonymous Symbol]                       0x200017e8   Section        0  heap_4.o(.bss.xNumberOfSuccessfulFrees)
    xPendedTicks                             0x200017f8   Data           8  tasks_1.o(.bss.xPendedTicks)
    [Anonymous Symbol]                       0x200017f8   Section        0  tasks_1.o(.bss.xPendedTicks)
    xPendingReadyList                        0x20001800   Data          24  tasks_1.o(.bss.xPendingReadyList)
    [Anonymous Symbol]                       0x20001800   Section        0  tasks_1.o(.bss.xPendingReadyList)
    xSchedulerRunning                        0x20001818   Data           4  tasks_1.o(.bss.xSchedulerRunning)
    [Anonymous Symbol]                       0x20001818   Section        0  tasks_1.o(.bss.xSchedulerRunning)
    xStart                                   0x2000181c   Data           8  heap_4.o(.bss.xStart)
    [Anonymous Symbol]                       0x2000181c   Section        0  heap_4.o(.bss.xStart)
    xSuspendedTaskList                       0x20001828   Data          24  tasks_1.o(.bss.xSuspendedTaskList)
    [Anonymous Symbol]                       0x20001828   Section        0  tasks_1.o(.bss.xSuspendedTaskList)
    xTasksWaitingTermination                 0x20001840   Data          24  tasks_1.o(.bss.xTasksWaitingTermination)
    [Anonymous Symbol]                       0x20001840   Section        0  tasks_1.o(.bss.xTasksWaitingTermination)
    xTickCount                               0x20001858   Data           8  tasks_1.o(.bss.xTickCount)
    [Anonymous Symbol]                       0x20001858   Section        0  tasks_1.o(.bss.xTickCount)
    xTimerQueue                              0x20001860   Data           4  timers.o(.bss.xTimerQueue)
    [Anonymous Symbol]                       0x20001860   Section        0  timers.o(.bss.xTimerQueue)
    xTimerTaskHandle                         0x20001864   Data           4  timers.o(.bss.xTimerTaskHandle)
    [Anonymous Symbol]                       0x20001864   Section        0  timers.o(.bss.xTimerTaskHandle)
    xYieldPendings                           0x20001868   Data           4  tasks_1.o(.bss.xYieldPendings)
    [Anonymous Symbol]                       0x20001868   Section        0  tasks_1.o(.bss.xYieldPendings)
    Heap_Mem                                 0x20001870   Data           0  startup_tm4c123.o(HEAP)
    Stack_Mem                                0x20001870   Data         512  startup_tm4c123.o(STACK)
    HEAP                                     0x20001870   Section        0  startup_tm4c123.o(HEAP)
    STACK                                    0x20001870   Section      512  startup_tm4c123.o(STACK)
    __initial_sp                             0x20001a70   Data           0  startup_tm4c123.o(STACK)

    Global Symbols

    Symbol Name                              Value     Ov Type        Size  Object(Section)

    BuildAttributes$$THM_ISAv4$E$P$D$K$B$S$7EM$VFPi3$EXTD16$VFPS$VFMA$PE$A:L22UL41UL21$X:L11$S22US41US21$IEEE1$IW$~IW$USESV6$~STKCKD$USESV7$~SHL$OTIME$ROPI$IEEEJ$EBA8$UX$STANDARDLIB$REQ8$PRES8$EABIv2 0x00000000   Number         0  anon$$obj.o ABSOLUTE
    __Vectors                                0x00000000   Data           4  startup_tm4c123.o(RESET)
    _printf_flags                            0x00000000   Number         0  printf_stubs.o ABSOLUTE
    _printf_return_value                     0x00000000   Number         0  printf_stubs.o ABSOLUTE
    _printf_sizespec                         0x00000000   Number         0  printf_stubs.o ABSOLUTE
    _printf_widthprec                        0x00000000   Number         0  printf_stubs.o ABSOLUTE
    __ARM_exceptions_init                     - Undefined Weak Reference
    __alloca_initialize                       - Undefined Weak Reference
    __arm_preinit_                            - Undefined Weak Reference
    __arm_relocate_pie_                       - Undefined Weak Reference
    __cpp_initialize__aeabi_                  - Undefined Weak Reference
    __cxa_finalize                            - Undefined Weak Reference
    __sigvec_lookup                           - Undefined Weak Reference
    _atexit_init                              - Undefined Weak Reference
    _call_atexit_fns                          - Undefined Weak Reference
    _clock_init                               - Undefined Weak Reference
    _fp_trap_init                             - Undefined Weak Reference
    _fp_trap_shutdown                         - Undefined Weak Reference
    _get_lc_collate                           - Undefined Weak Reference
    _get_lc_monetary                          - Undefined Weak Reference
    _get_lc_time                              - Undefined Weak Reference
    _getenv_init                              - Undefined Weak Reference
    _handle_redirection                       - Undefined Weak Reference
    _init_alloc                               - Undefined Weak Reference
    _init_user_alloc                          - Undefined Weak Reference
    _initio                                   - Undefined Weak Reference
    _printf_mbtowc                            - Undefined Weak Reference
    _printf_wc                                - Undefined Weak Reference
    _rand_init                                - Undefined Weak Reference
    _signal_finish                            - Undefined Weak Reference
    _signal_init                              - Undefined Weak Reference
    _terminate_alloc                          - Undefined Weak Reference
    _terminate_user_alloc                     - Undefined Weak Reference
    _terminateio                              - Undefined Weak Reference
    __Vectors_End                            0x0000026c   Data           0  startup_tm4c123.o(RESET)
    __Vectors_Size                           0x0000026c   Number         0  startup_tm4c123.o ABSOLUTE
    __main                                   0x0000026d   Thumb Code     8  __main.o(!!!main)
    __scatterload                            0x00000275   Thumb Code     0  __scatter.o(!!!scatter)
    __scatterload_rt2                        0x00000275   Thumb Code    44  __scatter.o(!!!scatter)
    __scatterload_rt2_thumb_only             0x00000275   Thumb Code     0  __scatter.o(!!!scatter)
    __scatterload_null                       0x00000283   Thumb Code     0  __scatter.o(!!!scatter)
    __scatterload_copy                       0x000002a9   Thumb Code    26  __scatter_copy.o(!!handler_copy)
    __scatterload_zeroinit                   0x000002c5   Thumb Code    28  __scatter_zi.o(!!handler_zi)
    __rt_lib_init                            0x000002e1   Thumb Code     0  libinit.o(.ARM.Collect$$libinit$$00000000)
    __rt_lib_init_fp_1                       0x000002e3   Thumb Code     0  libinit2.o(.ARM.Collect$$libinit$$00000001)
    __rt_lib_init_alloca_1                   0x000002e7   Thumb Code     0  libinit2.o(.ARM.Collect$$libinit$$00000030)
    __rt_lib_init_argv_1                     0x000002e7   Thumb Code     0  libinit2.o(.ARM.Collect$$libinit$$0000002E)
    __rt_lib_init_atexit_1                   0x000002e7   Thumb Code     0  libinit2.o(.ARM.Collect$$libinit$$0000001D)
    __rt_lib_init_clock_1                    0x000002e7   Thumb Code     0  libinit2.o(.ARM.Collect$$libinit$$00000023)
    __rt_lib_init_cpp_1                      0x000002e7   Thumb Code     0  libinit2.o(.ARM.Collect$$libinit$$00000034)
    __rt_lib_init_exceptions_1               0x000002e7   Thumb Code     0  libinit2.o(.ARM.Collect$$libinit$$00000032)
    __rt_lib_init_fp_trap_1                  0x000002e7   Thumb Code     0  libinit2.o(.ARM.Collect$$libinit$$00000021)
    __rt_lib_init_getenv_1                   0x000002e7   Thumb Code     0  libinit2.o(.ARM.Collect$$libinit$$00000025)
    __rt_lib_init_heap_1                     0x000002e7   Thumb Code     0  libinit2.o(.ARM.Collect$$libinit$$0000000C)
    __rt_lib_init_lc_collate_1               0x000002e7   Thumb Code     0  libinit2.o(.ARM.Collect$$libinit$$00000013)
    __rt_lib_init_lc_ctype_1                 0x000002e7   Thumb Code     0  libinit2.o(.ARM.Collect$$libinit$$00000015)
    __rt_lib_init_lc_monetary_1              0x000002e7   Thumb Code     0  libinit2.o(.ARM.Collect$$libinit$$00000017)
    __rt_lib_init_lc_numeric_1               0x000002e7   Thumb Code     0  libinit2.o(.ARM.Collect$$libinit$$00000019)
    __rt_lib_init_lc_time_1                  0x000002e7   Thumb Code     0  libinit2.o(.ARM.Collect$$libinit$$0000001B)
    __rt_lib_init_preinit_1                  0x000002e7   Thumb Code     0  libinit2.o(.ARM.Collect$$libinit$$00000006)
    __rt_lib_init_rand_1                     0x000002e7   Thumb Code     0  libinit2.o(.ARM.Collect$$libinit$$00000010)
    __rt_lib_init_relocate_pie_1             0x000002e7   Thumb Code     0  libinit2.o(.ARM.Collect$$libinit$$00000004)
    __rt_lib_init_return                     0x000002e7   Thumb Code     0  libinit2.o(.ARM.Collect$$libinit$$00000035)
    __rt_lib_init_signal_1                   0x000002e7   Thumb Code     0  libinit2.o(.ARM.Collect$$libinit$$0000001F)
    __rt_lib_init_stdio_1                    0x000002e7   Thumb Code     0  libinit2.o(.ARM.Collect$$libinit$$00000027)
    __rt_lib_init_user_alloc_1               0x000002e7   Thumb Code     0  libinit2.o(.ARM.Collect$$libinit$$0000000E)
    __rt_lib_shutdown                        0x000002e9   Thumb Code     0  libshutdown.o(.ARM.Collect$$libshutdown$$00000000)
    __rt_lib_shutdown_cpp_1                  0x000002eb   Thumb Code     0  libshutdown2.o(.ARM.Collect$$libshutdown$$00000002)
    __rt_lib_shutdown_fp_trap_1              0x000002eb   Thumb Code     0  libshutdown2.o(.ARM.Collect$$libshutdown$$00000007)
    __rt_lib_shutdown_heap_1                 0x000002eb   Thumb Code     0  libshutdown2.o(.ARM.Collect$$libshutdown$$0000000F)
    __rt_lib_shutdown_return                 0x000002eb   Thumb Code     0  libshutdown2.o(.ARM.Collect$$libshutdown$$00000010)
    __rt_lib_shutdown_signal_1               0x000002eb   Thumb Code     0  libshutdown2.o(.ARM.Collect$$libshutdown$$0000000A)
    __rt_lib_shutdown_stdio_1                0x000002eb   Thumb Code     0  libshutdown2.o(.ARM.Collect$$libshutdown$$00000004)
    __rt_lib_shutdown_user_alloc_1           0x000002eb   Thumb Code     0  libshutdown2.o(.ARM.Collect$$libshutdown$$0000000C)
    __rt_entry                               0x000002ed   Thumb Code     0  __rtentry.o(.ARM.Collect$$rtentry$$00000000)
    __rt_entry_presh_1                       0x000002ed   Thumb Code     0  __rtentry2.o(.ARM.Collect$$rtentry$$00000002)
    __rt_entry_sh                            0x000002ed   Thumb Code     0  __rtentry4.o(.ARM.Collect$$rtentry$$00000004)
    __rt_entry_li                            0x000002f3   Thumb Code     0  __rtentry2.o(.ARM.Collect$$rtentry$$0000000A)
    __rt_entry_postsh_1                      0x000002f3   Thumb Code     0  __rtentry2.o(.ARM.Collect$$rtentry$$00000009)
    __rt_entry_main                          0x000002f7   Thumb Code     0  __rtentry2.o(.ARM.Collect$$rtentry$$0000000D)
    __rt_entry_postli_1                      0x000002f7   Thumb Code     0  __rtentry2.o(.ARM.Collect$$rtentry$$0000000C)
    __rt_exit                                0x000002ff   Thumb Code     0  rtexit.o(.ARM.Collect$$rtexit$$00000000)
    __rt_exit_ls                             0x00000301   Thumb Code     0  rtexit2.o(.ARM.Collect$$rtexit$$00000003)
    __rt_exit_prels_1                        0x00000301   Thumb Code     0  rtexit2.o(.ARM.Collect$$rtexit$$00000002)
    __rt_exit_exit                           0x00000305   Thumb Code     0  rtexit2.o(.ARM.Collect$$rtexit$$00000004)
    Reset_Handler                            0x0000030d   Thumb Code     8  startup_tm4c123.o(.text)
    NMI_Handler                              0x00000315   Thumb Code     2  startup_tm4c123.o(.text)
    HardFault_Handler                        0x00000317   Thumb Code     2  startup_tm4c123.o(.text)
    MemManage_Handler                        0x00000319   Thumb Code     2  startup_tm4c123.o(.text)
    BusFault_Handler                         0x0000031b   Thumb Code     2  startup_tm4c123.o(.text)
    UsageFault_Handler                       0x0000031d   Thumb Code     2  startup_tm4c123.o(.text)
    SVC_Handler                              0x0000031f   Thumb Code     2  startup_tm4c123.o(.text)
    DebugMon_Handler                         0x00000321   Thumb Code     2  startup_tm4c123.o(.text)
    PendSV_Handler                           0x00000323   Thumb Code     2  startup_tm4c123.o(.text)
    SysTick_Handler                          0x00000325   Thumb Code     2  startup_tm4c123.o(.text)
    GPIOA_Handler                            0x00000327   Thumb Code     2  startup_tm4c123.o(.text)
    GPIOC_Handler                            0x0000032b   Thumb Code     2  startup_tm4c123.o(.text)
    UART0_Handler                            0x00000331   Thumb Code     2  startup_tm4c123.o(.text)
    UART1_Handler                            0x00000333   Thumb Code     2  startup_tm4c123.o(.text)
    SSI0_Handler                             0x00000335   Thumb Code     2  startup_tm4c123.o(.text)
    I2C0_Handler                             0x00000337   Thumb Code     2  startup_tm4c123.o(.text)
    PMW0_FAULT_Handler                       0x00000339   Thumb Code     2  startup_tm4c123.o(.text)
    PWM0_0_Handler                           0x0000033b   Thumb Code     2  startup_tm4c123.o(.text)
    PWM0_1_Handler                           0x0000033d   Thumb Code     2  startup_tm4c123.o(.text)
    PWM0_2_Handler                           0x0000033f   Thumb Code     2  startup_tm4c123.o(.text)
    QEI0_Handler                             0x00000341   Thumb Code     2  startup_tm4c123.o(.text)
    ADC0SS0_Handler                          0x00000343   Thumb Code     2  startup_tm4c123.o(.text)
    ADC0SS1_Handler                          0x00000345   Thumb Code     2  startup_tm4c123.o(.text)
    ADC0SS2_Handler                          0x00000347   Thumb Code     2  startup_tm4c123.o(.text)
    ADC0SS3_Handler                          0x00000349   Thumb Code     2  startup_tm4c123.o(.text)
    WDT0_Handler                             0x0000034b   Thumb Code     2  startup_tm4c123.o(.text)
    TIMER0A_Handler                          0x0000034d   Thumb Code     2  startup_tm4c123.o(.text)
    TIMER0B_Handler                          0x0000034f   Thumb Code     2  startup_tm4c123.o(.text)
    TIMER1A_Handler                          0x00000351   Thumb Code     2  startup_tm4c123.o(.text)
    TIMER1B_Handler                          0x00000353   Thumb Code     2  startup_tm4c123.o(.text)
    TIMER2A_Handler                          0x00000355   Thumb Code     2  startup_tm4c123.o(.text)
    TIMER2B_Handler                          0x00000357   Thumb Code     2  startup_tm4c123.o(.text)
    COMP0_Handler                            0x00000359   Thumb Code     2  startup_tm4c123.o(.text)
    COMP1_Handler                            0x0000035b   Thumb Code     2  startup_tm4c123.o(.text)
    COMP2_Handler                            0x0000035d   Thumb Code     2  startup_tm4c123.o(.text)
    SYSCTL_Handler                           0x0000035f   Thumb Code     2  startup_tm4c123.o(.text)
    FLASH_Handler                            0x00000361   Thumb Code     2  startup_tm4c123.o(.text)
    GPIOG_Handler                            0x00000365   Thumb Code     2  startup_tm4c123.o(.text)
    GPIOH_Handler                            0x00000367   Thumb Code     2  startup_tm4c123.o(.text)
    UART2_Handler                            0x00000369   Thumb Code     2  startup_tm4c123.o(.text)
    SSI1_Handler                             0x0000036b   Thumb Code     2  startup_tm4c123.o(.text)
    TIMER3A_Handler                          0x0000036d   Thumb Code     2  startup_tm4c123.o(.text)
    TIMER3B_Handler                          0x0000036f   Thumb Code     2  startup_tm4c123.o(.text)
    I2C1_Handler                             0x00000371   Thumb Code     2  startup_tm4c123.o(.text)
    QEI1_Handler                             0x00000373   Thumb Code     2  startup_tm4c123.o(.text)
    CAN0_Handler                             0x00000375   Thumb Code     2  startup_tm4c123.o(.text)
    CAN1_Handler                             0x00000377   Thumb Code     2  startup_tm4c123.o(.text)
    CAN2_Handler                             0x00000379   Thumb Code     2  startup_tm4c123.o(.text)
    HIB_Handler                              0x0000037b   Thumb Code     2  startup_tm4c123.o(.text)
    USB0_Handler                             0x0000037d   Thumb Code     2  startup_tm4c123.o(.text)
    PWM0_3_Handler                           0x0000037f   Thumb Code     2  startup_tm4c123.o(.text)
    UDMA_Handler                             0x00000381   Thumb Code     2  startup_tm4c123.o(.text)
    UDMAERR_Handler                          0x00000383   Thumb Code     2  startup_tm4c123.o(.text)
    ADC1SS0_Handler                          0x00000385   Thumb Code     2  startup_tm4c123.o(.text)
    ADC1SS1_Handler                          0x00000387   Thumb Code     2  startup_tm4c123.o(.text)
    ADC1SS2_Handler                          0x00000389   Thumb Code     2  startup_tm4c123.o(.text)
    ADC1SS3_Handler                          0x0000038b   Thumb Code     2  startup_tm4c123.o(.text)
    GPIOJ_Handler                            0x0000038d   Thumb Code     2  startup_tm4c123.o(.text)
    GPIOK_Handler                            0x0000038f   Thumb Code     2  startup_tm4c123.o(.text)
    GPIOL_Handler                            0x00000391   Thumb Code     2  startup_tm4c123.o(.text)
    SSI2_Handler                             0x00000393   Thumb Code     2  startup_tm4c123.o(.text)
    SSI3_Handler                             0x00000395   Thumb Code     2  startup_tm4c123.o(.text)
    UART3_Handler                            0x00000397   Thumb Code     2  startup_tm4c123.o(.text)
    UART4_Handler                            0x00000399   Thumb Code     2  startup_tm4c123.o(.text)
    UART5_Handler                            0x0000039b   Thumb Code     2  startup_tm4c123.o(.text)
    UART6_Handler                            0x0000039d   Thumb Code     2  startup_tm4c123.o(.text)
    UART7_Handler                            0x0000039f   Thumb Code     2  startup_tm4c123.o(.text)
    I2C2_Handler                             0x000003a1   Thumb Code     2  startup_tm4c123.o(.text)
    I2C3_Handler                             0x000003a3   Thumb Code     2  startup_tm4c123.o(.text)
    TIMER4A_Handler                          0x000003a5   Thumb Code     2  startup_tm4c123.o(.text)
    TIMER4B_Handler                          0x000003a7   Thumb Code     2  startup_tm4c123.o(.text)
    TIMER5A_Handler                          0x000003a9   Thumb Code     2  startup_tm4c123.o(.text)
    TIMER5B_Handler                          0x000003ab   Thumb Code     2  startup_tm4c123.o(.text)
    WTIMER0A_Handler                         0x000003ad   Thumb Code     2  startup_tm4c123.o(.text)
    WTIMER0B_Handler                         0x000003af   Thumb Code     2  startup_tm4c123.o(.text)
    WTIMER1A_Handler                         0x000003b1   Thumb Code     2  startup_tm4c123.o(.text)
    WTIMER1B_Handler                         0x000003b3   Thumb Code     2  startup_tm4c123.o(.text)
    WTIMER2A_Handler                         0x000003b5   Thumb Code     2  startup_tm4c123.o(.text)
    WTIMER2B_Handler                         0x000003b7   Thumb Code     2  startup_tm4c123.o(.text)
    WTIMER3A_Handler                         0x000003b9   Thumb Code     2  startup_tm4c123.o(.text)
    WTIMER3B_Handler                         0x000003bb   Thumb Code     2  startup_tm4c123.o(.text)
    WTIMER4A_Handler                         0x000003bd   Thumb Code     2  startup_tm4c123.o(.text)
    WTIMER4B_Handler                         0x000003bf   Thumb Code     2  startup_tm4c123.o(.text)
    WTIMER5A_Handler                         0x000003c1   Thumb Code     2  startup_tm4c123.o(.text)
    WTIMER5B_Handler                         0x000003c3   Thumb Code     2  startup_tm4c123.o(.text)
    FPU_Handler                              0x000003c5   Thumb Code     2  startup_tm4c123.o(.text)
    I2C4_Handler                             0x000003c7   Thumb Code     2  startup_tm4c123.o(.text)
    I2C5_Handler                             0x000003c9   Thumb Code     2  startup_tm4c123.o(.text)
    GPIOM_Handler                            0x000003cb   Thumb Code     2  startup_tm4c123.o(.text)
    GPION_Handler                            0x000003cd   Thumb Code     2  startup_tm4c123.o(.text)
    QEI2_Handler                             0x000003cf   Thumb Code     2  startup_tm4c123.o(.text)
    GPIOP0_Handler                           0x000003d1   Thumb Code     2  startup_tm4c123.o(.text)
    GPIOP1_Handler                           0x000003d3   Thumb Code     2  startup_tm4c123.o(.text)
    GPIOP2_Handler                           0x000003d5   Thumb Code     2  startup_tm4c123.o(.text)
    GPIOP3_Handler                           0x000003d7   Thumb Code     2  startup_tm4c123.o(.text)
    GPIOP4_Handler                           0x000003d9   Thumb Code     2  startup_tm4c123.o(.text)
    GPIOP5_Handler                           0x000003db   Thumb Code     2  startup_tm4c123.o(.text)
    GPIOP6_Handler                           0x000003dd   Thumb Code     2  startup_tm4c123.o(.text)
    GPIOP7_Handler                           0x000003df   Thumb Code     2  startup_tm4c123.o(.text)
    GPIOQ0_Handler                           0x000003e1   Thumb Code     2  startup_tm4c123.o(.text)
    GPIOQ1_Handler                           0x000003e3   Thumb Code     2  startup_tm4c123.o(.text)
    GPIOQ2_Handler                           0x000003e5   Thumb Code     2  startup_tm4c123.o(.text)
    GPIOQ3_Handler                           0x000003e7   Thumb Code     2  startup_tm4c123.o(.text)
    GPIOQ4_Handler                           0x000003e9   Thumb Code     2  startup_tm4c123.o(.text)
    GPIOQ5_Handler                           0x000003eb   Thumb Code     2  startup_tm4c123.o(.text)
    GPIOQ6_Handler                           0x000003ed   Thumb Code     2  startup_tm4c123.o(.text)
    GPIOQ7_Handler                           0x000003ef   Thumb Code     2  startup_tm4c123.o(.text)
    GPIOR_Handler                            0x000003f1   Thumb Code     2  startup_tm4c123.o(.text)
    GPIOS_Handler                            0x000003f3   Thumb Code     2  startup_tm4c123.o(.text)
    PMW1_0_Handler                           0x000003f5   Thumb Code     2  startup_tm4c123.o(.text)
    PWM1_1_Handler                           0x000003f7   Thumb Code     2  startup_tm4c123.o(.text)
    PWM1_2_Handler                           0x000003f9   Thumb Code     2  startup_tm4c123.o(.text)
    PWM1_3_Handler                           0x000003fb   Thumb Code     2  startup_tm4c123.o(.text)
    PWM1_FAULT_Handler                       0x000003fd   Thumb Code     2  startup_tm4c123.o(.text)
    __user_initial_stackheap                 0x00000401   Thumb Code     0  startup_tm4c123.o(.text)
    __aeabi_memcpy                           0x00000421   Thumb Code     0  rt_memcpy_v6.o(.text)
    __rt_memcpy                              0x00000421   Thumb Code   138  rt_memcpy_v6.o(.text)
    _memcpy_lastbytes                        0x00000487   Thumb Code     0  rt_memcpy_v6.o(.text)
    __aeabi_memset4                          0x000004ab   Thumb Code    16  aeabi_memset4.o(.text)
    __aeabi_memset8                          0x000004ab   Thumb Code     0  aeabi_memset4.o(.text)
    __aeabi_memclr                           0x000004bb   Thumb Code     0  rt_memclr.o(.text)
    __rt_memclr                              0x000004bb   Thumb Code     0  rt_memclr.o(.text)
    _memset                                  0x000004bf   Thumb Code    64  rt_memclr.o(.text)
    __use_two_region_memory                  0x000004ff   Thumb Code     2  heapauxi.o(.text)
    __rt_heap_escrow$2region                 0x00000501   Thumb Code     2  heapauxi.o(.text)
    __rt_heap_expand$2region                 0x00000503   Thumb Code     2  heapauxi.o(.text)
    __aeabi_memcpy4                          0x00000505   Thumb Code     0  rt_memcpy_w.o(.text)
    __aeabi_memcpy8                          0x00000505   Thumb Code     0  rt_memcpy_w.o(.text)
    __rt_memcpy_w                            0x00000505   Thumb Code   100  rt_memcpy_w.o(.text)
    _memcpy_lastbytes_aligned                0x0000054d   Thumb Code     0  rt_memcpy_w.o(.text)
    __aeabi_memclr4                          0x00000569   Thumb Code     0  rt_memclr_w.o(.text)
    __aeabi_memclr8                          0x00000569   Thumb Code     0  rt_memclr_w.o(.text)
    __rt_memclr_w                            0x00000569   Thumb Code     0  rt_memclr_w.o(.text)
    _memset_w                                0x0000056d   Thumb Code    74  rt_memclr_w.o(.text)
    __user_setup_stackheap                   0x000005b7   Thumb Code    74  sys_stackheap_outer.o(.text)
    exit                                     0x00000601   Thumb Code    18  exit.o(.text)
    __user_libspace                          0x00000615   Thumb Code     8  libspace.o(.text)
    __user_perproc_libspace                  0x00000615   Thumb Code     0  libspace.o(.text)
    __user_perthread_libspace                0x00000615   Thumb Code     0  libspace.o(.text)
    GPIOB_Handler                            0x0000061d   Thumb Code   200  main.o(.text.GPIOB_Handler)
    GPIOD_Handler                            0x000006e5   Thumb Code   200  main.o(.text.GPIOD_Handler)
    GPIOE_Handler                            0x000007ad   Thumb Code   180  main.o(.text.GPIOE_Handler)
    GPIOF_Handler                            0x00000861   Thumb Code   116  main.o(.text.GPIOF_Handler)
    GateState_CompareAndSet                  0x00000a99   Thumb Code   116  main.o(.text.GateState_CompareAndSet)
    GateState_Get                            0x00000b0d   Thumb Code    66  main.o(.text.GateState_Get)
    GateState_Set                            0x00000b51   Thumb Code    66  main.o(.text.GateState_Set)
    Interrupt_Init                           0x00000bcd   Thumb Code   302  main.o(.text.Interrupt_Init)
    LED_AllOff                               0x00000cfd   Thumb Code    18  main.o(.text.LED_AllOff)
    SystemInit                               0x00000d55   Thumb Code   268  system_tm4c123.o(.text.SystemInit)
    _sys_exit                                0x00000e61   Thumb Code    10  retarget.o(.text._sys_exit)
    main                                     0x00000e6d   Thumb Code   270  main.o(.text.main)
    pvPortMalloc                             0x000021e5   Thumb Code   774  heap_4.o(.text.pvPortMalloc)
    pvTaskIncrementMutexHeldCount            0x000024ed   Thumb Code    36  tasks_1.o(.text.pvTaskIncrementMutexHeldCount)
    pxPortInitialiseStack                    0x00002511   Thumb Code    94  port.o(.text.pxPortInitialiseStack)
    uxListRemove                             0x00002571   Thumb Code    72  list.o(.text.uxListRemove)
    uxTaskGetNumberOfTasks                   0x000025b9   Thumb Code    12  tasks_1.o(.text.uxTaskGetNumberOfTasks)
    vApplicationGetIdleTaskMemory            0x000025c5   Thumb Code    42  tasks_1.o(.text.vApplicationGetIdleTaskMemory)
    vApplicationGetTimerTaskMemory           0x000025f1   Thumb Code    42  tasks_1.o(.text.vApplicationGetTimerTaskMemory)
    vApplicationStackOverflowHook            0x0000261d   Thumb Code    10  tasks.o(.text.vApplicationStackOverflowHook)
    vGateControlTask                         0x00002629   Thumb Code   728  tasks.o(.text.vGateControlTask)
    vInputTask                               0x00002901   Thumb Code   280  tasks.o(.text.vInputTask)
    vLEDTask                                 0x00002a19   Thumb Code   106  tasks.o(.text.vLEDTask)
    vListInitialise                          0x00002a85   Thumb Code    48  list.o(.text.vListInitialise)
    vListInitialiseItem                      0x00002ab5   Thumb Code    14  list.o(.text.vListInitialiseItem)
    vListInsert                              0x00002ac5   Thumb Code   120  list.o(.text.vListInsert)
    vPortEnterCritical                       0x00002b51   Thumb Code    86  port.o(.text.vPortEnterCritical)
    vPortExitCritical                        0x00002ba9   Thumb Code    74  port.o(.text.vPortExitCritical)
    vPortFree                                0x00002bf5   Thumb Code   290  heap_4.o(.text.vPortFree)
    vPortSVCHandler                          0x00002d19   Thumb Code    32  port.o(.text.vPortSVCHandler)
    vPortSetupTimerInterrupt                 0x00002d39   Thumb Code    46  port.o(.text.vPortSetupTimerInterrupt)
    vPortValidateInterruptPriority           0x00002d69   Thumb Code   132  port.o(.text.vPortValidateInterruptPriority)
    vQueueWaitForMessageRestricted           0x00002ded   Thumb Code   110  queue.o(.text.vQueueWaitForMessageRestricted)
    vSafetyTask                              0x00002e5d   Thumb Code    66  tasks.o(.text.vSafetyTask)
    vTaskDelay                               0x00002ea1   Thumb Code   120  tasks_1.o(.text.vTaskDelay)
    vTaskInternalSetTimeOutState             0x00002f19   Thumb Code    40  tasks_1.o(.text.vTaskInternalSetTimeOutState)
    vTaskMissedYield                         0x00002f41   Thumb Code    14  tasks_1.o(.text.vTaskMissedYield)
    vTaskPlaceOnEventList                    0x00002f51   Thumb Code    70  tasks_1.o(.text.vTaskPlaceOnEventList)
    vTaskPlaceOnEventListRestricted          0x00002f99   Thumb Code   134  tasks_1.o(.text.vTaskPlaceOnEventListRestricted)
    vTaskPriorityDisinheritAfterTimeout      0x00003021   Thumb Code   398  tasks_1.o(.text.vTaskPriorityDisinheritAfterTimeout)
    vTaskStartScheduler                      0x000031b1   Thumb Code   148  tasks_1.o(.text.vTaskStartScheduler)
    vTaskSuspendAll                          0x00003245   Thumb Code    16  tasks_1.o(.text.vTaskSuspendAll)
    vTaskSwitchContext                       0x00003255   Thumb Code   326  tasks_1.o(.text.vTaskSwitchContext)
    xPortPendSVHandler                       0x0000339d   Thumb Code    96  port.o(.text.xPortPendSVHandler)
    xPortStartScheduler                      0x000033fd   Thumb Code   492  port.o(.text.xPortStartScheduler)
    xQueueCreateMutex                        0x000035e9   Thumb Code    38  queue.o(.text.xQueueCreateMutex)
    xQueueGenericCreate                      0x00003611   Thumb Code   162  queue.o(.text.xQueueGenericCreate)
    xQueueGenericCreateStatic                0x000036b5   Thumb Code   200  queue.o(.text.xQueueGenericCreateStatic)
    xQueueGenericReset                       0x0000377d   Thumb Code   264  queue.o(.text.xQueueGenericReset)
    xQueueGenericSend                        0x00003885   Thumb Code   570  queue.o(.text.xQueueGenericSend)
    xQueueGenericSendFromISR                 0x00003ac1   Thumb Code   388  queue.o(.text.xQueueGenericSendFromISR)
    xQueueGiveFromISR                        0x00003c45   Thumb Code   348  queue.o(.text.xQueueGiveFromISR)
    xQueueReceive                            0x00003da1   Thumb Code   488  queue.o(.text.xQueueReceive)
    xQueueSemaphoreTake                      0x00003f89   Thumb Code   540  queue.o(.text.xQueueSemaphoreTake)
    xTaskCheckForTimeOut                     0x000041a5   Thumb Code   254  tasks_1.o(.text.xTaskCheckForTimeOut)
    xTaskCreate                              0x000042a5   Thumb Code    82  tasks_1.o(.text.xTaskCreate)
    xTaskCreateStatic                        0x000042f9   Thumb Code    92  tasks_1.o(.text.xTaskCreateStatic)
    xTaskGetSchedulerState                   0x00004355   Thumb Code    56  tasks_1.o(.text.xTaskGetSchedulerState)
    xTaskGetTickCount                        0x0000438d   Thumb Code    36  tasks_1.o(.text.xTaskGetTickCount)
    xTaskIncrementTick                       0x000043b1   Thumb Code   648  tasks_1.o(.text.xTaskIncrementTick)
    xTaskPriorityDisinherit                  0x00004639   Thumb Code   324  tasks_1.o(.text.xTaskPriorityDisinherit)
    xTaskPriorityInherit                     0x0000477d   Thumb Code   360  tasks_1.o(.text.xTaskPriorityInherit)
    xTaskRemoveFromEventList                 0x000048e5   Thumb Code   432  tasks_1.o(.text.xTaskRemoveFromEventList)
    xTaskResumeAll                           0x00004a95   Thumb Code   620  tasks_1.o(.text.xTaskResumeAll)
    xTimerCreateTimerTask                    0x00004d01   Thumb Code   148  timers.o(.text.xTimerCreateTimerTask)
    _fp_init                                 0x00004d95   Thumb Code    26  fpinit.o(x$fpl$fpinit)
    __fplib_config_fpu_vfp                   0x00004dad   Thumb Code     0  fpinit.o(x$fpl$fpinit)
    __fplib_config_pureend_doubles           0x00004dad   Thumb Code     0  fpinit.o(x$fpl$fpinit)
    Region$$Table$$Base                      0x00004dd8   Number         0  anon$$obj.o(Region$$Table)
    Region$$Table$$Limit                     0x00004df8   Number         0  anon$$obj.o(Region$$Table)
    __libspace_start                         0x20000008   Data          96  libspace.o(.bss)
    __temporary_stack_top$libspace           0x20000068   Data           0  libspace.o(.bss)
    gateState                                0x2000006a   Data           1  tasks.o(.bss.gateState)
    pxCurrentTCB                             0x200001f0   Data           4  tasks_1.o(.bss.pxCurrentTCB)
    xButtonQueue                             0x20001790   Data           4  tasks.o(.bss.xButtonQueue)
    xClosedLimitSem                          0x20001794   Data           4  tasks.o(.bss.xClosedLimitSem)
    xGateStateMutex                          0x200017cc   Data           4  tasks.o(.bss.xGateStateMutex)
    xObstacleSem                             0x200017ec   Data           4  tasks.o(.bss.xObstacleSem)
    xOpenLimitSem                            0x200017f0   Data           4  tasks.o(.bss.xOpenLimitSem)



==============================================================================

Memory Map of the image

  Image Entry point : 0x0000030d

  Load Region LR_1 (Base: 0x00000000, Size: 0x00004dfc, Max: 0xffffffff, ABSOLUTE)

    Execution Region ER_RO (Exec base: 0x00000000, Load base: 0x00000000, Size: 0x00004df8, Max: 0xffffffff, ABSOLUTE)

    Exec Addr    Load Addr    Size         Type   Attr      Idx    E Section Name        Object

    0x00000000   0x00000000   0x0000026c   Data   RO          133    RESET               startup_tm4c123.o
    0x0000026c   0x0000026c   0x00000008   Code   RO         1256  * !!!main             c_w.l(__main.o)
    0x00000274   0x00000274   0x00000034   Code   RO         1591    !!!scatter          c_w.l(__scatter.o)
    0x000002a8   0x000002a8   0x0000001a   Code   RO         1593    !!handler_copy      c_w.l(__scatter_copy.o)
    0x000002c2   0x000002c2   0x00000002   PAD
    0x000002c4   0x000002c4   0x0000001c   Code   RO         1595    !!handler_zi        c_w.l(__scatter_zi.o)
    0x000002e0   0x000002e0   0x00000002   Code   RO         1445    .ARM.Collect$$libinit$$00000000  c_w.l(libinit.o)
    0x000002e2   0x000002e2   0x00000004   Code   RO         1461    .ARM.Collect$$libinit$$00000001  c_w.l(libinit2.o)
    0x000002e6   0x000002e6   0x00000000   Code   RO         1464    .ARM.Collect$$libinit$$00000004  c_w.l(libinit2.o)
    0x000002e6   0x000002e6   0x00000000   Code   RO         1466    .ARM.Collect$$libinit$$00000006  c_w.l(libinit2.o)
    0x000002e6   0x000002e6   0x00000000   Code   RO         1469    .ARM.Collect$$libinit$$0000000C  c_w.l(libinit2.o)
    0x000002e6   0x000002e6   0x00000000   Code   RO         1471    .ARM.Collect$$libinit$$0000000E  c_w.l(libinit2.o)
    0x000002e6   0x000002e6   0x00000000   Code   RO         1473    .ARM.Collect$$libinit$$00000010  c_w.l(libinit2.o)
    0x000002e6   0x000002e6   0x00000000   Code   RO         1476    .ARM.Collect$$libinit$$00000013  c_w.l(libinit2.o)
    0x000002e6   0x000002e6   0x00000000   Code   RO         1478    .ARM.Collect$$libinit$$00000015  c_w.l(libinit2.o)
    0x000002e6   0x000002e6   0x00000000   Code   RO         1480    .ARM.Collect$$libinit$$00000017  c_w.l(libinit2.o)
    0x000002e6   0x000002e6   0x00000000   Code   RO         1482    .ARM.Collect$$libinit$$00000019  c_w.l(libinit2.o)
    0x000002e6   0x000002e6   0x00000000   Code   RO         1484    .ARM.Collect$$libinit$$0000001B  c_w.l(libinit2.o)
    0x000002e6   0x000002e6   0x00000000   Code   RO         1486    .ARM.Collect$$libinit$$0000001D  c_w.l(libinit2.o)
    0x000002e6   0x000002e6   0x00000000   Code   RO         1488    .ARM.Collect$$libinit$$0000001F  c_w.l(libinit2.o)
    0x000002e6   0x000002e6   0x00000000   Code   RO         1490    .ARM.Collect$$libinit$$00000021  c_w.l(libinit2.o)
    0x000002e6   0x000002e6   0x00000000   Code   RO         1492    .ARM.Collect$$libinit$$00000023  c_w.l(libinit2.o)
    0x000002e6   0x000002e6   0x00000000   Code   RO         1494    .ARM.Collect$$libinit$$00000025  c_w.l(libinit2.o)
    0x000002e6   0x000002e6   0x00000000   Code   RO         1496    .ARM.Collect$$libinit$$00000027  c_w.l(libinit2.o)
    0x000002e6   0x000002e6   0x00000000   Code   RO         1500    .ARM.Collect$$libinit$$0000002E  c_w.l(libinit2.o)
    0x000002e6   0x000002e6   0x00000000   Code   RO         1502    .ARM.Collect$$libinit$$00000030  c_w.l(libinit2.o)
    0x000002e6   0x000002e6   0x00000000   Code   RO         1504    .ARM.Collect$$libinit$$00000032  c_w.l(libinit2.o)
    0x000002e6   0x000002e6   0x00000000   Code   RO         1506    .ARM.Collect$$libinit$$00000034  c_w.l(libinit2.o)
    0x000002e6   0x000002e6   0x00000002   Code   RO         1507    .ARM.Collect$$libinit$$00000035  c_w.l(libinit2.o)
    0x000002e8   0x000002e8   0x00000002   Code   RO         1527    .ARM.Collect$$libshutdown$$00000000  c_w.l(libshutdown.o)
    0x000002ea   0x000002ea   0x00000000   Code   RO         1539    .ARM.Collect$$libshutdown$$00000002  c_w.l(libshutdown2.o)
    0x000002ea   0x000002ea   0x00000000   Code   RO         1541    .ARM.Collect$$libshutdown$$00000004  c_w.l(libshutdown2.o)
    0x000002ea   0x000002ea   0x00000000   Code   RO         1544    .ARM.Collect$$libshutdown$$00000007  c_w.l(libshutdown2.o)
    0x000002ea   0x000002ea   0x00000000   Code   RO         1547    .ARM.Collect$$libshutdown$$0000000A  c_w.l(libshutdown2.o)
    0x000002ea   0x000002ea   0x00000000   Code   RO         1549    .ARM.Collect$$libshutdown$$0000000C  c_w.l(libshutdown2.o)
    0x000002ea   0x000002ea   0x00000000   Code   RO         1552    .ARM.Collect$$libshutdown$$0000000F  c_w.l(libshutdown2.o)
    0x000002ea   0x000002ea   0x00000002   Code   RO         1553    .ARM.Collect$$libshutdown$$00000010  c_w.l(libshutdown2.o)
    0x000002ec   0x000002ec   0x00000000   Code   RO         1258    .ARM.Collect$$rtentry$$00000000  c_w.l(__rtentry.o)
    0x000002ec   0x000002ec   0x00000000   Code   RO         1363    .ARM.Collect$$rtentry$$00000002  c_w.l(__rtentry2.o)
    0x000002ec   0x000002ec   0x00000006   Code   RO         1375    .ARM.Collect$$rtentry$$00000004  c_w.l(__rtentry4.o)
    0x000002f2   0x000002f2   0x00000000   Code   RO         1365    .ARM.Collect$$rtentry$$00000009  c_w.l(__rtentry2.o)
    0x000002f2   0x000002f2   0x00000004   Code   RO         1366    .ARM.Collect$$rtentry$$0000000A  c_w.l(__rtentry2.o)
    0x000002f6   0x000002f6   0x00000000   Code   RO         1368    .ARM.Collect$$rtentry$$0000000C  c_w.l(__rtentry2.o)
    0x000002f6   0x000002f6   0x00000008   Code   RO         1369    .ARM.Collect$$rtentry$$0000000D  c_w.l(__rtentry2.o)
    0x000002fe   0x000002fe   0x00000002   Code   RO         1454    .ARM.Collect$$rtexit$$00000000  c_w.l(rtexit.o)
    0x00000300   0x00000300   0x00000000   Code   RO         1509    .ARM.Collect$$rtexit$$00000002  c_w.l(rtexit2.o)
    0x00000300   0x00000300   0x00000004   Code   RO         1510    .ARM.Collect$$rtexit$$00000003  c_w.l(rtexit2.o)
    0x00000304   0x00000304   0x00000006   Code   RO         1511    .ARM.Collect$$rtexit$$00000004  c_w.l(rtexit2.o)
    0x0000030a   0x0000030a   0x00000002   PAD
    0x0000030c   0x0000030c   0x00000114   Code   RO          134  * .text               startup_tm4c123.o
    0x00000420   0x00000420   0x0000008a   Code   RO         1246    .text               c_w.l(rt_memcpy_v6.o)
    0x000004aa   0x000004aa   0x00000010   Code   RO         1248    .text               c_w.l(aeabi_memset4.o)
    0x000004ba   0x000004ba   0x00000044   Code   RO         1250    .text               c_w.l(rt_memclr.o)
    0x000004fe   0x000004fe   0x00000006   Code   RO         1254    .text               c_w.l(heapauxi.o)
    0x00000504   0x00000504   0x00000064   Code   RO         1350    .text               c_w.l(rt_memcpy_w.o)
    0x00000568   0x00000568   0x0000004e   Code   RO         1352    .text               c_w.l(rt_memclr_w.o)
    0x000005b6   0x000005b6   0x0000004a   Code   RO         1397    .text               c_w.l(sys_stackheap_outer.o)
    0x00000600   0x00000600   0x00000012   Code   RO         1438    .text               c_w.l(exit.o)
    0x00000612   0x00000612   0x00000002   PAD
    0x00000614   0x00000614   0x00000008   Code   RO         1451    .text               c_w.l(libspace.o)
    0x0000061c   0x0000061c   0x000000c8   Code   RO           20    .text.GPIOB_Handler  main.o
    0x000006e4   0x000006e4   0x000000c8   Code   RO           24    .text.GPIOD_Handler  main.o
    0x000007ac   0x000007ac   0x000000b4   Code   RO           26    .text.GPIOE_Handler  main.o
    0x00000860   0x00000860   0x00000074   Code   RO           18    .text.GPIOF_Handler  main.o
    0x000008d4   0x000008d4   0x000001c2   Code   RO           30    .text.GPIO_Init     main.o
    0x00000a96   0x00000a96   0x00000002   PAD
    0x00000a98   0x00000a98   0x00000074   Code   RO           12    .text.GateState_CompareAndSet  main.o
    0x00000b0c   0x00000b0c   0x00000042   Code   RO           10    .text.GateState_Get  main.o
    0x00000b4e   0x00000b4e   0x00000002   PAD
    0x00000b50   0x00000b50   0x00000042   Code   RO            8    .text.GateState_Set  main.o
    0x00000b92   0x00000b92   0x00000002   PAD
    0x00000b94   0x00000b94   0x00000036   Code   RO           16    .text.ISR_ConfigPort  main.o
    0x00000bca   0x00000bca   0x00000002   PAD
    0x00000bcc   0x00000bcc   0x0000012e   Code   RO           14    .text.Interrupt_Init  main.o
    0x00000cfa   0x00000cfa   0x00000002   PAD
    0x00000cfc   0x00000cfc   0x00000012   Code   RO            4    .text.LED_AllOff    main.o
    0x00000d0e   0x00000d0e   0x00000002   PAD
    0x00000d10   0x00000d10   0x00000042   Code   RO           22    .text.QueueEventFromISR  main.o
    0x00000d52   0x00000d52   0x00000002   PAD
    0x00000d54   0x00000d54   0x0000010c   Code   RO          145    .text.SystemInit    system_tm4c123.o
    0x00000e60   0x00000e60   0x0000000a   Code   RO           68    .text._sys_exit     retarget.o
    0x00000e6a   0x00000e6a   0x00000002   PAD
    0x00000e6c   0x00000e6c   0x0000010e   Code   RO           28    .text.main          main.o
    0x00000f7a   0x00000f7a   0x00000002   PAD
    0x00000f7c   0x00000f7c   0x0000012c   Code   RO         1026    .text.prvAddCurrentTaskToDelayedList  tasks_1.o
    0x000010a8   0x000010a8   0x0000016a   Code   RO         1010    .text.prvAddNewTaskToReadyList  tasks_1.o
    0x00001212   0x00001212   0x00000002   PAD
    0x00001214   0x00001214   0x0000007e   Code   RO         1170    .text.prvCheckForValidListAndQueue  timers.o
    0x00001292   0x00001292   0x00000002   PAD
    0x00001294   0x00001294   0x0000005a   Code   RO         1058    .text.prvCheckTasksWaitingTermination  tasks_1.o
    0x000012ee   0x000012ee   0x00000002   PAD
    0x000012f0   0x000012f0   0x00000042   Code   RO          969    .text.prvCopyDataFromQueue  queue.o
    0x00001332   0x00001332   0x00000002   PAD
    0x00001334   0x00001334   0x000000cc   Code   RO          957    .text.prvCopyDataToQueue  queue.o
    0x00001400   0x00001400   0x000000d8   Code   RO         1054    .text.prvCreateIdleTasks  tasks_1.o
    0x000014d8   0x000014d8   0x000000d4   Code   RO         1008    .text.prvCreateStaticTask  tasks_1.o
    0x000015ac   0x000015ac   0x0000008e   Code   RO         1014    .text.prvCreateTask  tasks_1.o
    0x0000163a   0x0000163a   0x00000002   PAD
    0x0000163c   0x0000163c   0x0000005e   Code   RO         1020    .text.prvDeleteTCB  tasks_1.o
    0x0000169a   0x0000169a   0x00000002   PAD
    0x0000169c   0x0000169c   0x00000026   Code   RO          973    .text.prvGetHighestPriorityOfWaitToReceiveList  queue.o
    0x000016c2   0x000016c2   0x00000002   PAD
    0x000016c4   0x000016c4   0x00000048   Code   RO         1208    .text.prvGetNextExpireTime  timers.o
    0x0000170c   0x0000170c   0x000000aa   Code   RO          895    .text.prvHeapInit   heap_4.o
    0x000017b6   0x000017b6   0x00000002   PAD
    0x000017b8   0x000017b8   0x00000038   Code   RO         1132    .text.prvIdleTask   tasks_1.o
    0x000017f0   0x000017f0   0x00000030   Code   RO          941    .text.prvInitialiseMutex  queue.o
    0x00001820   0x00001820   0x0000003e   Code   RO          933    .text.prvInitialiseNewQueue  queue.o
    0x0000185e   0x0000185e   0x00000002   PAD
    0x00001860   0x00001860   0x0000012e   Code   RO         1128    .text.prvInitialiseNewTask  tasks_1.o
    0x0000198e   0x0000198e   0x00000002   PAD
    0x00001990   0x00001990   0x0000008e   Code   RO         1130    .text.prvInitialiseTaskLists  tasks_1.o
    0x00001a1e   0x00001a1e   0x00000002   PAD
    0x00001a20   0x00001a20   0x00000124   Code   RO          899    .text.prvInsertBlockIntoFreeList  heap_4.o
    0x00001b44   0x00001b44   0x000000be   Code   RO         1222    .text.prvInsertTimerInActiveList  timers.o
    0x00001c02   0x00001c02   0x00000002   PAD
    0x00001c04   0x00001c04   0x00000028   Code   RO          971    .text.prvIsQueueEmpty  queue.o
    0x00001c2c   0x00001c2c   0x0000002e   Code   RO          959    .text.prvIsQueueFull  queue.o
    0x00001c5a   0x00001c5a   0x00000002   PAD
    0x00001c5c   0x00001c5c   0x00000028   Code   RO          871    .text.prvPortStartFirstTask  port.o
    0x00001c84   0x00001c84   0x00000068   Code   RO         1216    .text.prvProcessExpiredTimer  timers.o
    0x00001cec   0x00001cec   0x000001be   Code   RO         1212    .text.prvProcessReceivedCommands  timers.o
    0x00001eaa   0x00001eaa   0x00000002   PAD
    0x00001eac   0x00001eac   0x000000bc   Code   RO         1210    .text.prvProcessTimerOrBlockTask  timers.o
    0x00001f68   0x00001f68   0x00000066   Code   RO         1220    .text.prvReloadTimer  timers.o
    0x00001fce   0x00001fce   0x00000002   PAD
    0x00001fd0   0x00001fd0   0x00000042   Code   RO         1018    .text.prvResetNextTaskUnblockTime  tasks_1.o
    0x00002012   0x00002012   0x00000002   PAD
    0x00002014   0x00002014   0x00000052   Code   RO         1214    .text.prvSampleTimeNow  timers.o
    0x00002066   0x00002066   0x00000002   PAD
    0x00002068   0x00002068   0x0000005a   Code   RO         1218    .text.prvSwitchTimerLists  timers.o
    0x000020c2   0x000020c2   0x00000002   PAD
    0x000020c4   0x000020c4   0x0000004c   Code   RO          859    .text.prvTaskExitError  port.o
    0x00002110   0x00002110   0x00000022   Code   RO         1172    .text.prvTimerTask  timers.o
    0x00002132   0x00002132   0x00000002   PAD
    0x00002134   0x00002134   0x000000ae   Code   RO          961    .text.prvUnlockQueue  queue.o
    0x000021e2   0x000021e2   0x00000002   PAD
    0x000021e4   0x000021e4   0x00000306   Code   RO          893    .text.pvPortMalloc  heap_4.o
    0x000024ea   0x000024ea   0x00000002   PAD
    0x000024ec   0x000024ec   0x00000024   Code   RO         1106    .text.pvTaskIncrementMutexHeldCount  tasks_1.o
    0x00002510   0x00002510   0x0000005e   Code   RO          857    .text.pxPortInitialiseStack  port.o
    0x0000256e   0x0000256e   0x00000002   PAD
    0x00002570   0x00002570   0x00000048   Code   RO          848    .text.uxListRemove  list.o
    0x000025b8   0x000025b8   0x0000000c   Code   RO         1066    .text.uxTaskGetNumberOfTasks  tasks_1.o
    0x000025c4   0x000025c4   0x0000002a   Code   RO         1122    .text.vApplicationGetIdleTaskMemory  tasks_1.o
    0x000025ee   0x000025ee   0x00000002   PAD
    0x000025f0   0x000025f0   0x0000002a   Code   RO         1124    .text.vApplicationGetTimerTaskMemory  tasks_1.o
    0x0000261a   0x0000261a   0x00000002   PAD
    0x0000261c   0x0000261c   0x0000000a   Code   RO           77    .text.vApplicationStackOverflowHook  tasks.o
    0x00002626   0x00002626   0x00000002   PAD
    0x00002628   0x00002628   0x000002d8   Code   RO           81    .text.vGateControlTask  tasks.o
    0x00002900   0x00002900   0x00000118   Code   RO           79    .text.vInputTask    tasks.o
    0x00002a18   0x00002a18   0x0000006a   Code   RO           85    .text.vLEDTask      tasks.o
    0x00002a82   0x00002a82   0x00000002   PAD
    0x00002a84   0x00002a84   0x00000030   Code   RO          840    .text.vListInitialise  list.o
    0x00002ab4   0x00002ab4   0x0000000e   Code   RO          842    .text.vListInitialiseItem  list.o
    0x00002ac2   0x00002ac2   0x00000002   PAD
    0x00002ac4   0x00002ac4   0x00000078   Code   RO          846    .text.vListInsert   list.o
    0x00002b3c   0x00002b3c   0x00000014   Code   RO          869    .text.vPortEnableVFP  port.o
    0x00002b50   0x00002b50   0x00000056   Code   RO          875    .text.vPortEnterCritical  port.o
    0x00002ba6   0x00002ba6   0x00000002   PAD
    0x00002ba8   0x00002ba8   0x0000004a   Code   RO          877    .text.vPortExitCritical  port.o
    0x00002bf2   0x00002bf2   0x00000002   PAD
    0x00002bf4   0x00002bf4   0x00000122   Code   RO          897    .text.vPortFree     heap_4.o
    0x00002d16   0x00002d16   0x00000002   PAD
    0x00002d18   0x00002d18   0x00000020   Code   RO          861    .text.vPortSVCHandler  port.o
    0x00002d38   0x00002d38   0x0000002e   Code   RO          867    .text.vPortSetupTimerInterrupt  port.o
    0x00002d66   0x00002d66   0x00000002   PAD
    0x00002d68   0x00002d68   0x00000084   Code   RO          881    .text.vPortValidateInterruptPriority  port.o
    0x00002dec   0x00002dec   0x0000006e   Code   RO          997    .text.vQueueWaitForMessageRestricted  queue.o
    0x00002e5a   0x00002e5a   0x00000002   PAD
    0x00002e5c   0x00002e5c   0x00000042   Code   RO           83    .text.vSafetyTask   tasks.o
    0x00002e9e   0x00002e9e   0x00000002   PAD
    0x00002ea0   0x00002ea0   0x00000078   Code   RO         1030    .text.vTaskDelay    tasks_1.o
    0x00002f18   0x00002f18   0x00000028   Code   RO         1086    .text.vTaskInternalSetTimeOutState  tasks_1.o
    0x00002f40   0x00002f40   0x0000000e   Code   RO         1090    .text.vTaskMissedYield  tasks_1.o
    0x00002f4e   0x00002f4e   0x00000002   PAD
    0x00002f50   0x00002f50   0x00000046   Code   RO         1074    .text.vTaskPlaceOnEventList  tasks_1.o
    0x00002f96   0x00002f96   0x00000002   PAD
    0x00002f98   0x00002f98   0x00000086   Code   RO         1078    .text.vTaskPlaceOnEventListRestricted  tasks_1.o
    0x0000301e   0x0000301e   0x00000002   PAD
    0x00003020   0x00003020   0x0000018e   Code   RO         1102    .text.vTaskPriorityDisinheritAfterTimeout  tasks_1.o
    0x000031ae   0x000031ae   0x00000002   PAD
    0x000031b0   0x000031b0   0x00000094   Code   RO         1052    .text.vTaskStartScheduler  tasks_1.o
    0x00003244   0x00003244   0x00000010   Code   RO         1024    .text.vTaskSuspendAll  tasks_1.o
    0x00003254   0x00003254   0x00000146   Code   RO         1044    .text.vTaskSwitchContext  tasks_1.o
    0x0000339a   0x0000339a   0x00000002   PAD
    0x0000339c   0x0000339c   0x00000060   Code   RO          865    .text.xPortPendSVHandler  port.o
    0x000033fc   0x000033fc   0x000001ec   Code   RO          863    .text.xPortStartScheduler  port.o
    0x000035e8   0x000035e8   0x00000026   Code   RO          939    .text.xQueueCreateMutex  queue.o
    0x0000360e   0x0000360e   0x00000002   PAD
    0x00003610   0x00003610   0x000000a2   Code   RO          937    .text.xQueueGenericCreate  queue.o
    0x000036b2   0x000036b2   0x00000002   PAD
    0x000036b4   0x000036b4   0x000000c8   Code   RO          931    .text.xQueueGenericCreateStatic  queue.o
    0x0000377c   0x0000377c   0x00000108   Code   RO          929    .text.xQueueGenericReset  queue.o
    0x00003884   0x00003884   0x0000023a   Code   RO          947    .text.xQueueGenericSend  queue.o
    0x00003abe   0x00003abe   0x00000002   PAD
    0x00003ac0   0x00003ac0   0x00000184   Code   RO          963    .text.xQueueGenericSendFromISR  queue.o
    0x00003c44   0x00003c44   0x0000015c   Code   RO          965    .text.xQueueGiveFromISR  queue.o
    0x00003da0   0x00003da0   0x000001e8   Code   RO          967    .text.xQueueReceive  queue.o
    0x00003f88   0x00003f88   0x0000021c   Code   RO          951    .text.xQueueSemaphoreTake  queue.o
    0x000041a4   0x000041a4   0x000000fe   Code   RO         1088    .text.xTaskCheckForTimeOut  tasks_1.o
    0x000042a2   0x000042a2   0x00000002   PAD
    0x000042a4   0x000042a4   0x00000052   Code   RO         1012    .text.xTaskCreate   tasks_1.o
    0x000042f6   0x000042f6   0x00000002   PAD
    0x000042f8   0x000042f8   0x0000005c   Code   RO         1006    .text.xTaskCreateStatic  tasks_1.o
    0x00004354   0x00004354   0x00000038   Code   RO         1096    .text.xTaskGetSchedulerState  tasks_1.o
    0x0000438c   0x0000438c   0x00000024   Code   RO         1062    .text.xTaskGetTickCount  tasks_1.o
    0x000043b0   0x000043b0   0x00000288   Code   RO         1060    .text.xTaskIncrementTick  tasks_1.o
    0x00004638   0x00004638   0x00000144   Code   RO         1100    .text.xTaskPriorityDisinherit  tasks_1.o
    0x0000477c   0x0000477c   0x00000168   Code   RO         1098    .text.xTaskPriorityInherit  tasks_1.o
    0x000048e4   0x000048e4   0x000001b0   Code   RO         1080    .text.xTaskRemoveFromEventList  tasks_1.o
    0x00004a94   0x00004a94   0x0000026c   Code   RO         1028    .text.xTaskResumeAll  tasks_1.o
    0x00004d00   0x00004d00   0x00000094   Code   RO         1168    .text.xTimerCreateTimerTask  timers.o
    0x00004d94   0x00004d94   0x0000001a   Code   RO         1519    x$fpl$fpinit        fz_wm.l(fpinit.o)
    0x00004dae   0x00004dae   0x00000016   Data   RO           32    .rodata.str1.1      main.o
    0x00004dc4   0x00004dc4   0x00000005   Data   RO         1160    .rodata.str1.1      tasks_1.o
    0x00004dc9   0x00004dc9   0x00000008   Data   RO         1225    .rodata.str1.1      timers.o
    0x00004dd1   0x00004dd1   0x00000003   PAD
    0x00004dd4   0x00004dd4   0x00000004   Data   RO         1149    .rodata.uxTopUsedPriority  tasks_1.o
    0x00004dd8   0x00004dd8   0x00000020   Data   RO         1590    Region$$Table       anon$$obj.o


    Execution Region ER_RW (Exec base: 0x20000000, Load base: 0x00004df8, Size: 0x00000004, Max: 0xffffffff, ABSOLUTE)

    Exec Addr    Load Addr    Size         Type   Attr      Idx    E Section Name        Object

    0x20000000   0x00004df8   0x00000004   Data   RW          885    .data.uxCriticalNesting  port.o


    Execution Region ER_ZI (Exec base: 0x20000008, Load base: 0x00004dfc, Size: 0x00001a68, Max: 0xffffffff, ABSOLUTE)

    Exec Addr    Load Addr    Size         Type   Attr      Idx    E Section Name        Object

    0x20000008        -       0x00000060   Zero   RW         1452    .bss                c_w.l(libspace.o)
    0x20000068        -       0x00000001   Zero   RW           91    .bss.bAutoMode      tasks.o
    0x20000069        -       0x00000001   Zero   RW           90    .bss.bSecurityActive  tasks.o
    0x2000006a        -       0x00000001   Zero   RW           87    .bss.gateState      tasks.o
    0x2000006b   0x00004dfc   0x00000005   PAD
    0x20000070        -       0x00000038   Zero   RW           89    .bss.pressTime      tasks.o
    0x200000a8        -       0x000000f0   Zero   RW         1233    .bss.prvCheckForValidListAndQueue.ucStaticTimerQueueStorage  timers.o
    0x20000198        -       0x00000050   Zero   RW         1232    .bss.prvCheckForValidListAndQueue.xStaticTimerQueue  timers.o
    0x200001e8        -       0x00000008   Zero   RW         1229    .bss.prvSampleTimeNow.xLastTime  timers.o
    0x200001f0        -       0x00000004   Zero   RW         1134    .bss.pxCurrentTCB   tasks_1.o
    0x200001f4        -       0x00000004   Zero   RW         1227    .bss.pxCurrentTimerList  timers.o
    0x200001f8        -       0x00000004   Zero   RW         1151    .bss.pxDelayedTaskList  tasks_1.o
    0x200001fc        -       0x00000004   Zero   RW          915    .bss.pxEnd          heap_4.o
    0x20000200        -       0x00000004   Zero   RW         1152    .bss.pxOverflowDelayedTaskList  tasks_1.o
    0x20000204        -       0x00000004   Zero   RW         1228    .bss.pxOverflowTimerList  timers.o
    0x20000208        -       0x00000078   Zero   RW         1142    .bss.pxReadyTasksLists  tasks_1.o
    0x20000280        -       0x00001000   Zero   RW          918    .bss.ucHeap         heap_4.o
    0x20001280        -       0x00000001   Zero   RW          883    .bss.ucMaxSysCallPriority  port.o
    0x20001281   0x00004dfc   0x00000003   PAD
    0x20001284        -       0x00000004   Zero   RW          884    .bss.ulMaxPRIGROUPValue  port.o
    0x20001288        -       0x00000004   Zero   RW         1139    .bss.uxCurrentNumberOfTasks  tasks_1.o
    0x2000128c        -       0x00000004   Zero   RW         1138    .bss.uxDeletedTasksWaitingCleanUp  tasks_1.o
    0x20001290        -       0x00000004   Zero   RW         1140    .bss.uxSchedulerSuspended  tasks_1.o
    0x20001294        -       0x00000004   Zero   RW         1135    .bss.uxTaskNumber   tasks_1.o
    0x20001298        -       0x00000004   Zero   RW         1143    .bss.uxTopReadyPriority  tasks_1.o
    0x2000129c        -       0x00000200   Zero   RW         1155    .bss.vApplicationGetIdleTaskMemory.uxIdleTaskStack  tasks_1.o
    0x2000149c   0x00004dfc   0x00000004   PAD
    0x200014a0        -       0x00000060   Zero   RW         1154    .bss.vApplicationGetIdleTaskMemory.xIdleTaskTCB  tasks_1.o
    0x20001500        -       0x00000200   Zero   RW         1157    .bss.vApplicationGetTimerTaskMemory.uxTimerTaskStack  tasks_1.o
    0x20001700        -       0x00000060   Zero   RW         1156    .bss.vApplicationGetTimerTaskMemory.xTimerTaskTCB  tasks_1.o
    0x20001760        -       0x00000018   Zero   RW         1230    .bss.xActiveTimerList1  timers.o
    0x20001778        -       0x00000018   Zero   RW         1231    .bss.xActiveTimerList2  timers.o
    0x20001790        -       0x00000004   Zero   RW           88    .bss.xButtonQueue   tasks.o
    0x20001794        -       0x00000004   Zero   RW           93    .bss.xClosedLimitSem  tasks.o
    0x20001798        -       0x00000018   Zero   RW         1158    .bss.xDelayedTaskList1  tasks_1.o
    0x200017b0        -       0x00000018   Zero   RW         1159    .bss.xDelayedTaskList2  tasks_1.o
    0x200017c8        -       0x00000004   Zero   RW          916    .bss.xFreeBytesRemaining  heap_4.o
    0x200017cc        -       0x00000004   Zero   RW           95    .bss.xGateStateMutex  tasks.o
    0x200017d0        -       0x00000004   Zero   RW         1148    .bss.xIdleTaskHandles  tasks_1.o
    0x200017d4        -       0x00000004   Zero   RW          919    .bss.xMinimumEverFreeBytesRemaining  heap_4.o
    0x200017d8        -       0x00000008   Zero   RW         1147    .bss.xNextTaskUnblockTime  tasks_1.o
    0x200017e0        -       0x00000004   Zero   RW         1153    .bss.xNumOfOverflows  tasks_1.o
    0x200017e4        -       0x00000004   Zero   RW          920    .bss.xNumberOfSuccessfulAllocations  heap_4.o
    0x200017e8        -       0x00000004   Zero   RW          921    .bss.xNumberOfSuccessfulFrees  heap_4.o
    0x200017ec        -       0x00000004   Zero   RW           94    .bss.xObstacleSem   tasks.o
    0x200017f0        -       0x00000004   Zero   RW           92    .bss.xOpenLimitSem  tasks.o
    0x200017f4   0x00004dfc   0x00000004   PAD
    0x200017f8        -       0x00000008   Zero   RW         1150    .bss.xPendedTicks   tasks_1.o
    0x20001800        -       0x00000018   Zero   RW         1146    .bss.xPendingReadyList  tasks_1.o
    0x20001818        -       0x00000004   Zero   RW         1136    .bss.xSchedulerRunning  tasks_1.o
    0x2000181c        -       0x00000008   Zero   RW          917    .bss.xStart         heap_4.o
    0x20001824   0x00004dfc   0x00000004   PAD
    0x20001828        -       0x00000018   Zero   RW         1144    .bss.xSuspendedTaskList  tasks_1.o
    0x20001840        -       0x00000018   Zero   RW         1137    .bss.xTasksWaitingTermination  tasks_1.o
    0x20001858        -       0x00000008   Zero   RW         1141    .bss.xTickCount     tasks_1.o
    0x20001860        -       0x00000004   Zero   RW         1224    .bss.xTimerQueue    timers.o
    0x20001864        -       0x00000004   Zero   RW         1226    .bss.xTimerTaskHandle  timers.o
    0x20001868        -       0x00000004   Zero   RW         1145    .bss.xYieldPendings  tasks_1.o
    0x2000186c   0x00004dfc   0x00000004   PAD
    0x20001870        -       0x00000000   Zero   RW          132    HEAP                startup_tm4c123.o
    0x20001870        -       0x00000200   Zero   RW          131    STACK               startup_tm4c123.o


==============================================================================

Image component sizes


      Code (inc. data)   RO Data    RW Data    ZI Data      Debug   Object Name

      1526          0          0          0       4124       5483   heap_4.o
       254          0          0          0          0       2396   list.o
      2104          0         22          0          0       4342   main.o
      1188         16          0          4          5       4224   port.o
      3786          0          0          0          0      16576   queue.o
        10          0          0          0          0       1761   retarget.o
       276         24        620          0        512       5508   startup_tm4c123.o
       268          0          0          0          0       6830   system_tm4c123.o
      1190          6          0          0         79       3485   tasks.o
      6284          0          9          0       1528      27334   tasks_1.o
      1582         10          8          0        392      11235   timers.o

    ----------------------------------------------------------------------
     18572         56        694          4       6664      89174   Object Totals
         0          0         32          0          0          0   (incl. Generated)
       104          0          3          0         24          0   (incl. Padding)

    ----------------------------------------------------------------------

      Code (inc. data)   RO Data    RW Data    ZI Data      Debug   Library Member Name

         8          0          0          0          0         68   __main.o
         0          0          0          0          0          0   __rtentry.o
        12          0          0          0          0          0   __rtentry2.o
         6          0          0          0          0          0   __rtentry4.o
        52          8          0          0          0          0   __scatter.o
        26          0          0          0          0          0   __scatter_copy.o
        28          0          0          0          0          0   __scatter_zi.o
        16          0          0          0          0         68   aeabi_memset4.o
        18          0          0          0          0         80   exit.o
         6          0          0          0          0        152   heapauxi.o
         2          0          0          0          0          0   libinit.o
         6          0          0          0          0          0   libinit2.o
         2          0          0          0          0          0   libshutdown.o
         2          0          0          0          0          0   libshutdown2.o
         8          4          0          0         96         68   libspace.o
        68          0          0          0          0         68   rt_memclr.o
        78          0          0          0          0         80   rt_memclr_w.o
       138          0          0          0          0         68   rt_memcpy_v6.o
       100          0          0          0          0         80   rt_memcpy_w.o
         2          0          0          0          0          0   rtexit.o
        10          0          0          0          0          0   rtexit2.o
        74          0          0          0          0         80   sys_stackheap_outer.o
        26          0          0          0          0        116   fpinit.o

    ----------------------------------------------------------------------
       694         12          0          0         96        928   Library Totals
         6          0          0          0          0          0   (incl. Padding)

    ----------------------------------------------------------------------

      Code (inc. data)   RO Data    RW Data    ZI Data      Debug   Library Name

       662         12          0          0         96        812   c_w.l
        26          0          0          0          0        116   fz_wm.l

    ----------------------------------------------------------------------
       694         12          0          0         96        928   Library Totals

    ----------------------------------------------------------------------

==============================================================================


      Code (inc. data)   RO Data    RW Data    ZI Data      Debug   

     19266         68        694          4       6760      89610   Grand Totals
     19266         68        694          4       6760      89610   ELF Image Totals
     19266         68        694          4          0          0   ROM Totals

==============================================================================

    Total RO  Size (Code + RO Data)                19960 (  19.49kB)
    Total RW  Size (RW Data + ZI Data)              6764 (   6.61kB)
    Total ROM Size (Code + RO Data + RW Data)      19964 (  19.50kB)

==============================================================================

